162.158.63.6 - - [20/Jul/2017:20:04:49 +0000] "GET / HTTP/1.1" 200 14501 "-" "Mozilla/5.0 (X11; Linux x86_64) AppleWebKit/537.36 (KHTML, like Gecko) Chrome/43.0.2357.134 Safari/537.36 http://notifyninja.com/monitoring"
139.162.124.167 - - [20/Jul/2017:20:05:18 +0000] "GET / HTTP/1.1" 301 515 "-" "Mozilla/5.0"
162.158.6.108 - - [20/Jul/2017:20:11:42 +0000] "GET / HTTP/1.1" 301 554 "-" "WHR"
108.162.245.42 - - [20/Jul/2017:20:11:39 +0000] "GET /jaufez/hermitish/14892-26594/dyscrystalline-lutrine/gastrorrhagia.shtm HTTP/1.1" 200 16318 "-" "Mozilla/5.0 (compatible; Googlebot/2.1; +http://www.google.com/bot.html)"
141.101.105.242 - - [20/Jul/2017:20:15:19 +0000] "GET /artikel_detail/17 HTTP/1.1" 301 600 "-" "Mozilla/5.0 (compatible; AhrefsBot/5.2; +http://ahrefs.com/robot/)"
162.158.6.42 - - [20/Jul/2017:20:16:42 +0000] "GET / HTTP/1.1" 301 566 "-" "WHR"
108.162.246.25 - - [20/Jul/2017:20:16:40 +0000] "GET /artikel/7 HTTP/1.1" 200 15267 "-" "Mozilla/5.0 (compatible; Googlebot/2.1; +http://www.google.com/bot.html)"
108.162.246.115 - - [20/Jul/2017:20:16:45 +0000] "GET /cuprimer_detail/31 HTTP/1.1" 200 15714 "-" "Mozilla/5.0 (compatible; Googlebot/2.1; +http://www.google.com/bot.html)"
162.158.6.108 - - [20/Jul/2017:20:21:42 +0000] "GET / HTTP/1.1" 301 554 "-" "WHR"
108.162.245.240 - - [20/Jul/2017:20:21:40 +0000] "GET / HTTP/1.1" 200 14687 "-" "Mozilla/5.0 (Linux; Android 6.0.1; Nexus 5X Build/MMB29P) AppleWebKit/537.36 (KHTML, like Gecko) Chrome/41.0.2272.96 Mobile Safari/537.36 (compatible; Googlebot/2.1; +http://www.google.com/bot.html)"
108.162.246.229 - - [20/Jul/2017:20:26:50 +0000] "GET /jaufez/hermitish/14892-21894/cremorne-lutrine/gastrorrhagia.shtm HTTP/1.1" 301 694 "-" "Mozilla/5.0 (compatible; Googlebot/2.1; +http://www.google.com/bot.html)"
162.158.6.108 - - [20/Jul/2017:20:26:53 +0000] "GET / HTTP/1.1" 301 554 "-" "WHR"
108.162.246.253 - - [20/Jul/2017:20:26:51 +0000] "GET /jaufez/hermitish/14892-10778/dyscrystalline-lutrine/gastrorrhagia.shtm HTTP/1.1" 200 16703 "-" "Mozilla/5.0 (compatible; Googlebot/2.1; +http://www.google.com/bot.html)"
162.158.6.42 - - [20/Jul/2017:20:26:55 +0000] "GET / HTTP/1.1" 301 566 "-" "WHR"
108.162.246.229 - - [20/Jul/2017:20:26:53 +0000] "GET /jaufez/hermitish/14892-21894/cremorne-lutrine/gastrorrhagia.shtm HTTP/1.0" 200 15170 "-" "Mozilla/5.0 (compatible; Googlebot/2.1; +http://www.google.com/bot.html)"
108.162.245.12 - - [20/Jul/2017:20:27:00 +0000] "GET /jaufez/hermitish/14892-11292/fastuously-lutrine/gastrorrhagia.shtm HTTP/1.1" 301 698 "-" "Mozilla/5.0 (compatible; Googlebot/2.1; +http://www.google.com/bot.html)"
108.162.245.12 - - [20/Jul/2017:20:27:01 +0000] "GET /jaufez/hermitish/14892-11292/fastuously-lutrine/gastrorrhagia.shtm HTTP/1.0" 200 16611 "-" "Mozilla/5.0 (compatible; Googlebot/2.1; +http://www.google.com/bot.html)"
139.162.108.53 - - [20/Jul/2017:20:29:54 +0000] "GET / HTTP/1.1" 301 515 "-" "Mozilla/5.0 (Windows NT 10.0; WOW64) AppleWebKit/537.36 (KHTML, like Gecko) Chrome/50.0.2661.102 Safari/537.36"
108.162.245.192 - - [20/Jul/2017:20:30:00 +0000] "GET /itemdetail?ItemID=016172-0347 HTTP/1.1" 301 624 "-" "Mozilla/5.0 (compatible; Googlebot/2.1; +http://www.google.com/bot.html)"
162.158.6.42 - - [20/Jul/2017:20:30:02 +0000] "GET /itemdetail HTTP/1.1" 301 586 "-" "WHR"
108.162.245.192 - - [20/Jul/2017:20:30:01 +0000] "GET /itemdetail?ItemID=016172-0347 HTTP/1.1" 200 14500 "-" "Mozilla/5.0 (compatible; Googlebot/2.1; +http://www.google.com/bot.html)"
108.162.245.156 - - [20/Jul/2017:20:31:51 +0000] "GET /jaufez/hermitish/14892-7645/detestably-lutrine/gastrorrhagia.shtm HTTP/1.1" 301 696 "-" "Mozilla/5.0 (compatible; Googlebot/2.1; +http://www.google.com/bot.html)"
162.158.6.42 - - [20/Jul/2017:20:31:54 +0000] "GET / HTTP/1.1" 301 566 "-" "WHR"
108.162.245.156 - - [20/Jul/2017:20:31:52 +0000] "GET /jaufez/hermitish/14892-7645/detestably-lutrine/gastrorrhagia.shtm HTTP/1.0" 200 15586 "-" "Mozilla/5.0 (compatible; Googlebot/2.1; +http://www.google.com/bot.html)"
162.158.6.108 - - [20/Jul/2017:20:31:57 +0000] "GET / HTTP/1.1" 301 554 "-" "WHR"
108.162.246.31 - - [20/Jul/2017:20:31:55 +0000] "GET /artikel_detail/46 HTTP/1.1" 200 15074 "-" "Mozilla/5.0 (compatible; Googlebot/2.1; +http://www.google.com/bot.html)"
162.158.106.26 - - [20/Jul/2017:20:33:21 +0000] "GET /jaufez/hermitish/14892-6616/misimagination-lutrine/gastrorrhagia.shtm HTTP/1.1" 301 704 "-" "Mozilla/5.0 (compatible; Googlebot/2.1; +http://www.google.com/bot.html)"
162.158.106.26 - - [20/Jul/2017:20:33:23 +0000] "GET /jaufez/hermitish/14892-6616/misimagination-lutrine/gastrorrhagia.shtm HTTP/1.0" 200 16172 "-" "Mozilla/5.0 (compatible; Googlebot/2.1; +http://www.google.com/bot.html)"
162.158.6.42 - - [20/Jul/2017:20:34:14 +0000] "GET / HTTP/1.1" 301 566 "-" "WHR"
162.158.106.56 - - [20/Jul/2017:20:34:12 +0000] "GET /artikel_detail/64 HTTP/1.1" 200 14315 "-" "Mozilla/5.0 (compatible; Googlebot/2.1; +http://www.google.com/bot.html)"
162.158.75.48 - - [20/Jul/2017:20:35:21 +0000] "GET /73DD7AF7D700B18219787DEF9948E129.txt HTTP/1.1" 301 626 "-" "COMODO DCV"
162.158.75.48 - - [20/Jul/2017:20:35:22 +0000] "GET /73DD7AF7D700B18219787DEF9948E129.txt HTTP/1.1" 404 9200 "-" "COMODO DCV"
162.158.75.48 - - [20/Jul/2017:20:35:22 +0000] "GET /96199A0CE75E78280DE62CE25BB64852.txt HTTP/1.1" 301 626 "-" "COMODO DCV"
162.158.75.48 - - [20/Jul/2017:20:35:23 +0000] "GET /96199A0CE75E78280DE62CE25BB64852.txt HTTP/1.1" 404 9199 "-" "COMODO DCV"
108.162.216.54 - - [20/Jul/2017:20:35:23 +0000] "GET /431CFAA23824CF988AE67F5491F20ABB.txt HTTP/1.1" 301 638 "-" "COMODO DCV"
108.162.216.54 - - [20/Jul/2017:20:35:24 +0000] "GET /431CFAA23824CF988AE67F5491F20ABB.txt HTTP/1.1" 404 9199 "-" "COMODO DCV"
108.162.216.54 - - [20/Jul/2017:20:35:24 +0000] "GET /3BDA94944C3FC9E29DAD86FD4402456F.txt HTTP/1.1" 301 638 "-" "COMODO DCV"
108.162.216.54 - - [20/Jul/2017:20:35:25 +0000] "GET /3BDA94944C3FC9E29DAD86FD4402456F.txt HTTP/1.1" 404 9199 "-" "COMODO DCV"
162.158.74.125 - - [20/Jul/2017:20:35:25 +0000] "GET /0412FB4125D22E7CDE179D0841BBFD01.txt HTTP/1.1" 301 641 "-" "COMODO DCV"
162.158.74.125 - - [20/Jul/2017:20:35:26 +0000] "GET /0412FB4125D22E7CDE179D0841BBFD01.txt HTTP/1.1" 404 9199 "-" "COMODO DCV"
162.158.74.125 - - [20/Jul/2017:20:35:26 +0000] "GET /659B812482867357818CCE4ECC6CB289.txt HTTP/1.1" 301 641 "-" "COMODO DCV"
162.158.74.125 - - [20/Jul/2017:20:35:27 +0000] "GET /659B812482867357818CCE4ECC6CB289.txt HTTP/1.1" 404 9199 "-" "COMODO DCV"
162.158.6.108 - - [20/Jul/2017:20:37:01 +0000] "GET / HTTP/1.1" 301 554 "-" "WHR"
108.162.245.48 - - [20/Jul/2017:20:36:59 +0000] "GET /jaufez/hermitish/14892-13944/mononeural-lutrine/gastrorrhagia.shtm HTTP/1.1" 200 15384 "-" "Mozilla/5.0 (compatible; Googlebot/2.1; +http://www.google.com/bot.html)"
108.162.245.66 - - [20/Jul/2017:20:37:03 +0000] "GET / HTTP/1.1" 301 566 "-" "Mozilla/5.0 (compatible; Googlebot/2.1; +http://www.google.com/bot.html)"
108.162.245.66 - - [20/Jul/2017:20:37:06 +0000] "GET / HTTP/1.0" 200 14844 "-" "Mozilla/5.0 (compatible; Googlebot/2.1; +http://www.google.com/bot.html)"
188.213.216.107 - - [20/Jul/2017:20:38:10 +0000] "GET / HTTP/1.1" 301 528 "-" "libwww-perl/6.26"
172.68.10.198 - - [20/Jul/2017:20:41:05 +0000] "GET /download HTTP/1.1" 200 7431 "-" "Mozilla/5.0 (compatible; YandexBot/3.0; +http://yandex.com/bots)"
162.158.6.108 - - [20/Jul/2017:20:42:11 +0000] "GET / HTTP/1.1" 301 554 "-" "WHR"
108.162.245.246 - - [20/Jul/2017:20:42:10 +0000] "GET /jaufez/hermitish/14892-391/depilate-lutrine/gastrorrhagia.shtm HTTP/1.1" 200 15670 "-" "Mozilla/5.0 (Linux; Android 6.0.1; Nexus 5X Build/MMB29P) AppleWebKit/537.36 (KHTML, like Gecko) Chrome/41.0.2272.96 Mobile Safari/537.36 (compatible; Googlebot/2.1; +http://www.google.com/bot.html)"
108.162.246.25 - - [20/Jul/2017:20:42:19 +0000] "GET /pages/haveagoodholiday HTTP/1.1" 301 610 "-" "Mozilla/5.0 (compatible; Googlebot/2.1; +http://www.google.com/bot.html)"
162.158.6.42 - - [20/Jul/2017:20:42:23 +0000] "GET / HTTP/1.1" 301 566 "-" "WHR"
108.162.246.25 - - [20/Jul/2017:20:42:21 +0000] "GET /pages/haveagoodholiday HTTP/1.0" 200 14743 "-" "Mozilla/5.0 (compatible; Googlebot/2.1; +http://www.google.com/bot.html)"
162.158.6.108 - - [20/Jul/2017:20:47:11 +0000] "GET / HTTP/1.1" 301 554 "-" "WHR"
108.162.245.90 - - [20/Jul/2017:20:47:09 +0000] "GET /jaufez/hermitish/14892-15025/ectogenic-lutrine/gastrorrhagia.shtm HTTP/1.1" 200 14905 "-" "Mozilla/5.0 (compatible; Googlebot/2.1; +http://www.google.com/bot.html)"
108.162.246.109 - - [20/Jul/2017:20:52:19 +0000] "GET /jaufez/hermitish/14892-4604/graphitization-lutrine/gastrorrhagia.shtm HTTP/1.1" 301 692 "-" "Mozilla/5.0 (compatible; Googlebot/2.1; +http://www.google.com/bot.html)"
162.158.6.108 - - [20/Jul/2017:20:52:23 +0000] "GET / HTTP/1.1" 301 554 "-" "WHR"
108.162.246.109 - - [20/Jul/2017:20:52:20 +0000] "GET /jaufez/hermitish/14892-4604/graphitization-lutrine/gastrorrhagia.shtm HTTP/1.0" 200 15956 "-" "Mozilla/5.0 (compatible; Googlebot/2.1; +http://www.google.com/bot.html)"
162.158.6.42 - - [20/Jul/2017:20:53:39 +0000] "GET / HTTP/1.1" 301 566 "-" "WHR"
108.162.245.204 - - [20/Jul/2017:20:53:37 +0000] "GET /index.php/artikel/7 HTTP/1.1" 200 15053 "-" "Mozilla/5.0 (compatible; bingbot/2.0; +http://www.bing.com/bingbot.htm)"
108.162.246.37 - - [20/Jul/2017:20:57:30 +0000] "GET /jaufez/hermitish/14892-10081/ectogenic-lutrine/gastrorrhagia.shtm HTTP/1.1" 301 684 "-" "Mozilla/5.0 (compatible; Googlebot/2.1; +http://www.google.com/bot.html)"
162.158.6.108 - - [20/Jul/2017:20:57:33 +0000] "GET / HTTP/1.1" 301 554 "-" "WHR"
108.162.246.37 - - [20/Jul/2017:20:57:31 +0000] "GET /jaufez/hermitish/14892-10081/ectogenic-lutrine/gastrorrhagia.shtm HTTP/1.0" 200 16532 "-" "Mozilla/5.0 (compatible; Googlebot/2.1; +http://www.google.com/bot.html)"
108.162.245.156 - - [20/Jul/2017:21:01:32 +0000] "GET /rss.xml HTTP/1.1" 301 580 "-" "FeedFetcher-Google; (+http://www.google.com/feedfetcher.html)"
162.158.6.42 - - [20/Jul/2017:21:01:35 +0000] "GET / HTTP/1.1" 301 566 "-" "WHR"
108.162.245.156 - - [20/Jul/2017:21:01:33 +0000] "GET /rss.xml HTTP/1.1" 200 15087 "-" "FeedFetcher-Google; (+http://www.google.com/feedfetcher.html)"
108.162.245.120 - - [20/Jul/2017:21:02:40 +0000] "GET /jaufez/hermitish/14892-27736/misimagination-lutrine/gastrorrhagia.shtm HTTP/1.1" 301 706 "-" "Mozilla/5.0 (compatible; Googlebot/2.1; +http://www.google.com/bot.html)"
108.162.245.120 - - [20/Jul/2017:21:02:41 +0000] "GET /jaufez/hermitish/14892-27736/misimagination-lutrine/gastrorrhagia.shtm HTTP/1.0" 200 15852 "-" "Mozilla/5.0 (compatible; Googlebot/2.1; +http://www.google.com/bot.html)"
162.158.6.108 - - [20/Jul/2017:21:18:04 +0000] "GET / HTTP/1.1" 301 554 "-" "WHR"
108.162.246.193 - - [20/Jul/2017:21:18:00 +0000] "GET /jaufez/hermitish/14892-18641/chiropterygian-lutrine/gastrorrhagia.shtm HTTP/1.1" 200 12623 "-" "Mozilla/5.0 (compatible; Googlebot/2.1; +http://www.google.com/bot.html)"
162.158.6.108 - - [20/Jul/2017:21:20:05 +0000] "GET /cari HTTP/1.1" 301 562 "-" "WHR"
108.162.246.151 - - [20/Jul/2017:21:20:03 +0000] "GET /cari?page=5 HTTP/1.1" 200 15534 "-" "Mozilla/5.0 (compatible; Googlebot/2.1; +http://www.google.com/bot.html)"
108.162.245.240 - - [20/Jul/2017:21:23:10 +0000] "GET / HTTP/1.1" 301 554 "-" "Mozilla/5.0 (Linux; Android 6.0.1; Nexus 5X Build/MMB29P) AppleWebKit/537.36 (KHTML, like Gecko) Chrome/41.0.2272.96 Mobile Safari/537.36 (compatible; Googlebot/2.1; +http://www.google.com/bot.html)"
108.162.245.240 - - [20/Jul/2017:21:23:11 +0000] "GET / HTTP/1.0" 200 14574 "-" "Mozilla/5.0 (Linux; Android 6.0.1; Nexus 5X Build/MMB29P) AppleWebKit/537.36 (KHTML, like Gecko) Chrome/41.0.2272.96 Mobile Safari/537.36 (compatible; Googlebot/2.1; +http://www.google.com/bot.html)"
108.162.246.7 - - [20/Jul/2017:21:23:15 +0000] "GET /jaufez/hermitish/14892-17465/chiropterygian-lutrine/gastrorrhagia.shtm HTTP/1.1" 200 15085 "-" "Mozilla/5.0 (compatible; Googlebot/2.1; +http://www.google.com/bot.html)"
162.158.6.108 - - [20/Jul/2017:21:28:21 +0000] "GET / HTTP/1.1" 301 554 "-" "WHR"
108.162.246.151 - - [20/Jul/2017:21:28:19 +0000] "GET /jaufez/hermitish/14892-1697/chiropterygian-lutrine/gastrorrhagia.shtm HTTP/1.1" 200 15489 "-" "Mozilla/5.0 (compatible; Googlebot/2.1; +http://www.google.com/bot.html)"
162.158.6.108 - - [20/Jul/2017:21:30:58 +0000] "GET / HTTP/1.1" 301 554 "-" "WHR"
108.162.246.229 - - [20/Jul/2017:21:30:57 +0000] "GET /logout HTTP/1.1" 200 14282 "-" "Mozilla/5.0 (compatible; Googlebot/2.1; +http://www.google.com/bot.html)"
162.158.6.42 - - [20/Jul/2017:21:33:22 +0000] "GET / HTTP/1.1" 301 566 "-" "WHR"
108.162.245.66 - - [20/Jul/2017:21:33:20 +0000] "GET / HTTP/1.1" 200 14701 "-" "Mozilla/5.0 (compatible; Googlebot/2.1; +http://www.google.com/bot.html)"
108.162.246.43 - - [20/Jul/2017:21:37:10 +0000] "GET /collection/2017ss.html HTTP/1.1" 301 610 "-" "Mozilla/5.0 (compatible; Googlebot/2.1; +http://www.google.com/bot.html)"
162.158.6.42 - - [20/Jul/2017:21:37:13 +0000] "GET / HTTP/1.1" 301 566 "-" "WHR"
108.162.246.43 - - [20/Jul/2017:21:37:11 +0000] "GET /collection/2017ss.html HTTP/1.0" 200 15783 "-" "Mozilla/5.0 (compatible; Googlebot/2.1; +http://www.google.com/bot.html)"
162.158.6.108 - - [20/Jul/2017:21:38:31 +0000] "GET / HTTP/1.1" 301 554 "-" "WHR"
108.162.245.192 - - [20/Jul/2017:21:38:29 +0000] "GET /jaufez/hermitish/14892-7751/cottonee-lutrine/gastrorrhagia.shtm HTTP/1.1" 200 16088 "-" "Mozilla/5.0 (Linux; Android 6.0.1; Nexus 5X Build/MMB29P) AppleWebKit/537.36 (KHTML, like Gecko) Chrome/41.0.2272.96 Mobile Safari/537.36 (compatible; Googlebot/2.1; +http://www.google.com/bot.html)"
162.158.6.108 - - [20/Jul/2017:21:43:42 +0000] "GET / HTTP/1.1" 301 554 "-" "WHR"
108.162.245.240 - - [20/Jul/2017:21:43:40 +0000] "GET / HTTP/1.1" 200 14759 "-" "Mozilla/5.0 (compatible; Googlebot/2.1; +http://www.google.com/bot.html)"
108.162.245.60 - - [20/Jul/2017:21:48:50 +0000] "GET /pelayanan HTTP/1.1" 301 584 "-" "Mozilla/5.0 (compatible; Googlebot/2.1; +http://www.google.com/bot.html)"
162.158.6.42 - - [20/Jul/2017:21:48:53 +0000] "GET / HTTP/1.1" 301 566 "-" "WHR"
108.162.245.60 - - [20/Jul/2017:21:48:51 +0000] "GET /pelayanan HTTP/1.0" 200 16058 "-" "Mozilla/5.0 (compatible; Googlebot/2.1; +http://www.google.com/bot.html)"
162.158.106.50 - - [20/Jul/2017:21:48:55 +0000] "GET /jaufez/hermitish/14892-21529/ectogenic-lutrine/gastrorrhagia.shtm HTTP/1.1" 200 15181 "-" "Mozilla/5.0 (Linux; Android 6.0.1; Nexus 5X Build/MMB29P) AppleWebKit/537.36 (KHTML, like Gecko) Chrome/41.0.2272.96 Mobile Safari/537.36 (compatible; Googlebot/2.1; +http://www.google.com/bot.html)"
162.158.6.42 - - [20/Jul/2017:21:53:50 +0000] "GET / HTTP/1.1" 301 566 "-" "WHR"
108.162.246.37 - - [20/Jul/2017:21:53:48 +0000] "GET /jaufez/hermitish/14892-23279/cottonee-lutrine/gastrorrhagia.shtm HTTP/1.1" 200 16180 "-" "Mozilla/5.0 (compatible; Googlebot/2.1; +http://www.google.com/bot.html)"
108.162.219.192 - - [20/Jul/2017:21:56:54 +0000] "GET / HTTP/1.1" 301 554 "http://uptime-alpha.net/puskopditbkcukalimantan.org" "Mozilla/5.0 (compatible; Uptimebot/1.0; +http://www.uptime.com/uptimebot)"
108.162.219.192 - - [20/Jul/2017:21:56:55 +0000] "GET / HTTP/1.1" 200 14531 "http://puskopditbkcukalimantan.org" "Mozilla/5.0 (compatible; Uptimebot/1.0; +http://www.uptime.com/uptimebot)"
108.162.246.43 - - [20/Jul/2017:21:59:00 +0000] "GET /jaufez/hermitish/14892-6504/mononeural-lutrine/gastrorrhagia.shtm HTTP/1.1" 301 684 "-" "Mozilla/5.0 (compatible; Googlebot/2.1; +http://www.google.com/bot.html)"
162.158.6.108 - - [20/Jul/2017:21:59:03 +0000] "GET / HTTP/1.1" 301 554 "-" "WHR"
108.162.246.43 - - [20/Jul/2017:21:59:01 +0000] "GET /jaufez/hermitish/14892-6504/mononeural-lutrine/gastrorrhagia.shtm HTTP/1.0" 200 15510 "-" "Mozilla/5.0 (compatible; Googlebot/2.1; +http://www.google.com/bot.html)"
162.158.88.190 - - [20/Jul/2017:22:01:42 +0000] "GET /artikel/6 HTTP/1.1" 200 7440 "-" "Mozilla/5.0 (compatible; YandexBot/3.0; +http://yandex.com/bots)"
108.162.246.37 - - [20/Jul/2017:22:04:13 +0000] "GET /jaufez/hermitish/14892-10081/ectogenic-lutrine/gastrorrhagia.shtm HTTP/1.1" 301 684 "-" "Mozilla/5.0 (compatible; Googlebot/2.1; +http://www.google.com/bot.html)"
162.158.6.108 - - [20/Jul/2017:22:04:16 +0000] "GET / HTTP/1.1" 301 554 "-" "WHR"
108.162.246.37 - - [20/Jul/2017:22:04:14 +0000] "GET /jaufez/hermitish/14892-10081/ectogenic-lutrine/gastrorrhagia.shtm HTTP/1.0" 200 16295 "-" "Mozilla/5.0 (compatible; Googlebot/2.1; +http://www.google.com/bot.html)"
171.13.14.16 - - [20/Jul/2017:22:06:03 +0000] "GET / HTTP/1.1" 301 528 "-" "Go-http-client/1.1"
108.162.246.217 - - [20/Jul/2017:22:09:25 +0000] "GET /jaufez/hermitish/14892-20742/cremorne-lutrine/gastrorrhagia.shtm HTTP/1.1" 301 682 "-" "Mozilla/5.0 (compatible; Googlebot/2.1; +http://www.google.com/bot.html)"
162.158.6.108 - - [20/Jul/2017:22:09:28 +0000] "GET / HTTP/1.1" 301 554 "-" "WHR"
108.162.246.217 - - [20/Jul/2017:22:09:26 +0000] "GET /jaufez/hermitish/14892-20742/cremorne-lutrine/gastrorrhagia.shtm HTTP/1.0" 200 14968 "-" "Mozilla/5.0 (compatible; Googlebot/2.1; +http://www.google.com/bot.html)"
162.158.6.42 - - [20/Jul/2017:22:09:31 +0000] "GET / HTTP/1.1" 301 566 "-" "WHR"
108.162.245.66 - - [20/Jul/2017:22:09:29 +0000] "GET / HTTP/1.1" 200 14631 "-" "Mozilla/5.0 (Linux; Android 6.0.1; Nexus 5X Build/MMB29P) AppleWebKit/537.36 (KHTML, like Gecko) Chrome/41.0.2272.96 Mobile Safari/537.36 (compatible; Googlebot/2.1; +http://www.google.com/bot.html)"
162.158.6.108 - - [20/Jul/2017:22:14:22 +0000] "GET / HTTP/1.1" 301 554 "-" "WHR"
108.162.245.108 - - [20/Jul/2017:22:14:20 +0000] "GET /jaufez/hermitish/14892-9207/alkaligen-lutrine/gastrorrhagia.shtm HTTP/1.1" 200 16668 "-" "Mozilla/5.0 (compatible; Googlebot/2.1; +http://www.google.com/bot.html)"
108.162.246.49 - - [20/Jul/2017:22:15:53 +0000] "GET /jaufez/hermitish/14892-8151/alkaligen-lutrine/gastrorrhagia.shtm HTTP/1.1" 301 682 "-" "Mozilla/5.0 (compatible; Googlebot/2.1; +http://www.google.com/bot.html)"
108.162.246.49 - - [20/Jul/2017:22:15:55 +0000] "GET /jaufez/hermitish/14892-8151/alkaligen-lutrine/gastrorrhagia.shtm HTTP/1.0" 200 16434 "-" "Mozilla/5.0 (compatible; Googlebot/2.1; +http://www.google.com/bot.html)"
162.158.6.42 - - [20/Jul/2017:22:19:10 +0000] "GET / HTTP/1.1" 301 566 "-" "WHR"
108.162.246.193 - - [20/Jul/2017:22:19:09 +0000] "GET /information/importantnotices HTTP/1.1" 200 14952 "-" "Mozilla/5.0 (compatible; Googlebot/2.1; +http://www.google.com/bot.html)"
108.162.245.42 - - [20/Jul/2017:22:19:57 +0000] "GET /jaufez/hermitish/14892-21762/locust-lutrine/gastrorrhagia.shtm HTTP/1.1" 301 690 "-" "Mozilla/5.0 (compatible; Googlebot/2.1; +http://www.google.com/bot.html)"
108.162.245.42 - - [20/Jul/2017:22:19:59 +0000] "GET /jaufez/hermitish/14892-21762/locust-lutrine/gastrorrhagia.shtm HTTP/1.0" 200 14865 "-" "Mozilla/5.0 (compatible; Googlebot/2.1; +http://www.google.com/bot.html)"
162.158.6.108 - - [20/Jul/2017:22:20:04 +0000] "GET / HTTP/1.1" 301 554 "-" "WHR"
108.162.245.240 - - [20/Jul/2017:22:20:02 +0000] "GET / HTTP/1.1" 200 15077 "-" "Mozilla/5.0 (Linux; Android 6.0.1; Nexus 5X Build/MMB29P) AppleWebKit/537.36 (KHTML, like Gecko) Chrome/41.0.2272.96 Mobile Safari/537.36 (compatible; Googlebot/2.1; +http://www.google.com/bot.html)"
162.158.6.42 - - [20/Jul/2017:22:21:30 +0000] "GET / HTTP/1.1" 301 566 "-" "WHR"
108.162.246.25 - - [20/Jul/2017:22:21:28 +0000] "GET /artikel/7 HTTP/1.1" 200 15375 "-" "Mozilla/5.0 (compatible; Googlebot/2.1; +http://www.google.com/bot.html)"
108.162.246.61 - - [20/Jul/2017:22:26:37 +0000] "GET /jaufez/hermitish/14892-26623/depilate-lutrine/gastrorrhagia.shtm HTTP/1.1" 301 682 "-" "Mozilla/5.0 (compatible; Googlebot/2.1; +http://www.google.com/bot.html)"
162.158.6.108 - - [20/Jul/2017:22:26:40 +0000] "GET / HTTP/1.1" 301 554 "-" "WHR"
108.162.246.61 - - [20/Jul/2017:22:26:38 +0000] "GET /jaufez/hermitish/14892-26623/depilate-lutrine/gastrorrhagia.shtm HTTP/1.0" 200 16430 "-" "Mozilla/5.0 (compatible; Googlebot/2.1; +http://www.google.com/bot.html)"
108.162.246.13 - - [20/Jul/2017:22:29:19 +0000] "GET /jaufez/hermitish/14892-18569/chiropterygian-lutrine/gastrorrhagia.shtm HTTP/1.1" 301 694 "-" "Mozilla/5.0 (compatible; Googlebot/2.1; +http://www.google.com/bot.html)"
162.158.6.108 - - [20/Jul/2017:22:29:22 +0000] "GET / HTTP/1.1" 301 554 "-" "WHR"
108.162.246.13 - - [20/Jul/2017:22:29:20 +0000] "GET /jaufez/hermitish/14892-18569/chiropterygian-lutrine/gastrorrhagia.shtm HTTP/1.0" 200 14708 "-" "Mozilla/5.0 (compatible; Googlebot/2.1; +http://www.google.com/bot.html)"
108.162.246.49 - - [20/Jul/2017:22:29:57 +0000] "GET /coordinate/ls HTTP/1.1" 200 15315 "-" "Mozilla/5.0 (compatible; Googlebot/2.1; +http://www.google.com/bot.html)"
162.158.6.42 - - [20/Jul/2017:22:34:52 +0000] "GET / HTTP/1.1" 301 566 "-" "WHR"
108.162.245.60 - - [20/Jul/2017:22:34:51 +0000] "GET /cuprimer_detail/28 HTTP/1.1" 200 15045 "-" "Mozilla/5.0 (compatible; Googlebot/2.1; +http://www.google.com/bot.html)"
108.162.246.199 - - [20/Jul/2017:22:37:11 +0000] "GET /collection/2016autumn.html HTTP/1.1" 301 618 "-" "Mozilla/5.0 (compatible; Googlebot/2.1; +http://www.google.com/bot.html)"
162.158.6.42 - - [20/Jul/2017:22:37:15 +0000] "GET / HTTP/1.1" 301 566 "-" "WHR"
108.162.246.199 - - [20/Jul/2017:22:37:12 +0000] "GET /collection/2016autumn.html HTTP/1.0" 200 14863 "-" "Mozilla/5.0 (compatible; Googlebot/2.1; +http://www.google.com/bot.html)"
162.158.6.42 - - [20/Jul/2017:22:39:23 +0000] "GET /coordinate/ls HTTP/1.1" 301 592 "-" "WHR"
108.162.246.133 - - [20/Jul/2017:22:39:21 +0000] "GET /coordinate/ls?shop=9 HTTP/1.1" 200 16012 "-" "Mozilla/5.0 (compatible; Googlebot/2.1; +http://www.google.com/bot.html)"
108.162.246.43 - - [20/Jul/2017:22:39:24 +0000] "GET /jaufez/hermitish/14892-4774/baldachin-lutrine/gastrorrhagia.shtm HTTP/1.1" 301 682 "-" "Mozilla/5.0 (compatible; Googlebot/2.1; +http://www.google.com/bot.html)"
108.162.245.66 - - [20/Jul/2017:22:39:27 +0000] "GET / HTTP/1.1" 301 566 "-" "Mozilla/5.0 (Linux; Android 6.0.1; Nexus 5X Build/MMB29P) AppleWebKit/537.36 (KHTML, like Gecko) Chrome/41.0.2272.96 Mobile Safari/537.36 (compatible; Googlebot/2.1; +http://www.google.com/bot.html)"
162.158.6.108 - - [20/Jul/2017:22:39:31 +0000] "GET / HTTP/1.1" 301 554 "-" "WHR"
108.162.246.43 - - [20/Jul/2017:22:39:29 +0000] "GET /jaufez/hermitish/14892-4774/baldachin-lutrine/gastrorrhagia.shtm HTTP/1.0" 200 15427 "-" "Mozilla/5.0 (compatible; Googlebot/2.1; +http://www.google.com/bot.html)"
108.162.245.66 - - [20/Jul/2017:22:39:32 +0000] "GET / HTTP/1.0" 200 14047 "-" "Mozilla/5.0 (Linux; Android 6.0.1; Nexus 5X Build/MMB29P) AppleWebKit/537.36 (KHTML, like Gecko) Chrome/41.0.2272.96 Mobile Safari/537.36 (compatible; Googlebot/2.1; +http://www.google.com/bot.html)"
162.158.6.108 - - [20/Jul/2017:22:44:32 +0000] "GET /itemlist HTTP/1.1" 301 570 "-" "WHR"
108.162.245.198 - - [20/Jul/2017:22:44:30 +0000] "GET /itemlist?cv=1&cateid=9 HTTP/1.1" 200 15650 "-" "Mozilla/5.0 (compatible; Googlebot/2.1; +http://www.google.com/bot.html)"
162.158.6.108 - - [20/Jul/2017:22:44:35 +0000] "GET / HTTP/1.1" 301 554 "-" "WHR"
108.162.246.199 - - [20/Jul/2017:22:44:33 +0000] "GET /jaufez/hermitish/14892-2255/cottonee-lutrine/gastrorrhagia.shtm HTTP/1.1" 200 15044 "-" "Mozilla/5.0 (Linux; Android 6.0.1; Nexus 5X Build/MMB29P) AppleWebKit/537.36 (KHTML, like Gecko) Chrome/41.0.2272.96 Mobile Safari/537.36 (compatible; Googlebot/2.1; +http://www.google.com/bot.html)"
162.158.6.108 - - [20/Jul/2017:22:44:37 +0000] "GET /customlist HTTP/1.1" 301 574 "-" "WHR"
108.162.246.139 - - [20/Jul/2017:22:44:36 +0000] "GET /customlist?id=13 HTTP/1.1" 200 14816 "-" "Mozilla/5.0 (compatible; Googlebot/2.1; +http://www.google.com/bot.html)"
162.158.106.50 - - [20/Jul/2017:22:45:19 +0000] "GET /privacy HTTP/1.1" 200 15882 "-" "Mozilla/5.0 (compatible; Googlebot/2.1; +http://www.google.com/bot.html)"
162.158.6.108 - - [20/Jul/2017:22:49:42 +0000] "GET / HTTP/1.1" 301 554 "-" "WHR"
108.162.246.151 - - [20/Jul/2017:22:49:40 +0000] "GET /jaufez/hermitish/14892-18469/detestably-lutrine/gastrorrhagia.shtm HTTP/1.1" 200 14994 "-" "Mozilla/5.0 (compatible; Googlebot/2.1; +http://www.google.com/bot.html)"
162.158.6.42 - - [20/Jul/2017:23:00:11 +0000] "GET / HTTP/1.1" 301 566 "-" "WHR"
108.162.246.223 - - [20/Jul/2017:23:00:09 +0000] "GET /jaufez/hermitish/14892-14857/ectogenic-lutrine/gastrorrhagia.shtm HTTP/1.1" 200 12130 "-" "Mozilla/5.0 (compatible; Googlebot/2.1; +http://www.google.com/bot.html)"
108.162.245.6 - - [20/Jul/2017:23:09:52 +0000] "GET /jaufez/hermitish/14892-15456/mononeural-lutrine/gastrorrhagia.shtm HTTP/1.1" 301 698 "-" "Mozilla/5.0 (Linux; Android 6.0.1; Nexus 5X Build/MMB29P) AppleWebKit/537.36 (KHTML, like Gecko) Chrome/41.0.2272.96 Mobile Safari/537.36 (compatible; Googlebot/2.1; +http://www.google.com/bot.html)"
162.158.6.42 - - [20/Jul/2017:23:09:55 +0000] "GET / HTTP/1.1" 301 566 "-" "WHR"
108.162.245.6 - - [20/Jul/2017:23:09:53 +0000] "GET /jaufez/hermitish/14892-15456/mononeural-lutrine/gastrorrhagia.shtm HTTP/1.0" 200 15094 "-" "Mozilla/5.0 (Linux; Android 6.0.1; Nexus 5X Build/MMB29P) AppleWebKit/537.36 (KHTML, like Gecko) Chrome/41.0.2272.96 Mobile Safari/537.36 (compatible; Googlebot/2.1; +http://www.google.com/bot.html)"
162.158.106.62 - - [20/Jul/2017:23:14:22 +0000] "GET /jaufez/hermitish/14892-4987/joist-lutrine/gastrorrhagia.shtm HTTP/1.1" 301 674 "-" "Mozilla/5.0 (compatible; Googlebot/2.1; +http://www.google.com/bot.html)"
162.158.6.42 - - [20/Jul/2017:23:14:41 +0000] "GET / HTTP/1.1" 301 566 "-" "WHR"
108.162.245.66 - - [20/Jul/2017:23:14:39 +0000] "GET / HTTP/1.1" 200 14344 "-" "Mozilla/5.0 (compatible; Googlebot/2.1; +http://www.google.com/bot.html)"
108.162.245.138 - - [20/Jul/2017:23:19:39 +0000] "GET /jaufez/hermitish/14892-24891/cheesecloth-lutrine/gastrorrhagia.shtm HTTP/1.1" 301 700 "-" "Mozilla/5.0 (Linux; Android 6.0.1; Nexus 5X Build/MMB29P) AppleWebKit/537.36 (KHTML, like Gecko) Chrome/41.0.2272.96 Mobile Safari/537.36 (compatible; Googlebot/2.1; +http://www.google.com/bot.html)"
162.158.6.42 - - [20/Jul/2017:23:19:42 +0000] "GET / HTTP/1.1" 301 566 "-" "WHR"
108.162.245.138 - - [20/Jul/2017:23:19:40 +0000] "GET /jaufez/hermitish/14892-24891/cheesecloth-lutrine/gastrorrhagia.shtm HTTP/1.0" 200 15020 "-" "Mozilla/5.0 (Linux; Android 6.0.1; Nexus 5X Build/MMB29P) AppleWebKit/537.36 (KHTML, like Gecko) Chrome/41.0.2272.96 Mobile Safari/537.36 (compatible; Googlebot/2.1; +http://www.google.com/bot.html)"
162.158.6.108 - - [20/Jul/2017:23:20:42 +0000] "GET / HTTP/1.1" 301 554 "-" "WHR"
162.158.106.62 - - [20/Jul/2017:23:20:40 +0000] "GET /jaufez/hermitish/14892-4987/joist-lutrine/gastrorrhagia.shtm HTTP/1.0" 200 15010 "-" "Mozilla/5.0 (compatible; Googlebot/2.1; +http://www.google.com/bot.html)"
141.101.105.134 - - [20/Jul/2017:23:21:35 +0000] "GET /detail_artikel/7 HTTP/1.1" 301 586 "-" "Mozilla/5.0 (compatible; AhrefsBot/5.2; +http://ahrefs.com/robot/)"
162.158.6.42 - - [20/Jul/2017:23:23:56 +0000] "GET / HTTP/1.1" 301 566 "-" "WHR"
108.162.246.139 - - [20/Jul/2017:23:23:54 +0000] "GET /guide? HTTP/1.1" 200 13926 "-" "Mozilla/5.0 (compatible; Googlebot/2.1; +http://www.google.com/bot.html)"
108.162.246.49 - - [20/Jul/2017:23:24:40 +0000] "GET /jaufez/hermitish/14892-3638/bummler-lutrine/gastrorrhagia.shtm HTTP/1.1" 200 14871 "-" "Mozilla/5.0 (compatible; Googlebot/2.1; +http://www.google.com/bot.html)"
162.158.6.108 - - [20/Jul/2017:23:24:45 +0000] "GET / HTTP/1.1" 301 554 "-" "WHR"
108.162.245.240 - - [20/Jul/2017:23:24:43 +0000] "GET / HTTP/1.1" 200 14754 "-" "Mozilla/5.0 (compatible; Googlebot/2.1; +http://www.google.com/bot.html)"
162.158.6.42 - - [20/Jul/2017:23:27:00 +0000] "GET / HTTP/1.1" 301 566 "-" "WHR"
108.162.246.253 - - [20/Jul/2017:23:26:58 +0000] "GET /nestrobe HTTP/1.1" 200 15379 "-" "Mozilla/5.0 (compatible; Googlebot/2.1; +http://www.google.com/bot.html)"
108.162.246.103 - - [20/Jul/2017:23:29:18 +0000] "GET /pages/nestrobecolorsredpink HTTP/1.1" 301 620 "-" "Mozilla/5.0 (compatible; Googlebot/2.1; +http://www.google.com/bot.html)"
162.158.6.42 - - [20/Jul/2017:23:29:21 +0000] "GET / HTTP/1.1" 301 566 "-" "WHR"
108.162.246.103 - - [20/Jul/2017:23:29:19 +0000] "GET /pages/nestrobecolorsredpink HTTP/1.0" 200 14431 "-" "Mozilla/5.0 (compatible; Googlebot/2.1; +http://www.google.com/bot.html)"
162.158.6.108 - - [20/Jul/2017:23:29:42 +0000] "GET / HTTP/1.1" 301 554 "-" "WHR"
108.162.246.205 - - [20/Jul/2017:23:29:39 +0000] "GET /jaufez/hermitish/14892-16998/cremorne-lutrine/gastrorrhagia.shtm HTTP/1.1" 200 15596 "-" "Mozilla/5.0 (compatible; Googlebot/2.1; +http://www.google.com/bot.html)"
162.158.106.8 - - [20/Jul/2017:23:29:42 +0000] "GET /jaufez/hermitish/14892-3289/ectogenic-lutrine/gastrorrhagia.shtm HTTP/1.1" 200 15246 "-" "Mozilla/5.0 (compatible; Googlebot/2.1; +http://www.google.com/bot.html)"
108.162.245.216 - - [20/Jul/2017:23:30:48 +0000] "GET /topics/ls HTTP/1.1" 200 15164 "-" "Mozilla/5.0 (compatible; Googlebot/2.1; +http://www.google.com/bot.html)"
162.158.106.26 - - [20/Jul/2017:23:30:51 +0000] "GET /jaufez/hermitish/14892-6965/methanometer-lutrine/gastrorrhagia.shtm HTTP/1.1" 301 700 "-" "Mozilla/5.0 (compatible; Googlebot/2.1; +http://www.google.com/bot.html)"
162.158.106.26 - - [20/Jul/2017:23:30:52 +0000] "GET /jaufez/hermitish/14892-6965/methanometer-lutrine/gastrorrhagia.shtm HTTP/1.0" 200 16325 "-" "Mozilla/5.0 (compatible; Googlebot/2.1; +http://www.google.com/bot.html)"
162.158.6.42 - - [20/Jul/2017:23:34:52 +0000] "GET / HTTP/1.1" 301 566 "-" "WHR"
108.162.245.192 - - [20/Jul/2017:23:34:50 +0000] "GET /jaufez/hermitish/14892-6148/megalohepatia-lutrine/gastrorrhagia.shtm HTTP/1.1" 200 16657 "-" "Mozilla/5.0 (compatible; Googlebot/2.1; +http://www.google.com/bot.html)"
108.162.246.175 - - [20/Jul/2017:23:34:54 +0000] "GET /jaufez/hermitish/14892-4903/depilate-lutrine/gastrorrhagia.shtm HTTP/1.1" 301 680 "-" "Mozilla/5.0 (compatible; Googlebot/2.1; +http://www.google.com/bot.html)"
162.158.6.108 - - [20/Jul/2017:23:34:58 +0000] "GET / HTTP/1.1" 301 554 "-" "WHR"
108.162.246.175 - - [20/Jul/2017:23:34:57 +0000] "GET /jaufez/hermitish/14892-4903/depilate-lutrine/gastrorrhagia.shtm HTTP/1.0" 200 16525 "-" "Mozilla/5.0 (compatible; Googlebot/2.1; +http://www.google.com/bot.html)"
108.162.245.240 - - [20/Jul/2017:23:36:22 +0000] "GET / HTTP/1.0" 200 14657 "-" "Mozilla/5.0 (Linux; Android 6.0.1; Nexus 5X Build/MMB29P) AppleWebKit/537.36 (KHTML, like Gecko) Chrome/41.0.2272.96 Mobile Safari/537.36 (compatible; Googlebot/2.1; +http://www.google.com/bot.html)"
108.162.246.121 - - [20/Jul/2017:23:40:00 +0000] "GET /jaufez/hermitish/14892-6055/depilate-lutrine/gastrorrhagia.shtm HTTP/1.1" 301 680 "-" "Mozilla/5.0 (Linux; Android 6.0.1; Nexus 5X Build/MMB29P) AppleWebKit/537.36 (KHTML, like Gecko) Chrome/41.0.2272.96 Mobile Safari/537.36 (compatible; Googlebot/2.1; +http://www.google.com/bot.html)"
162.158.6.108 - - [20/Jul/2017:23:40:03 +0000] "GET / HTTP/1.1" 301 554 "-" "WHR"
108.162.246.121 - - [20/Jul/2017:23:40:01 +0000] "GET /jaufez/hermitish/14892-6055/depilate-lutrine/gastrorrhagia.shtm HTTP/1.0" 200 16519 "-" "Mozilla/5.0 (Linux; Android 6.0.1; Nexus 5X Build/MMB29P) AppleWebKit/537.36 (KHTML, like Gecko) Chrome/41.0.2272.96 Mobile Safari/537.36 (compatible; Googlebot/2.1; +http://www.google.com/bot.html)"
141.101.76.168 - - [20/Jul/2017:23:40:57 +0000] "GET /artikel_detail/58 HTTP/1.1" 301 588 "-" "Mozilla/5.0 (compatible; AhrefsBot/5.2; +http://ahrefs.com/robot/)"
108.162.246.235 - - [20/Jul/2017:23:45:10 +0000] "GET /jaufez/hermitish/14892-3411/cheesecloth-lutrine/gastrorrhagia.shtm HTTP/1.1" 301 698 "-" "Mozilla/5.0 (Linux; Android 6.0.1; Nexus 5X Build/MMB29P) AppleWebKit/537.36 (KHTML, like Gecko) Chrome/41.0.2272.96 Mobile Safari/537.36 (compatible; Googlebot/2.1; +http://www.google.com/bot.html)"
162.158.6.42 - - [20/Jul/2017:23:45:13 +0000] "GET / HTTP/1.1" 301 566 "-" "WHR"
108.162.246.235 - - [20/Jul/2017:23:45:11 +0000] "GET /jaufez/hermitish/14892-3411/cheesecloth-lutrine/gastrorrhagia.shtm HTTP/1.0" 200 15081 "-" "Mozilla/5.0 (Linux; Android 6.0.1; Nexus 5X Build/MMB29P) AppleWebKit/537.36 (KHTML, like Gecko) Chrome/41.0.2272.96 Mobile Safari/537.36 (compatible; Googlebot/2.1; +http://www.google.com/bot.html)"
162.158.91.31 - - [20/Jul/2017:23:46:47 +0000] "GET /images_staf/igGQnEjhcm2016-04-08.jpg HTTP/1.1" 301 626 "-" "Mozilla/5.0 (compatible; YandexBot/3.0; +http://yandex.com/bots)"
162.158.6.108 - - [20/Jul/2017:23:50:11 +0000] "GET / HTTP/1.1" 301 554 "-" "WHR"
108.162.245.240 - - [20/Jul/2017:23:50:09 +0000] "GET /jaufez/hermitish/14892-25518/cremorne-lutrine/gastrorrhagia.shtm HTTP/1.1" 200 14906 "-" "Mozilla/5.0 (Linux; Android 6.0.1; Nexus 5X Build/MMB29P) AppleWebKit/537.36 (KHTML, like Gecko) Chrome/41.0.2272.96 Mobile Safari/537.36 (compatible; Googlebot/2.1; +http://www.google.com/bot.html)"
108.162.216.204 - - [20/Jul/2017:23:50:11 +0000] "GET /admins/login HTTP/1.1" 200 14714 "-" "Mozilla/5.0 (X11; Linux x86_64) AppleWebKit/537.36 (KHTML, like Gecko) Chrome/49.0.2623.75 Safari/537.36 Google Favicon"
108.162.246.163 - - [20/Jul/2017:23:54:43 +0000] "GET /cuprimer_detail/26 HTTP/1.1" 301 590 "-" "Mozilla/5.0 (compatible; bingbot/2.0; +http://www.bing.com/bingbot.htm)"
108.162.246.43 - - [21/Jul/2017:00:03:19 +0000] "GET /jaufez/hermitish/14892-8173/detestably-lutrine/gastrorrhagia.shtm HTTP/1.1" 301 684 "-" "Mozilla/5.0 (Linux; Android 6.0.1; Nexus 5X Build/MMB29P) AppleWebKit/537.36 (KHTML, like Gecko) Chrome/41.0.2272.96 Mobile Safari/537.36 (compatible; Googlebot/2.1; +http://www.google.com/bot.html)"
162.158.6.108 - - [21/Jul/2017:00:03:22 +0000] "GET / HTTP/1.1" 301 554 "-" "WHR"
108.162.246.43 - - [21/Jul/2017:00:03:20 +0000] "GET /jaufez/hermitish/14892-8173/detestably-lutrine/gastrorrhagia.shtm HTTP/1.0" 200 14327 "-" "Mozilla/5.0 (Linux; Android 6.0.1; Nexus 5X Build/MMB29P) AppleWebKit/537.36 (KHTML, like Gecko) Chrome/41.0.2272.96 Mobile Safari/537.36 (compatible; Googlebot/2.1; +http://www.google.com/bot.html)"
108.162.238.85 - - [21/Jul/2017:00:04:16 +0000] "GET /manajemen HTTP/1.1" 200 15223 "-" "Mozilla/5.0 (compatible; bingbot/2.0; +http://www.bing.com/bingbot.htm)"
141.101.76.180 - - [21/Jul/2017:00:04:32 +0000] "GET /promo HTTP/1.1" 200 10870 "-" "Mozilla/5.0 (Android 5.0.1; Mobile; rv:49.0) Gecko/49.0 Firefox/49.0"
141.101.105.206 - - [21/Jul/2017:00:04:45 +0000] "GET /plugins/font-awesome/fonts/fontawesome-webfont.woff2?v=4.7.0 HTTP/1.0" 304 146 "https://www.puskopditbkcukalimantan.org/plugins/font-awesome/css/font-awesome.min.css" "Mozilla/5.0 (Android 5.0.1; Mobile; rv:49.0) Gecko/49.0 Firefox/49.0"
207.182.150.10 - - [21/Jul/2017:00:06:20 +0000] "GET /login/ HTTP/1.1" 301 527 "-" "Mozilla/4.0 (compatible; MSIE 6.0; Windows 98)"
162.158.63.6 - - [21/Jul/2017:00:06:27 +0000] "GET / HTTP/1.1" 301 554 "-" "Mozilla/5.0 (X11; Linux x86_64) AppleWebKit/537.36 (KHTML, like Gecko) Chrome/43.0.2357.134 Safari/537.36 http://notifyninja.com/monitoring"
162.158.63.6 - - [21/Jul/2017:00:06:28 +0000] "GET / HTTP/1.1" 200 14508 "-" "Mozilla/5.0 (X11; Linux x86_64) AppleWebKit/537.36 (KHTML, like Gecko) Chrome/43.0.2357.134 Safari/537.36 http://notifyninja.com/monitoring"
108.162.245.66 - - [21/Jul/2017:00:06:49 +0000] "GET /jaufez/hermitish/14892-1524/fastuously-lutrine/gastrorrhagia.shtm HTTP/1.1" 301 684 "-" "Mozilla/5.0 (Linux; Android 6.0.1; Nexus 5X Build/MMB29P) AppleWebKit/537.36 (KHTML, like Gecko) Chrome/41.0.2272.96 Mobile Safari/537.36 (compatible; Googlebot/2.1; +http://www.google.com/bot.html)"
108.162.245.66 - - [21/Jul/2017:00:06:50 +0000] "GET /jaufez/hermitish/14892-1524/fastuously-lutrine/gastrorrhagia.shtm HTTP/1.0" 200 15193 "-" "Mozilla/5.0 (Linux; Android 6.0.1; Nexus 5X Build/MMB29P) AppleWebKit/537.36 (KHTML, like Gecko) Chrome/41.0.2272.96 Mobile Safari/537.36 (compatible; Googlebot/2.1; +http://www.google.com/bot.html)"
141.101.76.180 - - [21/Jul/2017:00:07:17 +0000] "GET /promo HTTP/1.1" 200 10866 "-" "WhatsApp/2.17.190 A"
162.158.89.63 - - [21/Jul/2017:00:07:53 +0000] "GET /index.php/hymnecu HTTP/1.1" 200 6901 "-" "Mozilla/5.0 (compatible; YandexBot/3.0; +http://yandex.com/bots)"
162.158.91.121 - - [21/Jul/2017:00:10:16 +0000] "GET /download HTTP/1.1" 200 7427 "-" "Mozilla/5.0 (compatible; YandexBot/3.0; +http://yandex.com/bots)"
162.158.6.108 - - [21/Jul/2017:00:12:01 +0000] "GET / HTTP/1.1" 301 554 "-" "WHR"
108.162.246.31 - - [21/Jul/2017:00:11:59 +0000] "GET /?i=16 HTTP/1.1" 200 15975 "-" "Mozilla/5.0 (compatible; Googlebot/2.1; +http://www.google.com/bot.html)"
108.162.245.156 - - [21/Jul/2017:00:12:32 +0000] "GET /rss.xml HTTP/1.1" 301 580 "-" "FeedFetcher-Google; (+http://www.google.com/feedfetcher.html)"
162.158.6.42 - - [21/Jul/2017:00:12:36 +0000] "GET / HTTP/1.1" 301 566 "-" "WHR"
108.162.245.156 - - [21/Jul/2017:00:12:35 +0000] "GET /rss.xml HTTP/1.1" 200 15469 "-" "FeedFetcher-Google; (+http://www.google.com/feedfetcher.html)"
108.162.245.42 - - [21/Jul/2017:00:12:37 +0000] "GET /feature/ls HTTP/1.1" 200 14229 "-" "Mozilla/5.0 (compatible; Googlebot/2.1; +http://www.google.com/bot.html)"
162.158.106.62 - - [21/Jul/2017:00:17:02 +0000] "GET /jaufez/hermitish/14892-24755/bankruptly-lutrine/gastrorrhagia.shtm HTTP/1.1" 301 698 "-" "Mozilla/5.0 (compatible; Googlebot/2.1; +http://www.google.com/bot.html)"
162.158.6.42 - - [21/Jul/2017:00:17:05 +0000] "GET / HTTP/1.1" 301 566 "-" "WHR"
162.158.106.62 - - [21/Jul/2017:00:17:03 +0000] "GET /jaufez/hermitish/14892-24755/bankruptly-lutrine/gastrorrhagia.shtm HTTP/1.0" 200 16497 "-" "Mozilla/5.0 (compatible; Googlebot/2.1; +http://www.google.com/bot.html)"
108.162.245.66 - - [21/Jul/2017:00:27:20 +0000] "GET / HTTP/1.1" 301 566 "-" "Mozilla/5.0 (compatible; Googlebot/2.1; +http://www.google.com/bot.html)"
108.162.245.66 - - [21/Jul/2017:00:27:21 +0000] "GET / HTTP/1.0" 200 12139 "-" "Mozilla/5.0 (compatible; Googlebot/2.1; +http://www.google.com/bot.html)"
141.101.105.230 - - [21/Jul/2017:00:27:26 +0000] "GET /cuprimer_detail/9 HTTP/1.1" 200 7361 "https://www.google.com/" "Mozilla/5.0 (Windows NT 6.2; WOW64; rv:55.0) Gecko/20100101 Firefox/55.0"
141.101.104.151 - - [21/Jul/2017:00:28:08 +0000] "GET /plugins/font-awesome/fonts/fontawesome-webfont.woff2?v=4.7.0 HTTP/1.0" 200 77387 "https://puskopditbkcukalimantan.org/plugins/font-awesome/css/font-awesome.min.css" "Mozilla/5.0 (Windows NT 6.2; WOW64; rv:55.0) Gecko/20100101 Firefox/55.0"
162.158.6.108 - - [21/Jul/2017:00:32:31 +0000] "GET / HTTP/1.1" 301 554 "-" "WHR"
108.162.245.240 - - [21/Jul/2017:00:32:29 +0000] "GET / HTTP/1.1" 200 14979 "-" "Mozilla/5.0 (Linux; Android 6.0.1; Nexus 5X Build/MMB29P) AppleWebKit/537.36 (KHTML, like Gecko) Chrome/41.0.2272.96 Mobile Safari/537.36 (compatible; Googlebot/2.1; +http://www.google.com/bot.html)"
108.162.246.139 - - [21/Jul/2017:00:36:09 +0000] "GET /jaufez/hermitish/14892-5155/joist-lutrine/gastrorrhagia.shtm HTTP/1.1" 301 674 "-" "Mozilla/5.0 (compatible; Googlebot/2.1; +http://www.google.com/bot.html)"
162.158.6.108 - - [21/Jul/2017:00:36:12 +0000] "GET / HTTP/1.1" 301 554 "-" "WHR"
108.162.246.139 - - [21/Jul/2017:00:36:10 +0000] "GET /jaufez/hermitish/14892-5155/joist-lutrine/gastrorrhagia.shtm HTTP/1.0" 200 15257 "-" "Mozilla/5.0 (compatible; Googlebot/2.1; +http://www.google.com/bot.html)"
162.158.6.42 - - [21/Jul/2017:00:42:31 +0000] "GET / HTTP/1.1" 301 566 "-" "WHR"
108.162.245.66 - - [21/Jul/2017:00:42:29 +0000] "GET / HTTP/1.1" 200 14528 "-" "Mozilla/5.0 (compatible; Googlebot/2.1; +http://www.google.com/bot.html)"
162.158.6.108 - - [21/Jul/2017:00:47:41 +0000] "GET / HTTP/1.1" 301 554 "-" "WHR"
108.162.245.240 - - [21/Jul/2017:00:47:39 +0000] "GET / HTTP/1.1" 200 14591 "-" "Mozilla/5.0 (compatible; Googlebot/2.1; +http://www.google.com/bot.html)"
108.162.246.241 - - [21/Jul/2017:00:47:43 +0000] "GET /jaufez/hermitish/14892-14184/mononeural-lutrine/gastrorrhagia.shtm HTTP/1.1" 200 16138 "-" "Mozilla/5.0 (compatible; Googlebot/2.1; +http://www.google.com/bot.html)"
108.162.245.150 - - [21/Jul/2017:00:52:12 +0000] "GET /attribution HTTP/1.1" 301 588 "-" "Mozilla/5.0 (compatible; DotBot/1.1; http://www.opensiteexplorer.org/dotbot, help@moz.com)"
108.162.245.240 - - [21/Jul/2017:00:52:39 +0000] "GET / HTTP/1.1" 301 554 "-" "Mozilla/5.0 (Linux; Android 6.0.1; Nexus 5X Build/MMB29P) AppleWebKit/537.36 (KHTML, like Gecko) Chrome/41.0.2272.96 Mobile Safari/537.36 (compatible; Googlebot/2.1; +http://www.google.com/bot.html)"
108.162.245.240 - - [21/Jul/2017:00:52:40 +0000] "GET / HTTP/1.0" 200 14947 "-" "Mozilla/5.0 (Linux; Android 6.0.1; Nexus 5X Build/MMB29P) AppleWebKit/537.36 (KHTML, like Gecko) Chrome/41.0.2272.96 Mobile Safari/537.36 (compatible; Googlebot/2.1; +http://www.google.com/bot.html)"
108.162.245.60 - - [21/Jul/2017:00:56:00 +0000] "GET /cuprimer_detail/41 HTTP/1.1" 200 7346 "http://www.google.co.id/search?q=www.cu+usaha+kita.com&client=ms-opera-mini-android&channel=new&gws_rd=cr&ei=GlFxWZm8GtLUjwP6mJXwCg" "Opera/9.80 (Android; Opera Mini/19.0.2254/66.247; U; id) Presto/2.12.423 Version/12.16"
108.162.246.241 - - [21/Jul/2017:00:56:01 +0000] "GET /plugins/font-awesome/fonts/fontawesome-webfont.woff?v=4.7.0 HTTP/1.0" 200 98288 "https://puskopditbkcukalimantan.org/cuprimer_detail/41" "Opera/9.80 (Android; Opera Mini/19.0.2254/66.247; U; id) Presto/2.12.423 Version/12.16"
108.162.245.60 - - [21/Jul/2017:01:00:51 +0000] "GET /cuprimer_detail/41 HTTP/1.0" 200 7397 "http://www.google.co.id/search?q=informasi+tentang+cu+usaha+kita+tahun+2017&client=ms-opera-mini-android&channel=new&gws_rd=cr&ei=NlJxWdb3CYTCjwOB6ZiQBQ" "Opera/9.80 (Android; Opera Mini/19.0.2254/66.247; U; id) Presto/2.12.423 Version/12.16"
162.158.6.108 - - [21/Jul/2017:01:13:42 +0000] "GET / HTTP/1.1" 301 554 "-" "WHR"
108.162.245.78 - - [21/Jul/2017:01:13:41 +0000] "GET /jaufez/hermitish/14892-21749/methanometer-lutrine/gastrorrhagia.shtm HTTP/1.1" 200 12572 "-" "Mozilla/5.0 (compatible; Googlebot/2.1; +http://www.google.com/bot.html)"
162.158.6.42 - - [21/Jul/2017:01:14:53 +0000] "GET / HTTP/1.1" 301 566 "-" "WHR"
108.162.246.205 - - [21/Jul/2017:01:14:51 +0000] "GET /index.php/cuprimer_detail/43 HTTP/1.1" 200 16006 "-" "Mozilla/5.0 (compatible; Googlebot/2.1; +http://www.google.com/bot.html)"
108.162.246.85 - - [21/Jul/2017:01:23:43 +0000] "GET /pelayanan HTTP/1.1" 301 572 "-" "Mozilla/5.0 (compatible; Googlebot/2.1; +http://www.google.com/bot.html)"
162.158.6.108 - - [21/Jul/2017:01:23:46 +0000] "GET / HTTP/1.1" 301 554 "-" "WHR"
108.162.246.85 - - [21/Jul/2017:01:23:44 +0000] "GET /pelayanan HTTP/1.0" 200 15998 "-" "Mozilla/5.0 (compatible; Googlebot/2.1; +http://www.google.com/bot.html)"
162.158.6.42 - - [21/Jul/2017:01:28:38 +0000] "GET / HTTP/1.1" 301 566 "-" "WHR"
108.162.238.127 - - [21/Jul/2017:01:28:36 +0000] "GET / HTTP/1.1" 200 14546 "-" "Mozilla/5.0 (compatible; bingbot/2.0; +http://www.bing.com/bingbot.htm)"
108.162.245.174 - - [21/Jul/2017:01:28:41 +0000] "GET /cuprimer_detail/11 HTTP/1.1" 200 14111 "-" "Mozilla/5.0 (compatible; Googlebot/2.1; +http://www.google.com/bot.html)"
141.101.105.170 - - [21/Jul/2017:01:32:13 +0000] "POST //api_post HTTP/1.0" 500 9505 "-" "GuzzleHttp/6.2.1 curl/7.49.1 PHP/7.0.9"
