172.68.141.114 - - [20/Jul/2017:12:10:06 +0000] "GET /plugins/font-awesome/fonts/fontawesome-webfont.woff2?v=4.7.0 HTTP/1.0" 200 77387 "https://www.puskopditbkcukalimantan.org/plugins/font-awesome/css/font-awesome.min.css" "Mozilla/5.0 (Windows NT 6.1; Win64; x64) AppleWebKit/537.36 (KHTML, like Gecko) Chrome/59.0.3071.115 Safari/537.36"
172.68.141.12 - - [20/Jul/2017:12:11:01 +0000] "GET /artikel/6 HTTP/1.0" 200 7497 "https://www.puskopditbkcukalimantan.org/" "Mozilla/5.0 (Windows NT 6.1; Win64; x64) AppleWebKit/537.36 (KHTML, like Gecko) Chrome/59.0.3071.115 Safari/537.36"
172.68.141.12 - - [20/Jul/2017:12:11:21 +0000] "GET / HTTP/1.0" 200 14584 "https://www.puskopditbkcukalimantan.org/" "Mozilla/5.0 (Windows NT 6.1; Win64; x64) AppleWebKit/537.36 (KHTML, like Gecko) Chrome/59.0.3071.115 Safari/537.36"
172.68.141.12 - - [20/Jul/2017:12:11:53 +0000] "GET /cuprimer HTTP/1.0" 200 9909 "https://www.puskopditbkcukalimantan.org/" "Mozilla/5.0 (Windows NT 6.1; Win64; x64) AppleWebKit/537.36 (KHTML, like Gecko) Chrome/59.0.3071.115 Safari/537.36"
162.158.106.50 - - [20/Jul/2017:12:12:49 +0000] "GET /index.php/download/26_04_2016_09_50_35_N4TeheOEMFCOXqegdJrn.pdf HTTP/1.1" 301 680 "-" "Mozilla/5.0 (Linux; Android 6.0.1; Nexus 5X Build/MMB29P) AppleWebKit/537.36 (KHTML, like Gecko) Chrome/41.0.2272.96 Mobile Safari/537.36 (compatible; Googlebot/2.1; +http://www.google.com/bot.html)"
162.158.6.108 - - [20/Jul/2017:12:12:55 +0000] "GET / HTTP/1.1" 301 554 "-" "WHR"
108.162.245.168 - - [20/Jul/2017:12:12:53 +0000] "GET /jaufez/hermitish/14892-27815/cottonee-lutrine/gastrorrhagia.shtm HTTP/1.1" 200 14232 "-" "Mozilla/5.0 (compatible; Googlebot/2.1; +http://www.google.com/bot.html)"
108.162.245.252 - - [20/Jul/2017:12:12:56 +0000] "GET /jaufez/hermitish/14892-7056/mononeural-lutrine/gastrorrhagia.shtm HTTP/1.1" 301 696 "-" "Mozilla/5.0 (Linux; Android 6.0.1; Nexus 5X Build/MMB29P) AppleWebKit/537.36 (KHTML, like Gecko) Chrome/41.0.2272.96 Mobile Safari/537.36 (compatible; Googlebot/2.1; +http://www.google.com/bot.html)"
162.158.6.42 - - [20/Jul/2017:12:12:59 +0000] "GET / HTTP/1.1" 301 566 "-" "WHR"
108.162.245.252 - - [20/Jul/2017:12:12:57 +0000] "GET /jaufez/hermitish/14892-7056/mononeural-lutrine/gastrorrhagia.shtm HTTP/1.0" 200 16189 "-" "Mozilla/5.0 (Linux; Android 6.0.1; Nexus 5X Build/MMB29P) AppleWebKit/537.36 (KHTML, like Gecko) Chrome/41.0.2272.96 Mobile Safari/537.36 (compatible; Googlebot/2.1; +http://www.google.com/bot.html)"
183.129.160.229 - - [20/Jul/2017:12:13:07 +0000] "GET / HTTP/1.1" 301 528 "-" "Mozilla/5.0 (Macintosh; Intel Mac OS X 10.11; rv:47.0) Gecko/20100101 Firefox/47.0"
172.68.141.12 - - [20/Jul/2017:12:14:31 +0000] "GET /cuprimer_detail/3 HTTP/1.0" 200 7329 "https://www.puskopditbkcukalimantan.org/cuprimer" "Mozilla/5.0 (Windows NT 6.1; Win64; x64) AppleWebKit/537.36 (KHTML, like Gecko) Chrome/59.0.3071.115 Safari/537.36"
172.68.141.12 - - [20/Jul/2017:12:15:13 +0000] "GET /cuprimer_detail/2 HTTP/1.0" 200 7711 "https://www.puskopditbkcukalimantan.org/cuprimer" "Mozilla/5.0 (Windows NT 6.1; Win64; x64) AppleWebKit/537.36 (KHTML, like Gecko) Chrome/59.0.3071.115 Safari/537.36"
172.68.141.12 - - [20/Jul/2017:12:15:58 +0000] "GET /cuprimer_detail/6 HTTP/1.0" 200 7347 "https://www.puskopditbkcukalimantan.org/cuprimer" "Mozilla/5.0 (Windows NT 6.1; Win64; x64) AppleWebKit/537.36 (KHTML, like Gecko) Chrome/59.0.3071.115 Safari/537.36"
172.68.141.12 - - [20/Jul/2017:12:16:19 +0000] "GET /cuprimer_detail/8 HTTP/1.0" 200 7368 "https://www.puskopditbkcukalimantan.org/cuprimer" "Mozilla/5.0 (Windows NT 6.1; Win64; x64) AppleWebKit/537.36 (KHTML, like Gecko) Chrome/59.0.3071.115 Safari/537.36"
172.68.141.12 - - [20/Jul/2017:12:17:25 +0000] "GET /cuprimer_detail/11 HTTP/1.0" 200 7341 "https://www.puskopditbkcukalimantan.org/cuprimer" "Mozilla/5.0 (Windows NT 6.1; Win64; x64) AppleWebKit/537.36 (KHTML, like Gecko) Chrome/59.0.3071.115 Safari/537.36"
172.68.141.12 - - [20/Jul/2017:12:17:55 +0000] "GET /cuprimer_detail/14 HTTP/1.0" 200 7225 "https://www.puskopditbkcukalimantan.org/cuprimer" "Mozilla/5.0 (Windows NT 6.1; Win64; x64) AppleWebKit/537.36 (KHTML, like Gecko) Chrome/59.0.3071.115 Safari/537.36"
172.68.141.12 - - [20/Jul/2017:12:18:15 +0000] "GET /cuprimer_detail/15 HTTP/1.0" 200 7388 "https://www.puskopditbkcukalimantan.org/cuprimer" "Mozilla/5.0 (Windows NT 6.1; Win64; x64) AppleWebKit/537.36 (KHTML, like Gecko) Chrome/59.0.3071.115 Safari/537.36"
172.68.141.12 - - [20/Jul/2017:12:18:31 +0000] "GET /cuprimer_detail/16 HTTP/1.0" 200 7374 "https://www.puskopditbkcukalimantan.org/cuprimer" "Mozilla/5.0 (Windows NT 6.1; Win64; x64) AppleWebKit/537.36 (KHTML, like Gecko) Chrome/59.0.3071.115 Safari/537.36"
172.68.141.12 - - [20/Jul/2017:12:18:59 +0000] "GET /cuprimer_detail/29 HTTP/1.0" 200 7372 "https://www.puskopditbkcukalimantan.org/cuprimer" "Mozilla/5.0 (Windows NT 6.1; Win64; x64) AppleWebKit/537.36 (KHTML, like Gecko) Chrome/59.0.3071.115 Safari/537.36"
172.68.141.12 - - [20/Jul/2017:12:19:21 +0000] "GET /cuprimer_detail/36 HTTP/1.0" 200 7373 "https://www.puskopditbkcukalimantan.org/cuprimer" "Mozilla/5.0 (Windows NT 6.1; Win64; x64) AppleWebKit/537.36 (KHTML, like Gecko) Chrome/59.0.3071.115 Safari/537.36"
172.68.141.12 - - [20/Jul/2017:12:19:47 +0000] "GET /cuprimer_detail/41 HTTP/1.0" 200 7406 "https://www.puskopditbkcukalimantan.org/cuprimer" "Mozilla/5.0 (Windows NT 6.1; Win64; x64) AppleWebKit/537.36 (KHTML, like Gecko) Chrome/59.0.3071.115 Safari/537.36"
162.158.6.108 - - [20/Jul/2017:12:19:58 +0000] "GET /customlist HTTP/1.1" 301 574 "-" "WHR"
108.162.246.139 - - [20/Jul/2017:12:19:53 +0000] "GET /customlist?id=13 HTTP/1.1" 200 14608 "-" "Mozilla/5.0 (compatible; Googlebot/2.1; +http://www.google.com/bot.html)"
162.158.6.42 - - [20/Jul/2017:12:21:09 +0000] "GET / HTTP/1.1" 301 566 "-" "WHR"
108.162.246.193 - - [20/Jul/2017:12:21:06 +0000] "GET /information/importantnotices HTTP/1.1" 200 15361 "-" "Mozilla/5.0 (compatible; Googlebot/2.1; +http://www.google.com/bot.html)"
108.162.245.240 - - [20/Jul/2017:12:22:50 +0000] "GET / HTTP/1.1" 301 554 "-" "Mozilla/5.0 (Linux; Android 6.0.1; Nexus 5X Build/MMB29P) AppleWebKit/537.36 (KHTML, like Gecko) Chrome/41.0.2272.96 Mobile Safari/537.36 (compatible; Googlebot/2.1; +http://www.google.com/bot.html)"
108.162.245.240 - - [20/Jul/2017:12:22:54 +0000] "GET / HTTP/1.0" 200 14749 "-" "Mozilla/5.0 (Linux; Android 6.0.1; Nexus 5X Build/MMB29P) AppleWebKit/537.36 (KHTML, like Gecko) Chrome/41.0.2272.96 Mobile Safari/537.36 (compatible; Googlebot/2.1; +http://www.google.com/bot.html)"
108.162.238.127 - - [20/Jul/2017:12:27:15 +0000] "GET / HTTP/1.1" 301 566 "-" "Mozilla/5.0 (compatible; bingbot/2.0; +http://www.bing.com/bingbot.htm)"
108.162.245.174 - - [20/Jul/2017:12:28:01 +0000] "GET /jaufez/hermitish/14892-16752/mononeural-lutrine/gastrorrhagia.shtm HTTP/1.1" 301 686 "-" "Mozilla/5.0 (compatible; Googlebot/2.1; +http://www.google.com/bot.html)"
108.162.245.108 - - [20/Jul/2017:12:28:02 +0000] "GET /cuprimer_detail/12 HTTP/1.1" 200 14390 "-" "Mozilla/5.0 (compatible; Googlebot/2.1; +http://www.google.com/bot.html)"
162.158.6.108 - - [20/Jul/2017:12:28:07 +0000] "GET / HTTP/1.1" 301 554 "-" "WHR"
108.162.245.174 - - [20/Jul/2017:12:28:05 +0000] "GET /jaufez/hermitish/14892-16752/mononeural-lutrine/gastrorrhagia.shtm HTTP/1.0" 200 14426 "-" "Mozilla/5.0 (compatible; Googlebot/2.1; +http://www.google.com/bot.html)"
108.162.246.253 - - [20/Jul/2017:12:28:35 +0000] "GET /nestrobe HTTP/1.1" 200 15640 "-" "Mozilla/5.0 (compatible; Googlebot/2.1; +http://www.google.com/bot.html)"
108.162.245.186 - - [20/Jul/2017:12:32:59 +0000] "GET /jaufez/hermitish/14892-3298/acetylcholine-lutrine/gastrorrhagia.shtm HTTP/1.1" 301 702 "-" "Mozilla/5.0 (Linux; Android 6.0.1; Nexus 5X Build/MMB29P) AppleWebKit/537.36 (KHTML, like Gecko) Chrome/41.0.2272.96 Mobile Safari/537.36 (compatible; Googlebot/2.1; +http://www.google.com/bot.html)"
162.158.6.42 - - [20/Jul/2017:12:33:02 +0000] "GET / HTTP/1.1" 301 566 "-" "WHR"
108.162.245.186 - - [20/Jul/2017:12:33:00 +0000] "GET /jaufez/hermitish/14892-3298/acetylcholine-lutrine/gastrorrhagia.shtm HTTP/1.0" 200 15024 "-" "Mozilla/5.0 (Linux; Android 6.0.1; Nexus 5X Build/MMB29P) AppleWebKit/537.36 (KHTML, like Gecko) Chrome/41.0.2272.96 Mobile Safari/537.36 (compatible; Googlebot/2.1; +http://www.google.com/bot.html)"
162.158.6.108 - - [20/Jul/2017:12:33:05 +0000] "GET / HTTP/1.1" 301 554 "-" "WHR"
108.162.245.198 - - [20/Jul/2017:12:33:03 +0000] "GET /jaufez/hermitish/14892-25117/detestably-lutrine/gastrorrhagia.shtm HTTP/1.1" 200 16144 "-" "Mozilla/5.0 (compatible; Googlebot/2.1; +http://www.google.com/bot.html)"
108.162.245.186 - - [20/Jul/2017:12:33:06 +0000] "GET /jaufez/hermitish/14892-3298/acetylcholine-lutrine/gastrorrhagia.shtm HTTP/1.0" 200 15293 "-" "Mozilla/5.0 (Linux; Android 6.0.1; Nexus 5X Build/MMB29P) AppleWebKit/537.36 (KHTML, like Gecko) Chrome/41.0.2272.96 Mobile Safari/537.36 (compatible; Googlebot/2.1; +http://www.google.com/bot.html)"
108.162.237.84 - - [20/Jul/2017:12:34:20 +0000] "GET /cuprimer_detail/47 HTTP/1.1" 200 7142 "-" "Mozilla/5.0 (compatible; YandexBot/3.0; +http://yandex.com/bots)"
172.68.141.12 - - [20/Jul/2017:12:37:35 +0000] "GET /cuprimer_detail/1 HTTP/1.0" 200 7409 "https://www.puskopditbkcukalimantan.org/cuprimer" "Mozilla/5.0 (Windows NT 6.1; Win64; x64) AppleWebKit/537.36 (KHTML, like Gecko) Chrome/59.0.3071.115 Safari/537.36"
162.158.6.108 - - [20/Jul/2017:12:38:11 +0000] "GET / HTTP/1.1" 301 554 "-" "WHR"
108.162.246.223 - - [20/Jul/2017:12:38:10 +0000] "GET /jaufez/hermitish/14892-1147/joist-lutrine/gastrorrhagia.shtm HTTP/1.1" 200 15674 "-" "Mozilla/5.0 (compatible; Googlebot/2.1; +http://www.google.com/bot.html)"
108.162.245.174 - - [20/Jul/2017:12:38:44 +0000] "GET /jaufez/hermitish/14892-18982/baldachin-lutrine/gastrorrhagia.shtm HTTP/1.1" 301 684 "-" "Mozilla/5.0 (compatible; Googlebot/2.1; +http://www.google.com/bot.html)"
108.162.245.174 - - [20/Jul/2017:12:38:46 +0000] "GET /jaufez/hermitish/14892-18982/baldachin-lutrine/gastrorrhagia.shtm HTTP/1.0" 200 15342 "-" "Mozilla/5.0 (compatible; Googlebot/2.1; +http://www.google.com/bot.html)"
172.68.78.18 - - [20/Jul/2017:12:39:36 +0000] "GET /artikel/2?page=3 HTTP/1.1" 200 7680 "-" "Mozilla/5.0 (compatible; YandexBot/3.0; +http://yandex.com/bots)"
162.158.91.145 - - [20/Jul/2017:12:40:37 +0000] "GET /cu/kelola_kegiatan HTTP/1.1" 301 590 "-" "Mozilla/5.0 (compatible; YandexBot/3.0; +http://yandex.com/bots)"
108.162.246.253 - - [20/Jul/2017:12:42:17 +0000] "GET /jaufez/hermitish/14892-24647/cottonee-lutrine/gastrorrhagia.shtm HTTP/1.1" 301 682 "-" "Mozilla/5.0 (compatible; Googlebot/2.1; +http://www.google.com/bot.html)"
162.158.6.108 - - [20/Jul/2017:12:42:20 +0000] "GET / HTTP/1.1" 301 554 "-" "WHR"
108.162.246.253 - - [20/Jul/2017:12:42:18 +0000] "GET /jaufez/hermitish/14892-24647/cottonee-lutrine/gastrorrhagia.shtm HTTP/1.0" 200 15069 "-" "Mozilla/5.0 (compatible; Googlebot/2.1; +http://www.google.com/bot.html)"
108.162.246.199 - - [20/Jul/2017:12:43:19 +0000] "GET /jaufez/hermitish/14892-16335/alkaligen-lutrine/gastrorrhagia.shtm HTTP/1.1" 301 684 "-" "Mozilla/5.0 (Linux; Android 6.0.1; Nexus 5X Build/MMB29P) AppleWebKit/537.36 (KHTML, like Gecko) Chrome/41.0.2272.96 Mobile Safari/537.36 (compatible; Googlebot/2.1; +http://www.google.com/bot.html)"
108.162.246.199 - - [20/Jul/2017:12:43:20 +0000] "GET /jaufez/hermitish/14892-16335/alkaligen-lutrine/gastrorrhagia.shtm HTTP/1.0" 200 15105 "-" "Mozilla/5.0 (Linux; Android 6.0.1; Nexus 5X Build/MMB29P) AppleWebKit/537.36 (KHTML, like Gecko) Chrome/41.0.2272.96 Mobile Safari/537.36 (compatible; Googlebot/2.1; +http://www.google.com/bot.html)"
162.158.6.42 - - [20/Jul/2017:12:53:41 +0000] "GET / HTTP/1.1" 301 566 "-" "WHR"
108.162.245.192 - - [20/Jul/2017:12:53:39 +0000] "GET /jaufez/hermitish/14892-18532/megalohepatia-lutrine/gastrorrhagia.shtm HTTP/1.1" 200 12638 "-" "Mozilla/5.0 (compatible; Googlebot/2.1; +http://www.google.com/bot.html)"
108.162.245.114 - - [20/Jul/2017:12:53:42 +0000] "GET /hymnecu HTTP/1.1" 200 12401 "-" "Mozilla/5.0 (compatible; Googlebot/2.1; +http://www.google.com/bot.html)"
108.162.246.127 - - [20/Jul/2017:12:55:20 +0000] "GET /jaufez/hermitish/14892-4075/joist-lutrine/gastrorrhagia.shtm HTTP/1.1" 301 674 "-" "Mozilla/5.0 (compatible; Googlebot/2.1; +http://www.google.com/bot.html)"
162.158.6.108 - - [20/Jul/2017:12:55:26 +0000] "GET / HTTP/1.1" 301 554 "-" "WHR"
108.162.246.127 - - [20/Jul/2017:12:55:23 +0000] "GET /jaufez/hermitish/14892-4075/joist-lutrine/gastrorrhagia.shtm HTTP/1.0" 200 15376 "-" "Mozilla/5.0 (compatible; Googlebot/2.1; +http://www.google.com/bot.html)"
108.162.245.150 - - [20/Jul/2017:12:58:51 +0000] "GET /jaufez/hermitish/14892-3321/listing-lutrine/gastrorrhagia.shtm HTTP/1.1" 301 690 "-" "Mozilla/5.0 (Linux; Android 6.0.1; Nexus 5X Build/MMB29P) AppleWebKit/537.36 (KHTML, like Gecko) Chrome/41.0.2272.96 Mobile Safari/537.36 (compatible; Googlebot/2.1; +http://www.google.com/bot.html)"
162.158.6.42 - - [20/Jul/2017:12:58:54 +0000] "GET / HTTP/1.1" 301 566 "-" "WHR"
108.162.245.150 - - [20/Jul/2017:12:58:52 +0000] "GET /jaufez/hermitish/14892-3321/listing-lutrine/gastrorrhagia.shtm HTTP/1.0" 200 16017 "-" "Mozilla/5.0 (Linux; Android 6.0.1; Nexus 5X Build/MMB29P) AppleWebKit/537.36 (KHTML, like Gecko) Chrome/41.0.2272.96 Mobile Safari/537.36 (compatible; Googlebot/2.1; +http://www.google.com/bot.html)"
162.158.6.108 - - [20/Jul/2017:13:00:22 +0000] "GET / HTTP/1.1" 301 554 "-" "WHR"
162.158.106.32 - - [20/Jul/2017:13:00:20 +0000] "GET /guide? HTTP/1.1" 200 14178 "-" "Mozilla/5.0 (compatible; Googlebot/2.1; +http://www.google.com/bot.html)"
162.158.106.56 - - [20/Jul/2017:13:03:50 +0000] "GET /index.php/cuprimer_detail/12 HTTP/1.1" 301 610 "-" "Mozilla/5.0 (compatible; Googlebot/2.1; +http://www.google.com/bot.html)"
162.158.6.108 - - [20/Jul/2017:13:03:54 +0000] "GET / HTTP/1.1" 301 554 "-" "WHR"
162.158.106.56 - - [20/Jul/2017:13:03:51 +0000] "GET /index.php/cuprimer_detail/12 HTTP/1.0" 200 14715 "-" "Mozilla/5.0 (compatible; Googlebot/2.1; +http://www.google.com/bot.html)"
162.158.111.243 - - [20/Jul/2017:13:08:21 +0000] "GET /index.php/cuprimer_detail/34 HTTP/1.1" 301 610 "-" "Mozilla/5.0 (compatible; AhrefsBot/5.2; +http://ahrefs.com/robot/)"
162.158.6.42 - - [20/Jul/2017:13:09:01 +0000] "GET / HTTP/1.1" 301 566 "-" "WHR"
162.158.106.20 - - [20/Jul/2017:13:08:59 +0000] "GET /jaufez/hermitish/14892-23148/fastuously-lutrine/gastrorrhagia.shtm HTTP/1.1" 200 15950 "-" "Mozilla/5.0 (compatible; Googlebot/2.1; +http://www.google.com/bot.html)"
172.68.10.120 - - [20/Jul/2017:13:10:09 +0000] "GET /cuprimer_detail/20 HTTP/1.1" 200 7328 "-" "Mozilla/5.0 (compatible; YandexBot/3.0; +http://yandex.com/bots)"
108.162.237.210 - - [20/Jul/2017:13:11:45 +0000] "GET /artikel/0?page=1 HTTP/1.1" 200 9602 "-" "Mozilla/5.0 (compatible; YandexBot/3.0; +http://yandex.com/bots)"
162.158.89.231 - - [20/Jul/2017:13:14:00 +0000] "GET /artikel_detail/18 HTTP/1.1" 200 12535 "-" "Mozilla/5.0 (compatible; YandexBot/3.0; +http://yandex.com/bots)"
162.158.6.108 - - [20/Jul/2017:13:14:01 +0000] "GET / HTTP/1.1" 301 554 "-" "WHR"
108.162.245.6 - - [20/Jul/2017:13:13:59 +0000] "GET /cuprimer_detail/12 HTTP/1.1" 200 14018 "-" "Mozilla/5.0 (Linux; Android 6.0.1; Nexus 5X Build/MMB29P) AppleWebKit/537.36 (KHTML, like Gecko) Chrome/41.0.2272.96 Mobile Safari/537.36 (compatible; Googlebot/2.1; +http://www.google.com/bot.html)"
141.101.76.216 - - [20/Jul/2017:13:14:20 +0000] "GET / HTTP/1.1" 301 566 "-" "Mozilla/5.0 (compatible; MJ12bot/v1.4.8; http://mj12bot.com/)"
141.101.76.216 - - [20/Jul/2017:13:14:23 +0000] "GET / HTTP/1.1" 200 14528 "-" "Mozilla/5.0 (compatible; MJ12bot/v1.4.8; http://mj12bot.com/)"
162.158.6.42 - - [20/Jul/2017:13:19:07 +0000] "GET / HTTP/1.1" 301 566 "-" "WHR"
108.162.246.181 - - [20/Jul/2017:13:19:04 +0000] "GET /download HTTP/1.1" 200 15509 "-" "Mozilla/5.0 (compatible; Googlebot/2.1; +http://www.google.com/bot.html)"
108.162.245.168 - - [20/Jul/2017:13:19:10 +0000] "GET /jaufez/hermitish/14892-16824/mononeural-lutrine/gastrorrhagia.shtm HTTP/1.1" 301 698 "-" "Mozilla/5.0 (compatible; Googlebot/2.1; +http://www.google.com/bot.html)"
108.162.245.168 - - [20/Jul/2017:13:19:13 +0000] "GET /jaufez/hermitish/14892-16824/mononeural-lutrine/gastrorrhagia.shtm HTTP/1.0" 200 16066 "-" "Mozilla/5.0 (compatible; Googlebot/2.1; +http://www.google.com/bot.html)"
162.158.91.211 - - [20/Jul/2017:13:19:28 +0000] "GET /cuprimer_detail/27 HTTP/1.1" 200 7351 "-" "Mozilla/5.0 (compatible; YandexBot/3.0; +http://yandex.com/bots)"
141.101.104.85 - - [20/Jul/2017:13:19:52 +0000] "GET / HTTP/1.1" 200 14503 "https://www.google.co.id/" "Mozilla/5.0 (Linux; Android 6.0.1; SAMSUNG SM-G610F Build/MMB29K) AppleWebKit/537.36 (KHTML, like Gecko) SamsungBrowser/5.4 Chrome/51.0.2704.106 Mobile Safari/537.36"
141.101.105.206 - - [20/Jul/2017:13:20:06 +0000] "GET /plugins/font-awesome/fonts/fontawesome-webfont.woff2?v=4.7.0 HTTP/1.0" 304 146 "https://www.puskopditbkcukalimantan.org/plugins/font-awesome/css/font-awesome.min.css" "Mozilla/5.0 (Linux; Android 6.0.1; SAMSUNG SM-G610F Build/MMB29K) AppleWebKit/537.36 (KHTML, like Gecko) SamsungBrowser/5.4 Chrome/51.0.2704.106 Mobile Safari/537.36"
108.162.245.108 - - [20/Jul/2017:13:24:09 +0000] "GET /jaufez/hermitish/14892-17166/cremorne-lutrine/gastrorrhagia.shtm HTTP/1.1" 301 682 "-" "Mozilla/5.0 (compatible; Googlebot/2.1; +http://www.google.com/bot.html)"
162.158.6.108 - - [20/Jul/2017:13:24:12 +0000] "GET / HTTP/1.1" 301 554 "-" "WHR"
108.162.245.108 - - [20/Jul/2017:13:24:10 +0000] "GET /jaufez/hermitish/14892-17166/cremorne-lutrine/gastrorrhagia.shtm HTTP/1.0" 200 16292 "-" "Mozilla/5.0 (compatible; Googlebot/2.1; +http://www.google.com/bot.html)"
162.158.6.42 - - [20/Jul/2017:13:24:15 +0000] "GET / HTTP/1.1" 301 566 "-" "WHR"
108.162.246.151 - - [20/Jul/2017:13:24:13 +0000] "GET /jaufez/hermitish/14892-21295/depilate-lutrine/gastrorrhagia.shtm HTTP/1.1" 200 15068 "-" "Mozilla/5.0 (compatible; Googlebot/2.1; +http://www.google.com/bot.html)"
108.162.245.60 - - [20/Jul/2017:13:29:20 +0000] "GET /jaufez/hermitish/14892-16900/megalohepatia-lutrine/gastrorrhagia.shtm HTTP/1.1" 301 704 "-" "Mozilla/5.0 (Linux; Android 6.0.1; Nexus 5X Build/MMB29P) AppleWebKit/537.36 (KHTML, like Gecko) Chrome/41.0.2272.96 Mobile Safari/537.36 (compatible; Googlebot/2.1; +http://www.google.com/bot.html)"
162.158.6.42 - - [20/Jul/2017:13:29:23 +0000] "GET / HTTP/1.1" 301 566 "-" "WHR"
108.162.245.60 - - [20/Jul/2017:13:29:21 +0000] "GET /jaufez/hermitish/14892-16900/megalohepatia-lutrine/gastrorrhagia.shtm HTTP/1.0" 200 15594 "-" "Mozilla/5.0 (Linux; Android 6.0.1; Nexus 5X Build/MMB29P) AppleWebKit/537.36 (KHTML, like Gecko) Chrome/41.0.2272.96 Mobile Safari/537.36 (compatible; Googlebot/2.1; +http://www.google.com/bot.html)"
108.162.246.103 - - [20/Jul/2017:13:34:19 +0000] "GET /jaufez/hermitish/14892-12986/dyscrystalline-lutrine/gastrorrhagia.shtm HTTP/1.1" 301 706 "-" "Mozilla/5.0 (compatible; Googlebot/2.1; +http://www.google.com/bot.html)"
162.158.6.42 - - [20/Jul/2017:13:34:23 +0000] "GET / HTTP/1.1" 301 566 "-" "WHR"
108.162.246.103 - - [20/Jul/2017:13:34:21 +0000] "GET /jaufez/hermitish/14892-12986/dyscrystalline-lutrine/gastrorrhagia.shtm HTTP/1.0" 200 14455 "-" "Mozilla/5.0 (compatible; Googlebot/2.1; +http://www.google.com/bot.html)"
162.158.6.108 - - [20/Jul/2017:13:34:26 +0000] "GET / HTTP/1.1" 301 554 "-" "WHR"
108.162.245.6 - - [20/Jul/2017:13:34:24 +0000] "GET /cuprimer_detail/12 HTTP/1.1" 200 14588 "-" "Mozilla/5.0 (compatible; Googlebot/2.1; +http://www.google.com/bot.html)"
108.162.246.103 - - [20/Jul/2017:13:34:26 +0000] "GET /jaufez/hermitish/14892-12986/dyscrystalline-lutrine/gastrorrhagia.shtm HTTP/1.0" 200 14611 "-" "Mozilla/5.0 (compatible; Googlebot/2.1; +http://www.google.com/bot.html)"
172.68.142.97 - - [20/Jul/2017:13:38:27 +0000] "GET /cudetail/19 HTTP/1.1" 301 588 "-" "Mozilla/5.0 (compatible; Baiduspider/2.0; +http://www.baidu.com/search/spider.html)"
162.158.6.42 - - [20/Jul/2017:13:38:30 +0000] "GET / HTTP/1.1" 301 566 "-" "WHR"
172.68.142.97 - - [20/Jul/2017:13:38:28 +0000] "GET /cudetail/19 HTTP/1.0" 200 15999 "-" "Mozilla/5.0 (compatible; Baiduspider/2.0; +http://www.baidu.com/search/spider.html)"
162.158.106.50 - - [20/Jul/2017:13:39:41 +0000] "GET /jaufez/hermitish/14892-17176/misimagination-lutrine/gastrorrhagia.shtm HTTP/1.1" 301 706 "-" "Mozilla/5.0 (Linux; Android 6.0.1; Nexus 5X Build/MMB29P) AppleWebKit/537.36 (KHTML, like Gecko) Chrome/41.0.2272.96 Mobile Safari/537.36 (compatible; Googlebot/2.1; +http://www.google.com/bot.html)"
162.158.106.50 - - [20/Jul/2017:13:39:42 +0000] "GET /jaufez/hermitish/14892-17176/misimagination-lutrine/gastrorrhagia.shtm HTTP/1.0" 200 15980 "-" "Mozilla/5.0 (Linux; Android 6.0.1; Nexus 5X Build/MMB29P) AppleWebKit/537.36 (KHTML, like Gecko) Chrome/41.0.2272.96 Mobile Safari/537.36 (compatible; Googlebot/2.1; +http://www.google.com/bot.html)"
162.158.6.42 - - [20/Jul/2017:13:44:16 +0000] "GET / HTTP/1.1" 301 566 "-" "WHR"
108.162.245.42 - - [20/Jul/2017:13:44:13 +0000] "GET /feature/ls HTTP/1.1" 200 14645 "-" "Mozilla/5.0 (compatible; Googlebot/2.1; +http://www.google.com/bot.html)"
108.162.246.181 - - [20/Jul/2017:13:44:42 +0000] "GET /jaufez/hermitish/14892-8365/detestably-lutrine/gastrorrhagia.shtm HTTP/1.1" 301 696 "-" "Mozilla/5.0 (Linux; Android 6.0.1; Nexus 5X Build/MMB29P) AppleWebKit/537.36 (KHTML, like Gecko) Chrome/41.0.2272.96 Mobile Safari/537.36 (compatible; Googlebot/2.1; +http://www.google.com/bot.html)"
108.162.246.181 - - [20/Jul/2017:13:44:45 +0000] "GET /jaufez/hermitish/14892-8365/detestably-lutrine/gastrorrhagia.shtm HTTP/1.0" 200 16396 "-" "Mozilla/5.0 (Linux; Android 6.0.1; Nexus 5X Build/MMB29P) AppleWebKit/537.36 (KHTML, like Gecko) Chrome/41.0.2272.96 Mobile Safari/537.36 (compatible; Googlebot/2.1; +http://www.google.com/bot.html)"
108.162.245.78 - - [20/Jul/2017:13:49:52 +0000] "GET /nest-Robe-199883363384591 HTTP/1.1" 301 604 "-" "Mozilla/5.0 (Linux; Android 6.0.1; Nexus 5X Build/MMB29P) AppleWebKit/537.36 (KHTML, like Gecko) Chrome/41.0.2272.96 Mobile Safari/537.36 (compatible; Googlebot/2.1; +http://www.google.com/bot.html)"
162.158.6.108 - - [20/Jul/2017:13:49:56 +0000] "GET / HTTP/1.1" 301 554 "-" "WHR"
108.162.245.78 - - [20/Jul/2017:13:49:53 +0000] "GET /nest-Robe-199883363384591 HTTP/1.0" 200 16119 "-" "Mozilla/5.0 (Linux; Android 6.0.1; Nexus 5X Build/MMB29P) AppleWebKit/537.36 (KHTML, like Gecko) Chrome/41.0.2272.96 Mobile Safari/537.36 (compatible; Googlebot/2.1; +http://www.google.com/bot.html)"
162.158.6.108 - - [20/Jul/2017:13:54:53 +0000] "GET / HTTP/1.1" 301 554 "-" "WHR"
108.162.246.193 - - [20/Jul/2017:13:54:51 +0000] "GET /jaufez/hermitish/14892-17660/graphitization-lutrine/gastrorrhagia.shtm HTTP/1.1" 200 15624 "-" "Mozilla/5.0 (compatible; Googlebot/2.1; +http://www.google.com/bot.html)"
108.162.246.67 - - [20/Jul/2017:14:05:13 +0000] "GET /jaufez/hermitish/14892-23944/misimagination-lutrine/gastrorrhagia.shtm HTTP/1.1" 301 694 "-" "Mozilla/5.0 (compatible; Googlebot/2.1; +http://www.google.com/bot.html)"
162.158.6.108 - - [20/Jul/2017:14:05:17 +0000] "GET / HTTP/1.1" 301 554 "-" "WHR"
108.162.246.67 - - [20/Jul/2017:14:05:14 +0000] "GET /jaufez/hermitish/14892-23944/misimagination-lutrine/gastrorrhagia.shtm HTTP/1.0" 200 13933 "-" "Mozilla/5.0 (compatible; Googlebot/2.1; +http://www.google.com/bot.html)"
108.162.245.96 - - [20/Jul/2017:14:11:07 +0000] "GET /jaufez/hermitish/14892-450/locust-lutrine/gastrorrhagia.shtm HTTP/1.1" 301 674 "-" "Mozilla/5.0 (compatible; Googlebot/2.1; +http://www.google.com/bot.html)"
162.158.6.108 - - [20/Jul/2017:14:11:10 +0000] "GET / HTTP/1.1" 301 554 "-" "WHR"
108.162.245.96 - - [20/Jul/2017:14:11:08 +0000] "GET /jaufez/hermitish/14892-450/locust-lutrine/gastrorrhagia.shtm HTTP/1.0" 200 16076 "-" "Mozilla/5.0 (compatible; Googlebot/2.1; +http://www.google.com/bot.html)"
162.158.106.50 - - [20/Jul/2017:14:13:06 +0000] "GET /privacy HTTP/1.1" 200 15786 "-" "Mozilla/5.0 (compatible; Googlebot/2.1; +http://www.google.com/bot.html)"
108.162.245.186 - - [20/Jul/2017:14:15:09 +0000] "GET /cuprimer_detail/37 HTTP/1.1" 301 602 "-" "Mozilla/5.0 (compatible; Googlebot/2.1; +http://www.google.com/bot.html)"
162.158.6.42 - - [20/Jul/2017:14:15:12 +0000] "GET / HTTP/1.1" 301 566 "-" "WHR"
108.162.245.186 - - [20/Jul/2017:14:15:10 +0000] "GET /cuprimer_detail/37 HTTP/1.0" 200 15123 "-" "Mozilla/5.0 (compatible; Googlebot/2.1; +http://www.google.com/bot.html)"
162.158.88.202 - - [20/Jul/2017:14:15:18 +0000] "GET /artikel/2 HTTP/1.1" 200 9584 "-" "Mozilla/5.0 (compatible; YandexBot/3.0; +http://yandex.com/bots)"
162.158.6.108 - - [20/Jul/2017:14:20:12 +0000] "GET / HTTP/1.1" 301 554 "-" "WHR"
108.162.246.13 - - [20/Jul/2017:14:20:10 +0000] "GET /jaufez/hermitish/14892-15205/detestably-lutrine/gastrorrhagia.shtm HTTP/1.1" 200 15245 "-" "Mozilla/5.0 (compatible; Googlebot/2.1; +http://www.google.com/bot.html)"
108.162.246.121 - - [20/Jul/2017:14:22:04 +0000] "GET /jaufez/hermitish/14892-23686/baldachin-lutrine/gastrorrhagia.shtm HTTP/1.1" 301 684 "-" "Mozilla/5.0 (compatible; Googlebot/2.1; +http://www.google.com/bot.html)"
108.162.246.121 - - [20/Jul/2017:14:22:07 +0000] "GET /jaufez/hermitish/14892-23686/baldachin-lutrine/gastrorrhagia.shtm HTTP/1.0" 200 16471 "-" "Mozilla/5.0 (compatible; Googlebot/2.1; +http://www.google.com/bot.html)"
108.162.245.66 - - [20/Jul/2017:14:25:20 +0000] "GET /cuprimer_detail/1 HTTP/1.1" 301 600 "-" "Mozilla/5.0 (compatible; Googlebot/2.1; +http://www.google.com/bot.html)"
162.158.6.42 - - [20/Jul/2017:14:25:23 +0000] "GET / HTTP/1.1" 301 566 "-" "WHR"
108.162.245.66 - - [20/Jul/2017:14:25:21 +0000] "GET /cuprimer_detail/1 HTTP/1.0" 200 15928 "-" "Mozilla/5.0 (compatible; Googlebot/2.1; +http://www.google.com/bot.html)"
162.158.6.108 - - [20/Jul/2017:14:34:22 +0000] "GET /cari HTTP/1.1" 301 562 "-" "WHR"
108.162.246.151 - - [20/Jul/2017:14:34:20 +0000] "GET /cari?page=5 HTTP/1.1" 200 15309 "-" "Mozilla/5.0 (compatible; Googlebot/2.1; +http://www.google.com/bot.html)"
108.162.245.192 - - [20/Jul/2017:14:34:46 +0000] "GET /itemdetail?ItemID=016172-0347 HTTP/1.1" 301 624 "-" "Mozilla/5.0 (compatible; Googlebot/2.1; +http://www.google.com/bot.html)"
162.158.6.42 - - [20/Jul/2017:14:34:50 +0000] "GET /itemdetail HTTP/1.1" 301 586 "-" "WHR"
108.162.245.192 - - [20/Jul/2017:14:34:48 +0000] "GET /itemdetail?ItemID=016172-0347 HTTP/1.1" 200 14549 "-" "Mozilla/5.0 (compatible; Googlebot/2.1; +http://www.google.com/bot.html)"
162.158.106.56 - - [20/Jul/2017:14:35:40 +0000] "GET /jaufez/hermitish/14892-10731/cheesecloth-lutrine/gastrorrhagia.shtm HTTP/1.1" 301 688 "-" "Mozilla/5.0 (compatible; Googlebot/2.1; +http://www.google.com/bot.html)"
162.158.6.108 - - [20/Jul/2017:14:35:44 +0000] "GET / HTTP/1.1" 301 554 "-" "WHR"
162.158.106.56 - - [20/Jul/2017:14:35:42 +0000] "GET /jaufez/hermitish/14892-10731/cheesecloth-lutrine/gastrorrhagia.shtm HTTP/1.0" 200 15695 "-" "Mozilla/5.0 (compatible; Googlebot/2.1; +http://www.google.com/bot.html)"
162.158.6.42 - - [20/Jul/2017:14:35:47 +0000] "GET / HTTP/1.1" 301 566 "-" "WHR"
108.162.245.252 - - [20/Jul/2017:14:35:45 +0000] "GET /jaufez/hermitish/14892-7056/mononeural-lutrine/gastrorrhagia.shtm HTTP/1.1" 200 16220 "-" "Mozilla/5.0 (Linux; Android 6.0.1; Nexus 5X Build/MMB29P) AppleWebKit/537.36 (KHTML, like Gecko) Chrome/41.0.2272.96 Mobile Safari/537.36 (compatible; Googlebot/2.1; +http://www.google.com/bot.html)"
162.158.126.108 - - [20/Jul/2017:14:44:48 +0000] "GET / HTTP/1.1" 301 566 "-" "Mozilla/5.0 (compatible; Dataprovider.com;)"
162.158.126.108 - - [20/Jul/2017:14:44:48 +0000] "GET / HTTP/1.0" 200 14567 "-" "Mozilla/5.0 (compatible; Dataprovider.com;)"
162.158.126.108 - - [20/Jul/2017:14:44:53 +0000] "GET /sitemap.xml HTTP/1.1" 200 24424 "-" "Mozilla/5.0 (compatible; Dataprovider.com;)"
162.158.126.108 - - [20/Jul/2017:14:45:07 +0000] "GET / HTTP/1.0" 200 14568 "-" "Mozilla/5.0 (compatible; Dataprovider.com;)"
162.158.126.108 - - [20/Jul/2017:14:45:09 +0000] "GET /cuprimer_detail/17 HTTP/1.0" 200 7340 "-" "Mozilla/5.0 (compatible; Dataprovider.com;)"
162.158.126.108 - - [20/Jul/2017:14:45:10 +0000] "GET /cuprimer_detail/14 HTTP/1.0" 200 7229 "-" "Mozilla/5.0 (compatible; Dataprovider.com;)"
162.158.126.108 - - [20/Jul/2017:14:45:12 +0000] "GET /cuprimer_detail/47 HTTP/1.0" 200 7192 "-" "Mozilla/5.0 (compatible; Dataprovider.com;)"
162.158.126.108 - - [20/Jul/2017:14:45:13 +0000] "GET /cuprimer_detail/44 HTTP/1.0" 200 7408 "-" "Mozilla/5.0 (compatible; Dataprovider.com;)"
162.158.126.108 - - [20/Jul/2017:14:45:15 +0000] "GET /artikel_detail/56 HTTP/1.0" 200 9169 "-" "Mozilla/5.0 (compatible; Dataprovider.com;)"
162.158.126.108 - - [20/Jul/2017:14:45:16 +0000] "GET /hymnecu HTTP/1.0" 200 6979 "-" "Mozilla/5.0 (compatible; Dataprovider.com;)"
162.158.126.108 - - [20/Jul/2017:14:45:18 +0000] "GET /sitemap HTTP/1.0" 200 7243 "-" "Mozilla/5.0 (compatible; Dataprovider.com;)"
162.158.126.108 - - [20/Jul/2017:14:45:20 +0000] "GET /cuprimer_detail/21 HTTP/1.0" 200 7370 "-" "Mozilla/5.0 (compatible; Dataprovider.com;)"
162.158.126.108 - - [20/Jul/2017:14:45:21 +0000] "GET /cuprimer_detail/23 HTTP/1.0" 200 7429 "-" "Mozilla/5.0 (compatible; Dataprovider.com;)"
162.158.126.108 - - [20/Jul/2017:14:45:22 +0000] "GET / HTTP/1.1" 200 14492 "-" "Mozilla/5.0 (Linux; Android 5.1.1; SM-G925F Build/LMY47X) AppleWebKit/537.36 (KHTML, like Gecko) Chrome/45.0.2454.94 Mobile Safari/537.36"
162.158.6.108 - - [20/Jul/2017:14:45:53 +0000] "GET / HTTP/1.1" 301 554 "-" "WHR"
108.162.245.120 - - [20/Jul/2017:14:45:50 +0000] "GET /jaufez/hermitish/14892-14585/chiropterygian-lutrine/gastrorrhagia.shtm HTTP/1.1" 200 14438 "-" "Mozilla/5.0 (Linux; Android 6.0.1; Nexus 5X Build/MMB29P) AppleWebKit/537.36 (KHTML, like Gecko) Chrome/41.0.2272.96 Mobile Safari/537.36 (compatible; Googlebot/2.1; +http://www.google.com/bot.html)"
162.158.6.108 - - [20/Jul/2017:14:50:51 +0000] "GET / HTTP/1.1" 301 554 "-" "WHR"
108.162.246.181 - - [20/Jul/2017:14:50:49 +0000] "GET /jaufez/hermitish/14892-4714/acetylcholine-lutrine/gastrorrhagia.shtm HTTP/1.1" 200 16083 "-" "Mozilla/5.0 (compatible; Googlebot/2.1; +http://www.google.com/bot.html)"
172.68.141.138 - - [20/Jul/2017:14:52:41 +0000] "GET /download/26_04_2016_10_00_46_31jMJD9Cj8qRCL3xcizB.pdf HTTP/1.1" 301 672 "-" "Mozilla/5.0 (compatible; Baiduspider/2.0; +http://www.baidu.com/search/spider.html)"
162.158.6.108 - - [20/Jul/2017:14:55:52 +0000] "GET / HTTP/1.1" 301 554 "-" "WHR"
108.162.245.240 - - [20/Jul/2017:14:55:50 +0000] "GET / HTTP/1.1" 200 14724 "-" "Mozilla/5.0 (compatible; Googlebot/2.1; +http://www.google.com/bot.html)"
108.162.246.31 - - [20/Jul/2017:15:01:00 +0000] "GET /jaufez/hermitish/14892-21672/mononeural-lutrine/gastrorrhagia.shtm HTTP/1.1" 301 686 "-" "Mozilla/5.0 (compatible; Googlebot/2.1; +http://www.google.com/bot.html)"
162.158.6.108 - - [20/Jul/2017:15:01:03 +0000] "GET / HTTP/1.1" 301 554 "-" "WHR"
108.162.246.31 - - [20/Jul/2017:15:01:01 +0000] "GET /jaufez/hermitish/14892-21672/mononeural-lutrine/gastrorrhagia.shtm HTTP/1.0" 200 15146 "-" "Mozilla/5.0 (compatible; Googlebot/2.1; +http://www.google.com/bot.html)"
108.162.246.199 - - [20/Jul/2017:15:01:04 +0000] "GET /jaufez/hermitish/14892-16335/alkaligen-lutrine/gastrorrhagia.shtm HTTP/1.1" 200 15234 "-" "Mozilla/5.0 (Linux; Android 6.0.1; Nexus 5X Build/MMB29P) AppleWebKit/537.36 (KHTML, like Gecko) Chrome/41.0.2272.96 Mobile Safari/537.36 (compatible; Googlebot/2.1; +http://www.google.com/bot.html)"
108.162.245.156 - - [20/Jul/2017:15:03:05 +0000] "GET /rss.xml HTTP/1.1" 301 580 "-" "FeedFetcher-Google; (+http://www.google.com/feedfetcher.html)"
162.158.6.42 - - [20/Jul/2017:15:03:08 +0000] "GET / HTTP/1.1" 301 566 "-" "WHR"
108.162.245.156 - - [20/Jul/2017:15:03:06 +0000] "GET /rss.xml HTTP/1.1" 200 15172 "-" "FeedFetcher-Google; (+http://www.google.com/feedfetcher.html)"
162.158.6.108 - - [20/Jul/2017:15:06:12 +0000] "GET / HTTP/1.1" 301 554 "-" "WHR"
108.162.246.67 - - [20/Jul/2017:15:06:10 +0000] "GET /jaufez/hermitish/14892-12280/misimagination-lutrine/gastrorrhagia.shtm HTTP/1.1" 200 16478 "-" "Mozilla/5.0 (compatible; Googlebot/2.1; +http://www.google.com/bot.html)"
172.68.11.97 - - [20/Jul/2017:15:06:50 +0000] "GET /artikel/7 HTTP/1.1" 200 7867 "-" "Mozilla/5.0 (compatible; YandexBot/3.0; +http://yandex.com/bots)"
162.158.88.238 - - [20/Jul/2017:15:06:54 +0000] "GET /artikel/7 HTTP/1.0" 200 7916 "-" "Mozilla/5.0 (compatible; YandexBot/3.0; +http://yandex.com/bots)"
162.158.91.49 - - [20/Jul/2017:15:06:57 +0000] "GET /cuprimer_detail/45 HTTP/1.1" 500 9895 "-" "Mozilla/5.0 (compatible; YandexBot/3.0; +http://yandex.com/bots)"
162.158.89.189 - - [20/Jul/2017:15:10:16 +0000] "GET /images_staf/8O83bLtuEt2016-04-08.jpg HTTP/1.1" 301 626 "-" "Mozilla/5.0 (compatible; YandexBot/3.0; +http://yandex.com/bots)"
162.158.6.6 - - [20/Jul/2017:15:10:31 +0000] "GET /plugins/fileman/Uploads/je.php.fla HTTP/1.1" 404 9200 "-" "Mozilla/5.0 (Windows NT 6.1) AppleWebKit/537.36 (KHTML, like Gecko) Chrome/59.0.3071.115 Safari/537.36"
162.158.6.108 - - [20/Jul/2017:15:10:32 +0000] "GET / HTTP/1.1" 301 554 "-" "WHR"
108.162.246.49 - - [20/Jul/2017:15:10:31 +0000] "GET /coordinate/ls HTTP/1.1" 200 15433 "-" "Mozilla/5.0 (compatible; Googlebot/2.1; +http://www.google.com/bot.html)"
162.158.6.42 - - [20/Jul/2017:15:11:12 +0000] "GET / HTTP/1.1" 301 566 "-" "WHR"
108.162.245.54 - - [20/Jul/2017:15:11:10 +0000] "GET /jaufez/hermitish/14892-21507/cheesecloth-lutrine/gastrorrhagia.shtm HTTP/1.1" 200 15013 "-" "Mozilla/5.0 (compatible; Googlebot/2.1; +http://www.google.com/bot.html)"
162.158.6.42 - - [20/Jul/2017:15:12:20 +0000] "GET /itemlist HTTP/1.1" 301 582 "-" "WHR"
162.158.106.38 - - [20/Jul/2017:15:12:18 +0000] "GET /itemlist?cv=1&cateid=12 HTTP/1.1" 200 15546 "-" "Mozilla/5.0 (compatible; Googlebot/2.1; +http://www.google.com/bot.html)"
108.162.245.18 - - [20/Jul/2017:15:16:11 +0000] "GET /jaufez/hermitish/14892-27530/dyscrystalline-lutrine/gastrorrhagia.shtm HTTP/1.1" 301 706 "-" "Mozilla/5.0 (compatible; Googlebot/2.1; +http://www.google.com/bot.html)"
162.158.6.42 - - [20/Jul/2017:15:16:14 +0000] "GET / HTTP/1.1" 301 566 "-" "WHR"
108.162.245.18 - - [20/Jul/2017:15:16:12 +0000] "GET /jaufez/hermitish/14892-27530/dyscrystalline-lutrine/gastrorrhagia.shtm HTTP/1.0" 200 14710 "-" "Mozilla/5.0 (compatible; Googlebot/2.1; +http://www.google.com/bot.html)"
108.162.246.229 - - [20/Jul/2017:15:16:15 +0000] "GET /jaufez/hermitish/14892-3563/bankruptly-lutrine/gastrorrhagia.shtm HTTP/1.1" 301 684 "-" "Mozilla/5.0 (compatible; Googlebot/2.1; +http://www.google.com/bot.html)"
162.158.6.108 - - [20/Jul/2017:15:16:18 +0000] "GET / HTTP/1.1" 301 554 "-" "WHR"
108.162.246.229 - - [20/Jul/2017:15:16:16 +0000] "GET /jaufez/hermitish/14892-3563/bankruptly-lutrine/gastrorrhagia.shtm HTTP/1.0" 200 16476 "-" "Mozilla/5.0 (compatible; Googlebot/2.1; +http://www.google.com/bot.html)"
108.162.245.66 - - [20/Jul/2017:15:16:21 +0000] "GET / HTTP/1.1" 200 14476 "-" "Mozilla/5.0 (compatible; Googlebot/2.1; +http://www.google.com/bot.html)"
162.158.106.56 - - [20/Jul/2017:15:18:07 +0000] "GET /artikel_detail/64 HTTP/1.1" 200 14250 "-" "Mozilla/5.0 (compatible; Googlebot/2.1; +http://www.google.com/bot.html)"
108.162.245.72 - - [20/Jul/2017:15:20:19 +0000] "GET /artikel/4 HTTP/1.1" 301 572 "-" "Mozilla/5.0 (compatible; DotBot/1.1; http://www.opensiteexplorer.org/dotbot, help@moz.com)"
108.162.246.187 - - [20/Jul/2017:15:21:10 +0000] "GET /history/ HTTP/1.1" 301 570 "-" "Mozilla/5.0 (compatible; Googlebot/2.1; +http://www.google.com/bot.html)"
108.162.246.187 - - [20/Jul/2017:15:21:10 +0000] "GET /history/ HTTP/1.0" 301 585 "-" "Mozilla/5.0 (compatible; Googlebot/2.1; +http://www.google.com/bot.html)"
108.162.245.228 - - [20/Jul/2017:15:21:11 +0000] "GET /history HTTP/1.0" 301 587 "-" "Mozilla/5.0 (compatible; Googlebot/2.1; +http://www.google.com/bot.html)"
162.158.6.108 - - [20/Jul/2017:15:21:13 +0000] "GET / HTTP/1.1" 301 554 "-" "WHR"
108.162.245.228 - - [20/Jul/2017:15:21:12 +0000] "GET /history HTTP/1.0" 200 14548 "-" "Mozilla/5.0 (compatible; Googlebot/2.1; +http://www.google.com/bot.html)"
52.91.13.121 - - [20/Jul/2017:15:22:27 +0000] "GET /w00tw00t.at.blackhats.romanian.anti-sec:) HTTP/1.1" 301 597 "-" "ZmEu"
52.91.13.121 - - [20/Jul/2017:15:22:28 +0000] "GET /phpMyAdmin/scripts/setup.php HTTP/1.1" 301 571 "-" "ZmEu"
52.91.13.121 - - [20/Jul/2017:15:22:29 +0000] "GET /phpmyadmin/scripts/setup.php HTTP/1.1" 301 571 "-" "ZmEu"
162.158.6.42 - - [20/Jul/2017:15:26:29 +0000] "GET / HTTP/1.1" 301 566 "-" "WHR"
108.162.246.223 - - [20/Jul/2017:15:26:27 +0000] "GET /jaufez/hermitish/14892-2712/mononeural-lutrine/gastrorrhagia.shtm HTTP/1.1" 200 15374 "-" "Mozilla/5.0 (compatible; Googlebot/2.1; +http://www.google.com/bot.html)"
108.162.246.7 - - [20/Jul/2017:15:27:20 +0000] "GET /jaufez/hermitish/14892-930/locust-lutrine/gastrorrhagia.shtm HTTP/1.1" 301 674 "-" "Mozilla/5.0 (compatible; Googlebot/2.1; +http://www.google.com/bot.html)"
162.158.6.108 - - [20/Jul/2017:15:27:24 +0000] "GET / HTTP/1.1" 301 554 "-" "WHR"
108.162.246.7 - - [20/Jul/2017:15:27:23 +0000] "GET /jaufez/hermitish/14892-930/locust-lutrine/gastrorrhagia.shtm HTTP/1.0" 200 14781 "-" "Mozilla/5.0 (compatible; Googlebot/2.1; +http://www.google.com/bot.html)"
108.162.246.187 - - [20/Jul/2017:15:27:39 +0000] "GET /jaufez/hermitish/14892-22825/ectogenic-lutrine/gastrorrhagia.shtm HTTP/1.1" 301 696 "-" "Mozilla/5.0 (compatible; Googlebot/2.1; +http://www.google.com/bot.html)"
108.162.246.187 - - [20/Jul/2017:15:27:41 +0000] "GET /jaufez/hermitish/14892-22825/ectogenic-lutrine/gastrorrhagia.shtm HTTP/1.0" 200 14901 "-" "Mozilla/5.0 (compatible; Googlebot/2.1; +http://www.google.com/bot.html)"
162.158.6.108 - - [20/Jul/2017:15:30:36 +0000] "GET / HTTP/1.1" 301 554 "-" "WHR"
108.162.245.216 - - [20/Jul/2017:15:30:34 +0000] "GET /topics/ls HTTP/1.1" 200 15425 "-" "Mozilla/5.0 (compatible; Googlebot/2.1; +http://www.google.com/bot.html)"
108.162.245.156 - - [20/Jul/2017:15:31:30 +0000] "GET /jaufez/hermitish/14892-2513/chiropterygian-lutrine/gastrorrhagia.shtm HTTP/1.1" 200 15736 "-" "Mozilla/5.0 (Linux; Android 6.0.1; Nexus 5X Build/MMB29P) AppleWebKit/537.36 (KHTML, like Gecko) Chrome/41.0.2272.96 Mobile Safari/537.36 (compatible; Googlebot/2.1; +http://www.google.com/bot.html)"
162.158.6.108 - - [20/Jul/2017:15:36:32 +0000] "GET / HTTP/1.1" 301 554 "-" "WHR"
162.158.106.32 - - [20/Jul/2017:15:36:30 +0000] "GET /cuprimer_detail/20 HTTP/1.1" 200 14692 "-" "Mozilla/5.0 (compatible; Googlebot/2.1; +http://www.google.com/bot.html)"
162.158.106.44 - - [20/Jul/2017:15:41:43 +0000] "GET /jaufez/hermitish/14892-5854/baldachin-lutrine/gastrorrhagia.shtm HTTP/1.1" 301 694 "-" "Mozilla/5.0 (compatible; Googlebot/2.1; +http://www.google.com/bot.html)"
162.158.6.42 - - [20/Jul/2017:15:41:46 +0000] "GET / HTTP/1.1" 301 566 "-" "WHR"
162.158.106.44 - - [20/Jul/2017:15:41:44 +0000] "GET /jaufez/hermitish/14892-5854/baldachin-lutrine/gastrorrhagia.shtm HTTP/1.0" 200 15130 "-" "Mozilla/5.0 (compatible; Googlebot/2.1; +http://www.google.com/bot.html)"
108.162.246.49 - - [20/Jul/2017:15:42:34 +0000] "GET /jaufez/hermitish/14892-18952/misimagination-lutrine/gastrorrhagia.shtm HTTP/1.1" 301 694 "-" "Mozilla/5.0 (compatible; Googlebot/2.1; +http://www.google.com/bot.html)"
162.158.6.108 - - [20/Jul/2017:15:42:37 +0000] "GET / HTTP/1.1" 301 554 "-" "WHR"
108.162.246.49 - - [20/Jul/2017:15:42:35 +0000] "GET /jaufez/hermitish/14892-18952/misimagination-lutrine/gastrorrhagia.shtm HTTP/1.0" 200 15168 "-" "Mozilla/5.0 (compatible; Googlebot/2.1; +http://www.google.com/bot.html)"
108.162.246.43 - - [20/Jul/2017:15:43:28 +0000] "GET /artikel_detail/45 HTTP/1.1" 200 14500 "-" "Mozilla/5.0 (compatible; bingbot/2.0; +http://www.bing.com/bingbot.htm)"
162.158.6.108 - - [20/Jul/2017:15:46:53 +0000] "GET / HTTP/1.1" 301 554 "-" "WHR"
108.162.246.199 - - [20/Jul/2017:15:46:50 +0000] "GET /jaufez/hermitish/14892-16335/alkaligen-lutrine/gastrorrhagia.shtm HTTP/1.1" 200 14699 "-" "Mozilla/5.0 (compatible; Googlebot/2.1; +http://www.google.com/bot.html)"
108.162.245.78 - - [20/Jul/2017:15:51:59 +0000] "GET /jaufez/hermitish/14892-15602/dyscrystalline-lutrine/gastrorrhagia.shtm HTTP/1.1" 301 694 "-" "Mozilla/5.0 (compatible; Googlebot/2.1; +http://www.google.com/bot.html)"
162.158.6.108 - - [20/Jul/2017:15:52:02 +0000] "GET / HTTP/1.1" 301 554 "-" "WHR"
108.162.245.78 - - [20/Jul/2017:15:52:00 +0000] "GET /jaufez/hermitish/14892-15602/dyscrystalline-lutrine/gastrorrhagia.shtm HTTP/1.0" 200 15124 "-" "Mozilla/5.0 (compatible; Googlebot/2.1; +http://www.google.com/bot.html)"
108.162.246.133 - - [20/Jul/2017:15:52:03 +0000] "GET /jaufez/hermitish/14892-6422/bummler-lutrine/gastrorrhagia.shtm HTTP/1.1" 301 678 "-" "Mozilla/5.0 (compatible; Googlebot/2.1; +http://www.google.com/bot.html)"
108.162.246.133 - - [20/Jul/2017:15:52:04 +0000] "GET /jaufez/hermitish/14892-6422/bummler-lutrine/gastrorrhagia.shtm HTTP/1.0" 200 15555 "-" "Mozilla/5.0 (compatible; Googlebot/2.1; +http://www.google.com/bot.html)"
162.158.6.108 - - [20/Jul/2017:15:57:09 +0000] "GET / HTTP/1.1" 301 554 "-" "WHR"
162.158.106.56 - - [20/Jul/2017:15:57:07 +0000] "GET /jaufez/hermitish/14892-26200/misimagination-lutrine/gastrorrhagia.shtm HTTP/1.1" 200 15990 "-" "Mozilla/5.0 (Linux; Android 6.0.1; Nexus 5X Build/MMB29P) AppleWebKit/537.36 (KHTML, like Gecko) Chrome/41.0.2272.96 Mobile Safari/537.36 (compatible; Googlebot/2.1; +http://www.google.com/bot.html)"
162.158.6.42 - - [20/Jul/2017:16:02:11 +0000] "GET / HTTP/1.1" 301 566 "-" "WHR"
108.162.245.186 - - [20/Jul/2017:16:02:09 +0000] "GET /jaufez/hermitish/14892-3298/acetylcholine-lutrine/gastrorrhagia.shtm HTTP/1.1" 200 14939 "-" "Mozilla/5.0 (Linux; Android 6.0.1; Nexus 5X Build/MMB29P) AppleWebKit/537.36 (KHTML, like Gecko) Chrome/41.0.2272.96 Mobile Safari/537.36 (compatible; Googlebot/2.1; +http://www.google.com/bot.html)"
162.158.88.10 - - [20/Jul/2017:16:03:47 +0000] "GET /plugins/fileman/Uploads/Images/P_20141208_175826a.jpg HTTP/1.1" 301 660 "-" "Mozilla/5.0 (compatible; YandexBot/3.0; +http://yandex.com/bots)"
162.158.63.6 - - [20/Jul/2017:16:04:42 +0000] "GET / HTTP/1.1" 301 554 "-" "Mozilla/5.0 (X11; Linux x86_64) AppleWebKit/537.36 (KHTML, like Gecko) Chrome/43.0.2357.134 Safari/537.36 http://notifyninja.com/monitoring"
162.158.63.6 - - [20/Jul/2017:16:04:42 +0000] "GET / HTTP/1.1" 200 14543 "-" "Mozilla/5.0 (X11; Linux x86_64) AppleWebKit/537.36 (KHTML, like Gecko) Chrome/43.0.2357.134 Safari/537.36 http://notifyninja.com/monitoring"
108.162.246.61 - - [20/Jul/2017:16:07:10 +0000] "GET /jaufez/hermitish/14892-15010/acetylcholine-lutrine/gastrorrhagia.shtm HTTP/1.1" 301 692 "-" "Mozilla/5.0 (compatible; Googlebot/2.1; +http://www.google.com/bot.html)"
162.158.6.108 - - [20/Jul/2017:16:07:12 +0000] "GET / HTTP/1.1" 301 554 "-" "WHR"
108.162.246.61 - - [20/Jul/2017:16:07:11 +0000] "GET /jaufez/hermitish/14892-15010/acetylcholine-lutrine/gastrorrhagia.shtm HTTP/1.0" 200 15257 "-" "Mozilla/5.0 (compatible; Googlebot/2.1; +http://www.google.com/bot.html)"
162.158.6.108 - - [20/Jul/2017:16:12:22 +0000] "GET / HTTP/1.1" 301 554 "-" "WHR"
108.162.246.31 - - [20/Jul/2017:16:12:20 +0000] "GET /?mei HTTP/1.1" 200 14842 "-" "Mozilla/5.0 (compatible; Googlebot/2.1; +http://www.google.com/bot.html)"
162.158.6.42 - - [20/Jul/2017:16:17:31 +0000] "GET / HTTP/1.1" 301 566 "-" "WHR"
108.162.245.66 - - [20/Jul/2017:16:17:29 +0000] "GET / HTTP/1.1" 200 14541 "-" "Mozilla/5.0 (Linux; Android 6.0.1; Nexus 5X Build/MMB29P) AppleWebKit/537.36 (KHTML, like Gecko) Chrome/41.0.2272.96 Mobile Safari/537.36 (compatible; Googlebot/2.1; +http://www.google.com/bot.html)"
162.158.6.108 - - [20/Jul/2017:16:22:34 +0000] "GET / HTTP/1.1" 301 554 "-" "WHR"
108.162.245.66 - - [20/Jul/2017:16:22:32 +0000] "GET /jaufez/hermitish/14892-16707/cheesecloth-lutrine/gastrorrhagia.shtm HTTP/1.1" 200 14601 "-" "Mozilla/5.0 (compatible; Googlebot/2.1; +http://www.google.com/bot.html)"
172.68.10.180 - - [20/Jul/2017:16:24:39 +0000] "GET /artikel_detail/66 HTTP/1.1" 200 8168 "-" "Mozilla/5.0 (compatible; YandexBot/3.0; +http://yandex.com/bots)"
71.6.202.204 - - [20/Jul/2017:16:27:58 +0000] "GET / HTTP/1.1" 301 515 "-" "Mozilla/5.0 (Windows NT 10.0; Win64; x64) AppleWebKit/537.36 (KHTML, like Gecko) Chrome/56.0.2924.87 Safari/537.36"
71.6.202.204 - - [20/Jul/2017:16:27:58 +0000] "GET / HTTP/1.1" 200 14535 "http://139.59.115.172:80/" "Mozilla/5.0 (Windows NT 10.0; Win64; x64) AppleWebKit/537.36 (KHTML, like Gecko) Chrome/56.0.2924.87 Safari/537.36"
162.158.6.42 - - [20/Jul/2017:16:30:55 +0000] "GET / HTTP/1.1" 301 566 "-" "WHR"
108.162.246.139 - - [20/Jul/2017:16:30:53 +0000] "GET /guide? HTTP/1.1" 200 13892 "-" "Mozilla/5.0 (compatible; Googlebot/2.1; +http://www.google.com/bot.html)"
108.162.245.66 - - [20/Jul/2017:16:32:32 +0000] "GET / HTTP/1.0" 200 14394 "-" "Mozilla/5.0 (compatible; Googlebot/2.1; +http://www.google.com/bot.html)"
162.158.6.42 - - [20/Jul/2017:16:37:12 +0000] "GET /customlist HTTP/1.1" 301 586 "-" "WHR"
108.162.246.19 - - [20/Jul/2017:16:37:10 +0000] "GET /customlist?id=13 HTTP/1.1" 200 14645 "-" "Mozilla/5.0 (compatible; Googlebot/2.1; +http://www.google.com/bot.html)"
162.158.6.108 - - [20/Jul/2017:16:42:41 +0000] "GET / HTTP/1.1" 301 554 "-" "WHR"
162.158.106.68 - - [20/Jul/2017:16:42:40 +0000] "GET /jaufez/hermitish/14892-336/mononeural-lutrine/gastrorrhagia.shtm HTTP/1.1" 200 14563 "-" "Mozilla/5.0 (compatible; Googlebot/2.1; +http://www.google.com/bot.html)"
108.162.245.18 - - [20/Jul/2017:16:42:42 +0000] "GET /jaufez/hermitish/14892-1531/joist-lutrine/gastrorrhagia.shtm HTTP/1.1" 301 674 "-" "Mozilla/5.0 (compatible; Googlebot/2.1; +http://www.google.com/bot.html)"
108.162.245.18 - - [20/Jul/2017:16:42:44 +0000] "GET /jaufez/hermitish/14892-1531/joist-lutrine/gastrorrhagia.shtm HTTP/1.0" 200 15126 "-" "Mozilla/5.0 (compatible; Googlebot/2.1; +http://www.google.com/bot.html)"
172.68.150.12 - - [20/Jul/2017:16:44:28 +0000] "GET / HTTP/1.0" 301 585 "-" "Mozilla/5.0 (Windows NT 10.0; WOW64) AppleWebKit/537.36 (KHTML, like Gecko) Chrome/49.0.2623.75 Safari/537.36 OPR/36.0.2130.32"
172.68.150.12 - - [20/Jul/2017:16:44:28 +0000] "GET /xmlrpc.php?rsd HTTP/1.0" 301 613 "-" "Mozilla/5.0 (Windows NT 10.0; WOW64) AppleWebKit/537.36 (KHTML, like Gecko) Chrome/49.0.2623.75 Safari/537.36 OPR/36.0.2130.32"
172.68.150.12 - - [20/Jul/2017:16:44:29 +0000] "GET /blog/robots.txt HTTP/1.0" 301 615 "-" "Mozilla/5.0 (Windows NT 10.0; WOW64) AppleWebKit/537.36 (KHTML, like Gecko) Chrome/49.0.2623.75 Safari/537.36 OPR/36.0.2130.32"
172.68.150.12 - - [20/Jul/2017:16:44:29 +0000] "GET /blog/ HTTP/1.0" 301 595 "-" "Mozilla/5.0 (Windows NT 10.0; WOW64) AppleWebKit/537.36 (KHTML, like Gecko) Chrome/49.0.2623.75 Safari/537.36 OPR/36.0.2130.32"
172.68.150.12 - - [20/Jul/2017:16:44:29 +0000] "GET /wordpress/ HTTP/1.0" 301 605 "-" "Mozilla/5.0 (Windows NT 10.0; WOW64) AppleWebKit/537.36 (KHTML, like Gecko) Chrome/49.0.2623.75 Safari/537.36 OPR/36.0.2130.32"
172.68.150.12 - - [20/Jul/2017:16:44:29 +0000] "GET /wp/ HTTP/1.0" 301 591 "-" "Mozilla/5.0 (Windows NT 10.0; WOW64) AppleWebKit/537.36 (KHTML, like Gecko) Chrome/49.0.2623.75 Safari/537.36 OPR/36.0.2130.32"
172.68.150.12 - - [20/Jul/2017:16:44:39 +0000] "GET /administrator/index.php HTTP/1.0" 301 631 "-" "Mozilla/5.0 (Windows NT 10.0; WOW64) AppleWebKit/537.36 (KHTML, like Gecko) Chrome/49.0.2623.75 Safari/537.36 OPR/36.0.2130.32"
172.68.150.12 - - [20/Jul/2017:16:44:39 +0000] "GET /blog/robots.txt HTTP/1.0" 301 615 "-" "Mozilla/5.0 (Windows NT 10.0; WOW64) AppleWebKit/537.36 (KHTML, like Gecko) Chrome/49.0.2623.75 Safari/537.36 OPR/36.0.2130.32"
172.68.150.12 - - [20/Jul/2017:16:44:39 +0000] "GET /blog/administrator/index.php HTTP/1.0" 301 641 "-" "Mozilla/5.0 (Windows NT 10.0; WOW64) AppleWebKit/537.36 (KHTML, like Gecko) Chrome/49.0.2623.75 Safari/537.36 OPR/36.0.2130.32"
172.68.150.12 - - [20/Jul/2017:16:44:39 +0000] "GET /joomla/robots.txt HTTP/1.0" 301 619 "-" "Mozilla/5.0 (Windows NT 10.0; WOW64) AppleWebKit/537.36 (KHTML, like Gecko) Chrome/49.0.2623.75 Safari/537.36 OPR/36.0.2130.32"
172.68.150.12 - - [20/Jul/2017:16:44:40 +0000] "GET /joomla/administrator/index.php HTTP/1.0" 301 645 "-" "Mozilla/5.0 (Windows NT 10.0; WOW64) AppleWebKit/537.36 (KHTML, like Gecko) Chrome/49.0.2623.75 Safari/537.36 OPR/36.0.2130.32"
172.68.150.12 - - [20/Jul/2017:16:44:40 +0000] "GET /index.php?option=com_myblog&task=ajaxupload HTTP/1.1" 301 656 "-" "Mozilla/5.0 (Windows NT 10.0; WOW64) AppleWebKit/537.36 (KHTML, like Gecko) Chrome/49.0.2623.75 Safari/537.36 OPR/36.0.2130.32"
172.68.150.12 - - [20/Jul/2017:16:44:40 +0000] "GET /index.php?option=com_adsmanager&task=upload&tmpl=component HTTP/1.1" 301 690 "-" "Mozilla/5.0 (Windows NT 10.0; WOW64) AppleWebKit/537.36 (KHTML, like Gecko) Chrome/49.0.2623.75 Safari/537.36 OPR/36.0.2130.32"
108.162.245.150 - - [20/Jul/2017:16:47:39 +0000] "GET /jaufez/hermitish/14892-27593/chiropterygian-lutrine/gastrorrhagia.shtm HTTP/1.1" 301 694 "-" "Mozilla/5.0 (compatible; Googlebot/2.1; +http://www.google.com/bot.html)"
162.158.6.108 - - [20/Jul/2017:16:47:42 +0000] "GET / HTTP/1.1" 301 554 "-" "WHR"
108.162.245.150 - - [20/Jul/2017:16:47:40 +0000] "GET /jaufez/hermitish/14892-27593/chiropterygian-lutrine/gastrorrhagia.shtm HTTP/1.0" 200 14661 "-" "Mozilla/5.0 (compatible; Googlebot/2.1; +http://www.google.com/bot.html)"
108.162.246.145 - - [20/Jul/2017:16:47:43 +0000] "GET /jaufez/hermitish/14892-8929/ectogenic-lutrine/gastrorrhagia.shtm HTTP/1.1" 301 682 "-" "Mozilla/5.0 (Linux; Android 6.0.1; Nexus 5X Build/MMB29P) AppleWebKit/537.36 (KHTML, like Gecko) Chrome/41.0.2272.96 Mobile Safari/537.36 (compatible; Googlebot/2.1; +http://www.google.com/bot.html)"
