108.162.229.192 - - [20/Jul/2017:08:15:14 +0000] "GET /cuprimer_detail/10 HTTP/1.1" 301 602 "-" "Mozilla/5.0 (compatible; AhrefsBot/5.2; +http://ahrefs.com/robot/)"
108.162.245.60 - - [20/Jul/2017:08:20:19 +0000] "GET /pelayanan HTTP/1.1" 301 584 "-" "Mozilla/5.0 (compatible; Googlebot/2.1; +http://www.google.com/bot.html)"
162.158.6.42 - - [20/Jul/2017:08:20:22 +0000] "GET / HTTP/1.1" 301 566 "-" "WHR"
108.162.245.60 - - [20/Jul/2017:08:20:20 +0000] "GET /pelayanan HTTP/1.0" 200 16456 "-" "Mozilla/5.0 (compatible; Googlebot/2.1; +http://www.google.com/bot.html)"
108.162.245.240 - - [20/Jul/2017:08:20:23 +0000] "GET / HTTP/1.1" 301 554 "-" "Mozilla/5.0 (Linux; Android 6.0.1; Nexus 5X Build/MMB29P) AppleWebKit/537.36 (KHTML, like Gecko) Chrome/41.0.2272.96 Mobile Safari/537.36 (compatible; Googlebot/2.1; +http://www.google.com/bot.html)"
108.162.245.240 - - [20/Jul/2017:08:20:24 +0000] "GET / HTTP/1.0" 200 14499 "-" "Mozilla/5.0 (Linux; Android 6.0.1; Nexus 5X Build/MMB29P) AppleWebKit/537.36 (KHTML, like Gecko) Chrome/41.0.2272.96 Mobile Safari/537.36 (compatible; Googlebot/2.1; +http://www.google.com/bot.html)"
162.158.6.108 - - [20/Jul/2017:08:30:22 +0000] "GET / HTTP/1.1" 301 554 "-" "WHR"
108.162.246.37 - - [20/Jul/2017:08:30:18 +0000] "GET /jaufez/hermitish/14892-5489/chiropterygian-lutrine/gastrorrhagia.shtm HTTP/1.1" 200 15367 "-" "Mozilla/5.0 (compatible; Googlebot/2.1; +http://www.google.com/bot.html)"
210.103.100.109 - - [20/Jul/2017:08:31:05 +0000] "GET / HTTP/1.1" 301 515 "-" "Mozilla/5.0 Jorgee"
108.162.245.42 - - [20/Jul/2017:08:32:19 +0000] "GET /jaufez/hermitish/14892-17648/isolated-lutrine/gastrorrhagia.shtm HTTP/1.1" 301 682 "-" "Mozilla/5.0 (compatible; Googlebot/2.1; +http://www.google.com/bot.html)"
108.162.245.42 - - [20/Jul/2017:08:32:20 +0000] "GET /jaufez/hermitish/14892-17648/isolated-lutrine/gastrorrhagia.shtm HTTP/1.0" 200 16034 "-" "Mozilla/5.0 (compatible; Googlebot/2.1; +http://www.google.com/bot.html)"
162.158.6.108 - - [20/Jul/2017:08:35:21 +0000] "GET / HTTP/1.1" 301 554 "-" "WHR"
108.162.245.186 - - [20/Jul/2017:08:35:19 +0000] "GET /jaufez/hermitish/14892-17065/ectogenic-lutrine/gastrorrhagia.shtm HTTP/1.1" 200 14559 "-" "Mozilla/5.0 (compatible; Googlebot/2.1; +http://www.google.com/bot.html)"
141.101.104.103 - - [20/Jul/2017:08:36:14 +0000] "GET /cuprimer_detail/41 HTTP/1.1" 200 7343 "https://www.google.co.uk/search?hl=en-GB&source=hp&biw=&bih=&q=www.creditunionusahakita.co.cc&gbv=2&oq=www.creditunionusahakita.co.cc&gs_l=heirloom-hp.12...12393.47163.0.48734.30.30.0.0.0.0.1298.13276.3j6j2j3j4j8j1j3.30.0....0...1.1.34.heirloom-hp..21.9.1758.kb2rB9FqBp4" "Mozilla/5.0 (Windows; Windows NT 6.1; rv:2.0b2) Gecko/20100720 Firefox/4.0b2"
162.158.111.213 - - [20/Jul/2017:08:36:18 +0000] "GET /cuprimer_detail/41 HTTP/1.0" 200 7402 "https://www.puskopditbkcukalimantan.org/cuprimer_detail/41" "Mozilla/5.0 (Windows; Windows NT 6.1; rv:2.0b2) Gecko/20100720 Firefox/4.0b2"
141.101.105.20 - - [20/Jul/2017:08:36:21 +0000] "GET /plugins/font-awesome/fonts/fontawesome-webfont.woff?v=4.7.0 HTTP/1.0" 200 98288 "https://www.puskopditbkcukalimantan.org/plugins/font-awesome/css/font-awesome.min.css" "Mozilla/5.0 (Windows; Windows NT 6.1; rv:2.0b2) Gecko/20100720 Firefox/4.0b2"
141.101.104.103 - - [20/Jul/2017:08:37:23 +0000] "GET /artikel_detail/63 HTTP/1.1" 200 12012 "http://m.facebook.com/" "Mozilla/5.0 (Linux; Android 5.1.1; A37f Build/LMY47V; wv) AppleWebKit/537.36 (KHTML, like Gecko) Version/4.0 Chrome/59.0.3071.125 Mobile Safari/537.36 [FB_IAB/FB4A;FBAV/132.0.0.20.85;]"
141.101.105.170 - - [20/Jul/2017:08:38:50 +0000] "GET / HTTP/1.0" 301 573 "-" "Mozilla/5.0 (Windows NT 10.0; Win64; x64) AppleWebKit/537.36 (KHTML, like Gecko) Chrome/59.0.3071.115 Safari/537.36"
141.101.105.170 - - [20/Jul/2017:08:38:51 +0000] "GET / HTTP/1.0" 200 14572 "-" "Mozilla/5.0 (Windows NT 10.0; Win64; x64) AppleWebKit/537.36 (KHTML, like Gecko) Chrome/59.0.3071.115 Safari/537.36"
141.101.104.151 - - [20/Jul/2017:08:38:54 +0000] "GET /plugins/font-awesome/fonts/fontawesome-webfont.woff2?v=4.7.0 HTTP/1.0" 304 146 "https://puskopditbkcukalimantan.org/plugins/font-awesome/css/font-awesome.min.css" "Mozilla/5.0 (Windows NT 10.0; Win64; x64) AppleWebKit/537.36 (KHTML, like Gecko) Chrome/59.0.3071.115 Safari/537.36"
108.162.245.174 - - [20/Jul/2017:08:40:29 +0000] "GET /download HTTP/1.1" 301 570 "-" "Mozilla/5.0 (compatible; Googlebot/2.1; +http://www.google.com/bot.html)"
162.158.6.108 - - [20/Jul/2017:08:40:32 +0000] "GET / HTTP/1.1" 301 554 "-" "WHR"
108.162.245.174 - - [20/Jul/2017:08:40:30 +0000] "GET /download HTTP/1.0" 200 15344 "-" "Mozilla/5.0 (compatible; Googlebot/2.1; +http://www.google.com/bot.html)"
108.162.245.192 - - [20/Jul/2017:08:41:55 +0000] "GET /itemdetail?ItemID=016172-0347 HTTP/1.1" 301 624 "-" "Mozilla/5.0 (compatible; Googlebot/2.1; +http://www.google.com/bot.html)"
162.158.6.42 - - [20/Jul/2017:08:41:57 +0000] "GET /itemdetail HTTP/1.1" 301 586 "-" "WHR"
108.162.245.192 - - [20/Jul/2017:08:41:55 +0000] "GET /itemdetail?ItemID=016172-0347 HTTP/1.1" 200 14625 "-" "Mozilla/5.0 (compatible; Googlebot/2.1; +http://www.google.com/bot.html)"
162.158.6.42 - - [20/Jul/2017:08:45:41 +0000] "GET / HTTP/1.1" 301 566 "-" "WHR"
108.162.245.108 - - [20/Jul/2017:08:45:38 +0000] "GET /jaufez/hermitish/14892-3529/ectogenic-lutrine/gastrorrhagia.shtm HTTP/1.1" 200 16464 "-" "Mozilla/5.0 (Linux; Android 6.0.1; Nexus 5X Build/MMB29P) AppleWebKit/537.36 (KHTML, like Gecko) Chrome/41.0.2272.96 Mobile Safari/537.36 (compatible; Googlebot/2.1; +http://www.google.com/bot.html)"
162.158.6.108 - - [20/Jul/2017:08:50:43 +0000] "GET / HTTP/1.1" 301 554 "-" "WHR"
108.162.245.252 - - [20/Jul/2017:08:50:39 +0000] "GET /jaufez/hermitish/14892-13755/cheesecloth-lutrine/gastrorrhagia.shtm HTTP/1.1" 200 16199 "-" "Mozilla/5.0 (Linux; Android 6.0.1; Nexus 5X Build/MMB29P) AppleWebKit/537.36 (KHTML, like Gecko) Chrome/41.0.2272.96 Mobile Safari/537.36 (compatible; Googlebot/2.1; +http://www.google.com/bot.html)"
172.68.133.224 - - [20/Jul/2017:08:50:44 +0000] "POST //api_post HTTP/1.0" 301 589 "-" "GuzzleHttp/6.2.1 curl/7.49.1 PHP/7.0.9"
74.82.47.2 - - [20/Jul/2017:08:54:32 +0000] "GET / HTTP/1.1" 200 14515 "-" "-"
162.158.6.42 - - [20/Jul/2017:08:55:41 +0000] "GET / HTTP/1.1" 301 566 "-" "WHR"
108.162.246.85 - - [20/Jul/2017:08:55:39 +0000] "GET /jaufez/hermitish/14892-15391/depilate-lutrine/gastrorrhagia.shtm HTTP/1.1" 200 15169 "-" "Mozilla/5.0 (Linux; Android 6.0.1; Nexus 5X Build/MMB29P) AppleWebKit/537.36 (KHTML, like Gecko) Chrome/41.0.2272.96 Mobile Safari/537.36 (compatible; Googlebot/2.1; +http://www.google.com/bot.html)"
108.162.237.90 - - [20/Jul/2017:08:57:58 +0000] "GET /images_artikel/.jpg HTTP/1.1" 404 9200 "-" "Twitterbot/1.0"
162.158.6.42 - - [20/Jul/2017:08:59:55 +0000] "GET / HTTP/1.1" 301 566 "-" "WHR"
108.162.245.42 - - [20/Jul/2017:08:59:52 +0000] "GET /feature/ls HTTP/1.1" 200 14276 "-" "Mozilla/5.0 (compatible; Googlebot/2.1; +http://www.google.com/bot.html)"
162.158.106.56 - - [20/Jul/2017:09:00:38 +0000] "GET /jaufez/hermitish/14892-19397/methanometer-lutrine/gastrorrhagia.shtm HTTP/1.1" 301 690 "-" "Mozilla/5.0 (compatible; Googlebot/2.1; +http://www.google.com/bot.html)"
162.158.6.108 - - [20/Jul/2017:09:00:44 +0000] "GET / HTTP/1.1" 301 554 "-" "WHR"
162.158.106.56 - - [20/Jul/2017:09:00:41 +0000] "GET /jaufez/hermitish/14892-19397/methanometer-lutrine/gastrorrhagia.shtm HTTP/1.0" 200 14923 "-" "Mozilla/5.0 (compatible; Googlebot/2.1; +http://www.google.com/bot.html)"
162.158.106.20 - - [20/Jul/2017:09:00:45 +0000] "GET /index.php/cuprimer_detail/44 HTTP/1.1" 200 14411 "-" "Mozilla/5.0 (compatible; Googlebot/2.1; +http://www.google.com/bot.html)"
162.158.6.42 - - [20/Jul/2017:09:02:11 +0000] "GET / HTTP/1.1" 301 566 "-" "WHR"
108.162.246.25 - - [20/Jul/2017:09:02:09 +0000] "GET /artikel/7 HTTP/1.1" 200 15206 "-" "Mozilla/5.0 (compatible; Googlebot/2.1; +http://www.google.com/bot.html)"
162.158.106.14 - - [20/Jul/2017:09:03:12 +0000] "GET /jaufez/hermitish/14892-12879/alkaligen-lutrine/gastrorrhagia.shtm HTTP/1.1" 301 684 "-" "Mozilla/5.0 (compatible; Googlebot/2.1; +http://www.google.com/bot.html)"
162.158.6.108 - - [20/Jul/2017:09:03:17 +0000] "GET / HTTP/1.1" 301 554 "-" "WHR"
162.158.106.14 - - [20/Jul/2017:09:03:15 +0000] "GET /jaufez/hermitish/14892-12879/alkaligen-lutrine/gastrorrhagia.shtm HTTP/1.0" 200 14261 "-" "Mozilla/5.0 (compatible; Googlebot/2.1; +http://www.google.com/bot.html)"
172.68.10.42 - - [20/Jul/2017:09:03:57 +0000] "GET /promo HTTP/1.1" 200 10860 "-" "Mozilla/5.0 (compatible; YandexBot/3.0; +http://yandex.com/bots)"
141.101.104.13 - - [20/Jul/2017:09:04:26 +0000] "GET /wp-login.php HTTP/1.1" 301 590 "-" "Mozilla/5.0 (Windows NT 6.1; WOW64; rv:40.0) Gecko/20100101 Firefox/40.1"
141.101.104.13 - - [20/Jul/2017:09:04:27 +0000] "GET /wp-login.php HTTP/1.0" 404 9170 "-" "Mozilla/5.0 (Windows NT 6.1; WOW64; rv:40.0) Gecko/20100101 Firefox/40.1"
141.101.99.139 - - [20/Jul/2017:09:04:28 +0000] "GET / HTTP/1.0" 301 585 "-" "Mozilla/5.0 (Windows NT 6.1; WOW64; rv:40.0) Gecko/20100101 Firefox/40.1"
141.101.104.13 - - [20/Jul/2017:09:04:28 +0000] "GET / HTTP/1.0" 200 14580 "-" "Mozilla/5.0 (Windows NT 6.1; WOW64; rv:40.0) Gecko/20100101 Firefox/40.1"
108.162.245.222 - - [20/Jul/2017:09:05:44 +0000] "GET /jaufez/hermitish/14892-16230/cremorne-lutrine/gastrorrhagia.shtm HTTP/1.1" 301 682 "-" "Mozilla/5.0 (compatible; Googlebot/2.1; +http://www.google.com/bot.html)"
162.158.6.108 - - [20/Jul/2017:09:05:48 +0000] "GET / HTTP/1.1" 301 554 "-" "WHR"
108.162.245.222 - - [20/Jul/2017:09:05:45 +0000] "GET /jaufez/hermitish/14892-16230/cremorne-lutrine/gastrorrhagia.shtm HTTP/1.0" 200 14519 "-" "Mozilla/5.0 (compatible; Googlebot/2.1; +http://www.google.com/bot.html)"
108.162.246.97 - - [20/Jul/2017:09:07:02 +0000] "GET /guide HTTP/1.1" 301 576 "-" "Mozilla/5.0 (compatible; Googlebot/2.1; +http://www.google.com/bot.html)"
162.158.6.42 - - [20/Jul/2017:09:07:06 +0000] "GET / HTTP/1.1" 301 566 "-" "WHR"
108.162.246.97 - - [20/Jul/2017:09:07:03 +0000] "GET /guide HTTP/1.0" 200 14326 "-" "Mozilla/5.0 (compatible; Googlebot/2.1; +http://www.google.com/bot.html)"
162.158.106.20 - - [20/Jul/2017:09:07:59 +0000] "GET /jaufez/hermitish/14892-7579/joist-lutrine/gastrorrhagia.shtm HTTP/1.1" 301 674 "-" "Mozilla/5.0 (compatible; Googlebot/2.1; +http://www.google.com/bot.html)"
162.158.6.108 - - [20/Jul/2017:09:08:03 +0000] "GET / HTTP/1.1" 301 554 "-" "WHR"
162.158.106.20 - - [20/Jul/2017:09:08:00 +0000] "GET /jaufez/hermitish/14892-7579/joist-lutrine/gastrorrhagia.shtm HTTP/1.0" 200 16555 "-" "Mozilla/5.0 (compatible; Googlebot/2.1; +http://www.google.com/bot.html)"
162.158.90.218 - - [20/Jul/2017:09:08:54 +0000] "GET /index.php/cuprimer_detail/31 HTTP/1.1" 200 7361 "-" "Mozilla/5.0 (compatible; YandexBot/3.0; +http://yandex.com/bots)"
108.162.245.246 - - [20/Jul/2017:09:10:35 +0000] "GET /pages/linensidegathertunicred HTTP/1.1" 301 624 "-" "Mozilla/5.0 (compatible; Googlebot/2.1; +http://www.google.com/bot.html)"
162.158.6.42 - - [20/Jul/2017:09:10:39 +0000] "GET / HTTP/1.1" 301 566 "-" "WHR"
108.162.245.246 - - [20/Jul/2017:09:10:36 +0000] "GET /pages/linensidegathertunicred HTTP/1.0" 200 15283 "-" "Mozilla/5.0 (compatible; Googlebot/2.1; +http://www.google.com/bot.html)"
108.162.245.108 - - [20/Jul/2017:09:10:49 +0000] "GET /index.php/cuprimer_detail/19 HTTP/1.1" 200 14805 "-" "Mozilla/5.0 (compatible; Googlebot/2.1; +http://www.google.com/bot.html)"
108.162.246.139 - - [20/Jul/2017:09:11:22 +0000] "GET /guide? HTTP/1.1" 200 14217 "-" "Mozilla/5.0 (compatible; Googlebot/2.1; +http://www.google.com/bot.html)"
162.158.6.42 - - [20/Jul/2017:09:15:55 +0000] "GET / HTTP/1.1" 301 566 "-" "WHR"
108.162.246.133 - - [20/Jul/2017:09:15:51 +0000] "GET /artikel_detail/59 HTTP/1.1" 200 15224 "-" "Mozilla/5.0 (compatible; Googlebot/2.1; +http://www.google.com/bot.html)"
108.162.245.156 - - [20/Jul/2017:09:16:40 +0000] "GET /rss.xml HTTP/1.1" 301 580 "-" "FeedFetcher-Google; (+http://www.google.com/feedfetcher.html)"
108.162.245.156 - - [20/Jul/2017:09:16:44 +0000] "GET /rss.xml HTTP/1.1" 200 15247 "-" "FeedFetcher-Google; (+http://www.google.com/feedfetcher.html)"
162.158.6.108 - - [20/Jul/2017:09:21:04 +0000] "GET / HTTP/1.1" 301 554 "-" "WHR"
108.162.246.235 - - [20/Jul/2017:09:20:59 +0000] "GET /jaufez/hermitish/14892-10542/cremorne-lutrine/gastrorrhagia.shtm HTTP/1.1" 200 15261 "-" "Mozilla/5.0 (compatible; Googlebot/2.1; +http://www.google.com/bot.html)"
162.158.6.42 - - [20/Jul/2017:09:23:13 +0000] "GET / HTTP/1.1" 301 566 "-" "WHR"
108.162.246.79 - - [20/Jul/2017:09:23:08 +0000] "GET /artikel_detail/49 HTTP/1.1" 200 15049 "-" "Mozilla/5.0 (compatible; bingbot/2.0; +http://www.bing.com/bingbot.htm)"
108.162.246.25 - - [20/Jul/2017:09:26:28 +0000] "GET /jaufez/hermitish/14892-23013/christina-lutrine/gastrorrhagia.shtm HTTP/1.1" 301 684 "-" "Mozilla/5.0 (compatible; Googlebot/2.1; +http://www.google.com/bot.html)"
162.158.6.108 - - [20/Jul/2017:09:26:32 +0000] "GET / HTTP/1.1" 301 554 "-" "WHR"
108.162.246.25 - - [20/Jul/2017:09:26:29 +0000] "GET /jaufez/hermitish/14892-23013/christina-lutrine/gastrorrhagia.shtm HTTP/1.0" 200 15306 "-" "Mozilla/5.0 (compatible; Googlebot/2.1; +http://www.google.com/bot.html)"
162.158.6.108 - - [20/Jul/2017:09:30:21 +0000] "GET / HTTP/1.1" 301 554 "-" "WHR"
108.162.246.151 - - [20/Jul/2017:09:30:20 +0000] "GET /sitemap HTTP/1.1" 200 14247 "-" "Mozilla/5.0 (compatible; Googlebot/2.1; +http://www.google.com/bot.html)"
162.158.6.108 - - [20/Jul/2017:09:33:02 +0000] "GET / HTTP/1.1" 301 554 "-" "WHR"
108.162.246.79 - - [20/Jul/2017:09:33:00 +0000] "GET /hymnecu HTTP/1.1" 200 14829 "-" "Mozilla/5.0 (compatible; Googlebot/2.1; +http://www.google.com/bot.html)"
108.162.246.145 - - [20/Jul/2017:09:33:28 +0000] "GET /cuprimer HTTP/1.1" 200 14820 "-" "Mozilla/5.0 (compatible; Googlebot/2.1; +http://www.google.com/bot.html)"
162.158.106.62 - - [20/Jul/2017:09:34:02 +0000] "GET /kegiatan HTTP/1.1" 200 14559 "-" "Mozilla/5.0 (compatible; Googlebot/2.1; +http://www.google.com/bot.html)"
162.158.6.108 - - [20/Jul/2017:09:35:17 +0000] "GET / HTTP/1.1" 301 554 "-" "WHR"
108.162.246.85 - - [20/Jul/2017:09:35:14 +0000] "GET /pelayanan HTTP/1.1" 200 16193 "-" "Mozilla/5.0 (compatible; Googlebot/2.1; +http://www.google.com/bot.html)"
108.162.246.19 - - [20/Jul/2017:09:35:56 +0000] "GET /attribution HTTP/1.1" 200 15378 "-" "Mozilla/5.0 (compatible; Googlebot/2.1; +http://www.google.com/bot.html)"
162.158.106.32 - - [20/Jul/2017:09:36:23 +0000] "GET /jaufez/hermitish/14892-16266/locust-lutrine/gastrorrhagia.shtm HTTP/1.1" 301 690 "-" "Mozilla/5.0 (compatible; Googlebot/2.1; +http://www.google.com/bot.html)"
162.158.6.42 - - [20/Jul/2017:09:36:28 +0000] "GET / HTTP/1.1" 301 566 "-" "WHR"
162.158.106.32 - - [20/Jul/2017:09:36:26 +0000] "GET /jaufez/hermitish/14892-16266/locust-lutrine/gastrorrhagia.shtm HTTP/1.0" 200 15054 "-" "Mozilla/5.0 (compatible; Googlebot/2.1; +http://www.google.com/bot.html)"
162.158.6.42 - - [20/Jul/2017:09:36:55 +0000] "GET /artikel/0 HTTP/1.1" 301 584 "-" "WHR"
108.162.246.217 - - [20/Jul/2017:09:36:50 +0000] "GET /artikel/0?page=1 HTTP/1.1" 200 15236 "-" "Mozilla/5.0 (compatible; Googlebot/2.1; +http://www.google.com/bot.html)"
162.158.88.22 - - [20/Jul/2017:09:39:00 +0000] "GET /images_staf/m34K6jKa3f2016-04-08.jpg HTTP/1.1" 301 626 "-" "Mozilla/5.0 (compatible; YandexBot/3.0; +http://yandex.com/bots)"
162.158.6.42 - - [20/Jul/2017:09:41:22 +0000] "GET / HTTP/1.1" 301 566 "-" "WHR"
108.162.245.132 - - [20/Jul/2017:09:41:19 +0000] "GET /jaufez/hermitish/14892-17073/listing-lutrine/gastrorrhagia.shtm HTTP/1.1" 200 15472 "-" "Mozilla/5.0 (compatible; Googlebot/2.1; +http://www.google.com/bot.html)"
108.162.245.60 - - [20/Jul/2017:09:41:23 +0000] "GET /jaufez/hermitish/14892-20897/chiropterygian-lutrine/gastrorrhagia.shtm HTTP/1.1" 301 706 "-" "Mozilla/5.0 (Linux; Android 6.0.1; Nexus 5X Build/MMB29P) AppleWebKit/537.36 (KHTML, like Gecko) Chrome/41.0.2272.96 Mobile Safari/537.36 (compatible; Googlebot/2.1; +http://www.google.com/bot.html)"
108.162.245.60 - - [20/Jul/2017:09:41:26 +0000] "GET /jaufez/hermitish/14892-20897/chiropterygian-lutrine/gastrorrhagia.shtm HTTP/1.0" 200 14919 "-" "Mozilla/5.0 (Linux; Android 6.0.1; Nexus 5X Build/MMB29P) AppleWebKit/537.36 (KHTML, like Gecko) Chrome/41.0.2272.96 Mobile Safari/537.36 (compatible; Googlebot/2.1; +http://www.google.com/bot.html)"
108.162.245.84 - - [20/Jul/2017:09:41:31 +0000] "GET /cuprimer_detail/13 HTTP/1.1" 301 602 "-" "Mozilla/5.0 (compatible; Googlebot/2.1; +http://www.google.com/bot.html)"
172.68.34.42 - - [20/Jul/2017:09:41:32 +0000] "GET / HTTP/1.1" 301 554 "-" "Mozilla/5.0 (Windows NT 10.0; Win64; x64; rv:40.0) Gecko/20100101 Firefox/40.0"
108.162.245.84 - - [20/Jul/2017:09:41:33 +0000] "GET /cuprimer_detail/13 HTTP/1.0" 200 16041 "-" "Mozilla/5.0 (compatible; Googlebot/2.1; +http://www.google.com/bot.html)"
162.158.90.122 - - [20/Jul/2017:09:42:09 +0000] "GET /plugins/fileman/Uploads/Images/11364_1638952006332429_228908755.jpg HTTP/1.1" 301 688 "-" "Mozilla/5.0 (compatible; YandexBot/3.0; +http://yandex.com/bots)"
108.162.245.180 - - [20/Jul/2017:09:42:10 +0000] "GET /jaufez/hermitish/14892-11294/bummler-lutrine/gastrorrhagia.shtm HTTP/1.1" 301 692 "-" "Mozilla/5.0 (compatible; Googlebot/2.1; +http://www.google.com/bot.html)"
108.162.245.180 - - [20/Jul/2017:09:42:13 +0000] "GET /jaufez/hermitish/14892-11294/bummler-lutrine/gastrorrhagia.shtm HTTP/1.0" 200 16167 "-" "Mozilla/5.0 (compatible; Googlebot/2.1; +http://www.google.com/bot.html)"
162.158.6.42 - - [20/Jul/2017:09:43:44 +0000] "GET / HTTP/1.1" 301 566 "-" "WHR"
162.158.106.56 - - [20/Jul/2017:09:43:41 +0000] "GET /artikel_detail/64 HTTP/1.1" 200 14107 "-" "Mozilla/5.0 (compatible; Googlebot/2.1; +http://www.google.com/bot.html)"
162.158.6.108 - - [20/Jul/2017:09:46:22 +0000] "GET / HTTP/1.1" 301 554 "-" "WHR"
108.162.246.49 - - [20/Jul/2017:09:46:20 +0000] "GET /cuprimer_detail/4 HTTP/1.1" 200 15949 "-" "Mozilla/5.0 (Linux; Android 6.0.1; Nexus 5X Build/MMB29P) AppleWebKit/537.36 (KHTML, like Gecko) Chrome/41.0.2272.96 Mobile Safari/537.36 (compatible; Googlebot/2.1; +http://www.google.com/bot.html)"
162.158.6.108 - - [20/Jul/2017:09:50:29 +0000] "GET / HTTP/1.1" 301 554 "-" "WHR"
108.162.246.49 - - [20/Jul/2017:09:50:27 +0000] "GET /coordinate/ls HTTP/1.1" 200 15337 "-" "Mozilla/5.0 (compatible; Googlebot/2.1; +http://www.google.com/bot.html)"
108.162.246.181 - - [20/Jul/2017:09:56:29 +0000] "GET /jaufez/hermitish/14892-16902/cremorne-lutrine/gastrorrhagia.shtm HTTP/1.1" 301 694 "-" "Mozilla/5.0 (Linux; Android 6.0.1; Nexus 5X Build/MMB29P) AppleWebKit/537.36 (KHTML, like Gecko) Chrome/41.0.2272.96 Mobile Safari/537.36 (compatible; Googlebot/2.1; +http://www.google.com/bot.html)"
162.158.6.42 - - [20/Jul/2017:09:56:32 +0000] "GET / HTTP/1.1" 301 566 "-" "WHR"
108.162.246.181 - - [20/Jul/2017:09:56:30 +0000] "GET /jaufez/hermitish/14892-16902/cremorne-lutrine/gastrorrhagia.shtm HTTP/1.0" 200 15701 "-" "Mozilla/5.0 (Linux; Android 6.0.1; Nexus 5X Build/MMB29P) AppleWebKit/537.36 (KHTML, like Gecko) Chrome/41.0.2272.96 Mobile Safari/537.36 (compatible; Googlebot/2.1; +http://www.google.com/bot.html)"
108.162.245.66 - - [20/Jul/2017:09:56:33 +0000] "GET /cuprimer_detail/1 HTTP/1.1" 301 600 "-" "Mozilla/5.0 (compatible; Googlebot/2.1; +http://www.google.com/bot.html)"
108.162.245.66 - - [20/Jul/2017:09:56:34 +0000] "GET /cuprimer_detail/1 HTTP/1.0" 200 16190 "-" "Mozilla/5.0 (compatible; Googlebot/2.1; +http://www.google.com/bot.html)"
162.158.6.108 - - [20/Jul/2017:10:00:33 +0000] "GET / HTTP/1.1" 301 554 "-" "WHR"
162.158.106.50 - - [20/Jul/2017:10:00:31 +0000] "GET /privacy HTTP/1.1" 200 16052 "-" "Mozilla/5.0 (compatible; Googlebot/2.1; +http://www.google.com/bot.html)"
162.158.6.42 - - [20/Jul/2017:10:02:14 +0000] "GET /itemdetail HTTP/1.1" 301 586 "-" "WHR"
108.162.245.48 - - [20/Jul/2017:10:02:11 +0000] "GET /itemdetail?ItemID=01145-1288 HTTP/1.1" 200 15624 "-" "Mozilla/5.0 (compatible; Googlebot/2.1; +http://www.google.com/bot.html)"
162.158.6.42 - - [20/Jul/2017:10:06:03 +0000] "GET /itemdetail HTTP/1.1" 301 586 "-" "WHR"
108.162.246.109 - - [20/Jul/2017:10:05:59 +0000] "GET /itemdetail?ItemID=01151-1200_01134-2030 HTTP/1.1" 200 15271 "-" "Mozilla/5.0 (compatible; Googlebot/2.1; +http://www.google.com/bot.html)"
162.158.6.42 - - [20/Jul/2017:10:06:28 +0000] "GET /itemlist HTTP/1.1" 301 582 "-" "WHR"
108.162.245.18 - - [20/Jul/2017:10:06:22 +0000] "GET /itemlist?cv=1&selsex=02&cateid=10 HTTP/1.1" 200 15402 "-" "Mozilla/5.0 (compatible; Googlebot/2.1; +http://www.google.com/bot.html)"
162.158.6.42 - - [20/Jul/2017:10:06:53 +0000] "GET / HTTP/1.1" 301 566 "-" "WHR"
108.162.245.162 - - [20/Jul/2017:10:06:49 +0000] "GET /jaufez/hermitish/14892-16865/chiropterygian-lutrine/gastrorrhagia.shtm HTTP/1.1" 200 15851 "-" "Mozilla/5.0 (compatible; Googlebot/2.1; +http://www.google.com/bot.html)"
162.158.6.108 - - [20/Jul/2017:10:06:58 +0000] "GET / HTTP/1.1" 301 554 "-" "WHR"
108.162.245.192 - - [20/Jul/2017:10:06:54 +0000] "GET /jaufez/hermitish/14892-7751/cottonee-lutrine/gastrorrhagia.shtm HTTP/1.1" 200 16149 "-" "Mozilla/5.0 (compatible; Googlebot/2.1; +http://www.google.com/bot.html)"
162.158.106.26 - - [20/Jul/2017:10:07:56 +0000] "GET /jaufez/hermitish/14892-3522/locust-lutrine/gastrorrhagia.shtm HTTP/1.1" 301 676 "-" "Mozilla/5.0 (compatible; Googlebot/2.1; +http://www.google.com/bot.html)"
162.158.106.26 - - [20/Jul/2017:10:08:00 +0000] "GET /jaufez/hermitish/14892-3522/locust-lutrine/gastrorrhagia.shtm HTTP/1.0" 200 15265 "-" "Mozilla/5.0 (compatible; Googlebot/2.1; +http://www.google.com/bot.html)"
141.101.105.134 - - [20/Jul/2017:10:11:31 +0000] "GET /artikel_detail/46 HTTP/1.1" 301 588 "-" "Mozilla/5.0 (compatible; AhrefsBot/5.2; +http://ahrefs.com/robot/)"
162.158.6.42 - - [20/Jul/2017:10:12:01 +0000] "GET / HTTP/1.1" 301 566 "-" "WHR"
108.162.245.222 - - [20/Jul/2017:10:11:59 +0000] "GET /jaufez/hermitish/14892-18302/bummler-lutrine/gastrorrhagia.shtm HTTP/1.1" 200 14966 "-" "Mozilla/5.0 (compatible; Googlebot/2.1; +http://www.google.com/bot.html)"
162.158.6.108 - - [20/Jul/2017:10:12:04 +0000] "GET / HTTP/1.1" 301 554 "-" "WHR"
108.162.245.240 - - [20/Jul/2017:10:12:02 +0000] "GET / HTTP/1.1" 200 14591 "-" "Mozilla/5.0 (compatible; Googlebot/2.1; +http://www.google.com/bot.html)"
162.158.6.42 - - [20/Jul/2017:10:17:18 +0000] "GET / HTTP/1.1" 301 566 "-" "WHR"
108.162.246.235 - - [20/Jul/2017:10:17:15 +0000] "GET /jaufez/hermitish/14892-5824/misimagination-lutrine/gastrorrhagia.shtm HTTP/1.1" 200 16322 "-" "Mozilla/5.0 (compatible; Googlebot/2.1; +http://www.google.com/bot.html)"
108.162.246.55 - - [20/Jul/2017:10:17:19 +0000] "GET /cuprimer_detail/19 HTTP/1.1" 301 602 "-" "Mozilla/5.0 (compatible; Googlebot/2.1; +http://www.google.com/bot.html)"
108.162.246.55 - - [20/Jul/2017:10:17:23 +0000] "GET /cuprimer_detail/19 HTTP/1.0" 200 15784 "-" "Mozilla/5.0 (compatible; Googlebot/2.1; +http://www.google.com/bot.html)"
162.158.6.42 - - [20/Jul/2017:10:22:23 +0000] "GET / HTTP/1.1" 301 566 "-" "WHR"
108.162.245.66 - - [20/Jul/2017:10:22:19 +0000] "GET / HTTP/1.1" 200 14643 "-" "Mozilla/5.0 (compatible; Googlebot/2.1; +http://www.google.com/bot.html)"
108.162.246.115 - - [20/Jul/2017:10:23:46 +0000] "GET /jaufez/hermitish/14892-2659/joist-lutrine/gastrorrhagia.shtm HTTP/1.1" 301 674 "-" "Mozilla/5.0 (compatible; Googlebot/2.1; +http://www.google.com/bot.html)"
162.158.6.108 - - [20/Jul/2017:10:23:52 +0000] "GET / HTTP/1.1" 301 554 "-" "WHR"
108.162.246.115 - - [20/Jul/2017:10:23:50 +0000] "GET /jaufez/hermitish/14892-2659/joist-lutrine/gastrorrhagia.shtm HTTP/1.0" 200 15096 "-" "Mozilla/5.0 (compatible; Googlebot/2.1; +http://www.google.com/bot.html)"
162.158.6.42 - - [20/Jul/2017:10:27:23 +0000] "GET / HTTP/1.1" 301 566 "-" "WHR"
108.162.245.192 - - [20/Jul/2017:10:27:21 +0000] "GET /jaufez/hermitish/14892-22452/fastuously-lutrine/gastrorrhagia.shtm HTTP/1.1" 200 15111 "-" "Mozilla/5.0 (Linux; Android 6.0.1; Nexus 5X Build/MMB29P) AppleWebKit/537.36 (KHTML, like Gecko) Chrome/41.0.2272.96 Mobile Safari/537.36 (compatible; Googlebot/2.1; +http://www.google.com/bot.html)"
108.162.245.120 - - [20/Jul/2017:10:32:19 +0000] "GET /jaufez/hermitish/14892-14585/chiropterygian-lutrine/gastrorrhagia.shtm HTTP/1.1" 301 694 "-" "Mozilla/5.0 (Linux; Android 6.0.1; Nexus 5X Build/MMB29P) AppleWebKit/537.36 (KHTML, like Gecko) Chrome/41.0.2272.96 Mobile Safari/537.36 (compatible; Googlebot/2.1; +http://www.google.com/bot.html)"
162.158.6.108 - - [20/Jul/2017:10:32:23 +0000] "GET / HTTP/1.1" 301 554 "-" "WHR"
108.162.245.120 - - [20/Jul/2017:10:32:20 +0000] "GET /jaufez/hermitish/14892-14585/chiropterygian-lutrine/gastrorrhagia.shtm HTTP/1.0" 200 14560 "-" "Mozilla/5.0 (Linux; Android 6.0.1; Nexus 5X Build/MMB29P) AppleWebKit/537.36 (KHTML, like Gecko) Chrome/41.0.2272.96 Mobile Safari/537.36 (compatible; Googlebot/2.1; +http://www.google.com/bot.html)"
108.162.246.91 - - [20/Jul/2017:10:37:19 +0000] "GET /jaufez/hermitish/14892-15979/joist-lutrine/gastrorrhagia.shtm HTTP/1.1" 301 688 "-" "Mozilla/5.0 (compatible; Googlebot/2.1; +http://www.google.com/bot.html)"
162.158.6.42 - - [20/Jul/2017:10:37:22 +0000] "GET / HTTP/1.1" 301 566 "-" "WHR"
108.162.246.91 - - [20/Jul/2017:10:37:20 +0000] "GET /jaufez/hermitish/14892-15979/joist-lutrine/gastrorrhagia.shtm HTTP/1.0" 200 14586 "-" "Mozilla/5.0 (compatible; Googlebot/2.1; +http://www.google.com/bot.html)"
162.158.6.108 - - [20/Jul/2017:10:37:26 +0000] "GET / HTTP/1.1" 301 554 "-" "WHR"
108.162.245.60 - - [20/Jul/2017:10:37:23 +0000] "GET /jaufez/hermitish/14892-10356/fastuously-lutrine/gastrorrhagia.shtm HTTP/1.1" 200 15053 "-" "Mozilla/5.0 (compatible; Googlebot/2.1; +http://www.google.com/bot.html)"
108.162.245.66 - - [20/Jul/2017:10:37:42 +0000] "GET /jaufez/hermitish/14892-9733/detestably-lutrine/gastrorrhagia.shtm HTTP/1.1" 200 14724 "-" "Mozilla/5.0 (compatible; Googlebot/2.1; +http://www.google.com/bot.html)"
162.158.6.108 - - [20/Jul/2017:10:41:32 +0000] "GET / HTTP/1.1" 301 554 "-" "WHR"
108.162.245.216 - - [20/Jul/2017:10:41:29 +0000] "GET /topics/ls HTTP/1.1" 200 15680 "-" "Mozilla/5.0 (compatible; Googlebot/2.1; +http://www.google.com/bot.html)"
108.162.246.109 - - [20/Jul/2017:10:42:04 +0000] "GET /jaufez/hermitish/14892-10023/alkaligen-lutrine/gastrorrhagia.shtm HTTP/1.1" 301 696 "-" "Mozilla/5.0 (compatible; Googlebot/2.1; +http://www.google.com/bot.html)"
162.158.6.42 - - [20/Jul/2017:10:42:10 +0000] "GET / HTTP/1.1" 301 566 "-" "WHR"
108.162.246.109 - - [20/Jul/2017:10:42:07 +0000] "GET /jaufez/hermitish/14892-10023/alkaligen-lutrine/gastrorrhagia.shtm HTTP/1.0" 200 15510 "-" "Mozilla/5.0 (compatible; Googlebot/2.1; +http://www.google.com/bot.html)"
162.158.106.56 - - [20/Jul/2017:10:42:29 +0000] "GET /jaufez/hermitish/14892-19397/methanometer-lutrine/gastrorrhagia.shtm HTTP/1.1" 301 690 "-" "Mozilla/5.0 (Linux; Android 6.0.1; Nexus 5X Build/MMB29P) AppleWebKit/537.36 (KHTML, like Gecko) Chrome/41.0.2272.96 Mobile Safari/537.36 (compatible; Googlebot/2.1; +http://www.google.com/bot.html)"
162.158.106.56 - - [20/Jul/2017:10:42:33 +0000] "GET /jaufez/hermitish/14892-19397/methanometer-lutrine/gastrorrhagia.shtm HTTP/1.0" 200 15278 "-" "Mozilla/5.0 (Linux; Android 6.0.1; Nexus 5X Build/MMB29P) AppleWebKit/537.36 (KHTML, like Gecko) Chrome/41.0.2272.96 Mobile Safari/537.36 (compatible; Googlebot/2.1; +http://www.google.com/bot.html)"
108.162.245.192 - - [20/Jul/2017:10:47:29 +0000] "GET /jaufez/hermitish/14892-16829/methanometer-lutrine/gastrorrhagia.shtm HTTP/1.1" 301 690 "-" "Mozilla/5.0 (compatible; Googlebot/2.1; +http://www.google.com/bot.html)"
162.158.6.108 - - [20/Jul/2017:10:47:33 +0000] "GET / HTTP/1.1" 301 554 "-" "WHR"
108.162.245.192 - - [20/Jul/2017:10:47:30 +0000] "GET /jaufez/hermitish/14892-16829/methanometer-lutrine/gastrorrhagia.shtm HTTP/1.0" 200 16600 "-" "Mozilla/5.0 (compatible; Googlebot/2.1; +http://www.google.com/bot.html)"
108.162.245.60 - - [20/Jul/2017:10:47:34 +0000] "GET /pelayanan HTTP/1.1" 301 584 "-" "Mozilla/5.0 (compatible; Googlebot/2.1; +http://www.google.com/bot.html)"
162.158.6.42 - - [20/Jul/2017:10:47:36 +0000] "GET / HTTP/1.1" 301 566 "-" "WHR"
108.162.245.60 - - [20/Jul/2017:10:47:34 +0000] "GET /pelayanan HTTP/1.0" 200 16161 "-" "Mozilla/5.0 (compatible; Googlebot/2.1; +http://www.google.com/bot.html)"
162.158.6.42 - - [20/Jul/2017:10:51:46 +0000] "GET / HTTP/1.1" 301 566 "-" "WHR"
108.162.246.193 - - [20/Jul/2017:10:51:44 +0000] "GET /information/importantnotices HTTP/1.1" 200 15141 "-" "Mozilla/5.0 (compatible; Googlebot/2.1; +http://www.google.com/bot.html)"
162.158.6.108 - - [20/Jul/2017:10:52:31 +0000] "GET / HTTP/1.1" 301 554 "-" "WHR"
108.162.245.114 - - [20/Jul/2017:10:52:29 +0000] "GET /jaufez/hermitish/14892-4650/locust-lutrine/gastrorrhagia.shtm HTTP/1.1" 200 16065 "-" "Mozilla/5.0 (compatible; Googlebot/2.1; +http://www.google.com/bot.html)"
162.158.6.108 - - [20/Jul/2017:10:57:42 +0000] "GET / HTTP/1.1" 301 554 "-" "WHR"
108.162.245.186 - - [20/Jul/2017:10:57:39 +0000] "GET /jaufez/hermitish/14892-12939/cheesecloth-lutrine/gastrorrhagia.shtm HTTP/1.1" 200 15384 "-" "Mozilla/5.0 (Linux; Android 6.0.1; Nexus 5X Build/MMB29P) AppleWebKit/537.36 (KHTML, like Gecko) Chrome/41.0.2272.96 Mobile Safari/537.36 (compatible; Googlebot/2.1; +http://www.google.com/bot.html)"
162.158.6.42 - - [20/Jul/2017:10:58:17 +0000] "GET / HTTP/1.1" 301 566 "-" "WHR"
108.162.246.139 - - [20/Jul/2017:10:58:16 +0000] "GET /guide? HTTP/1.1" 200 14293 "-" "Mozilla/5.0 (compatible; Googlebot/2.1; +http://www.google.com/bot.html)"
162.158.6.108 - - [20/Jul/2017:11:02:41 +0000] "GET / HTTP/1.1" 301 554 "-" "WHR"
108.162.245.174 - - [20/Jul/2017:11:02:39 +0000] "GET /artikel_detail/60 HTTP/1.1" 200 15157 "-" "Mozilla/5.0 (compatible; Googlebot/2.1; +http://www.google.com/bot.html)"
108.162.245.12 - - [20/Jul/2017:11:07:55 +0000] "GET /jaufez/hermitish/14892-20052/fastuously-lutrine/gastrorrhagia.shtm HTTP/1.1" 301 686 "-" "Mozilla/5.0 (compatible; Googlebot/2.1; +http://www.google.com/bot.html)"
162.158.6.108 - - [20/Jul/2017:11:07:57 +0000] "GET / HTTP/1.1" 301 554 "-" "WHR"
108.162.245.12 - - [20/Jul/2017:11:07:56 +0000] "GET /jaufez/hermitish/14892-20052/fastuously-lutrine/gastrorrhagia.shtm HTTP/1.0" 200 14994 "-" "Mozilla/5.0 (compatible; Googlebot/2.1; +http://www.google.com/bot.html)"
108.162.237.252 - - [20/Jul/2017:11:12:26 +0000] "GET /artikel/0?page=3 HTTP/1.1" 200 9685 "-" "Mozilla/5.0 (compatible; YandexBot/3.0; +http://yandex.com/bots)"
162.158.6.108 - - [20/Jul/2017:11:12:50 +0000] "GET / HTTP/1.1" 301 554 "-" "WHR"
108.162.245.240 - - [20/Jul/2017:11:12:49 +0000] "GET / HTTP/1.1" 200 14795 "-" "Mozilla/5.0 (Linux; Android 6.0.1; Nexus 5X Build/MMB29P) AppleWebKit/537.36 (KHTML, like Gecko) Chrome/41.0.2272.96 Mobile Safari/537.36 (compatible; Googlebot/2.1; +http://www.google.com/bot.html)"
162.158.90.32 - - [20/Jul/2017:11:13:06 +0000] "GET /cuprimer_detail/9 HTTP/1.1" 200 7358 "-" "Mozilla/5.0 (compatible; YandexBot/3.0; +http://yandex.com/bots)"
162.158.6.42 - - [20/Jul/2017:11:18:01 +0000] "GET / HTTP/1.1" 301 566 "-" "WHR"
108.162.245.30 - - [20/Jul/2017:11:17:58 +0000] "GET /jaufez/hermitish/14892-15399/alkaligen-lutrine/gastrorrhagia.shtm HTTP/1.1" 200 14338 "-" "Mozilla/5.0 (compatible; Googlebot/2.1; +http://www.google.com/bot.html)"
162.158.6.108 - - [20/Jul/2017:11:23:02 +0000] "GET / HTTP/1.1" 301 554 "-" "WHR"
108.162.245.96 - - [20/Jul/2017:11:23:00 +0000] "GET /jaufez/hermitish/14892-1276/megalohepatia-lutrine/gastrorrhagia.shtm HTTP/1.1" 200 15132 "-" "Mozilla/5.0 (compatible; Googlebot/2.1; +http://www.google.com/bot.html)"
162.158.75.150 - - [20/Jul/2017:11:24:39 +0000] "GET / HTTP/1.1" 301 566 "-" "Mozilla/5.0 (compatible; bingbot/2.0; +http://www.bing.com/bingbot.htm)"
162.158.75.150 - - [20/Jul/2017:11:24:40 +0000] "GET / HTTP/1.1" 200 14797 "-" "Mozilla/5.0 (compatible; bingbot/2.0; +http://www.bing.com/bingbot.htm)"
162.158.75.150 - - [20/Jul/2017:11:24:44 +0000] "GET /jaufez/hermitish/14892-27018/locust-lutrine/gastrorrhagia.shtm HTTP/1.1" 301 690 "-" "Mozilla/5.0 (compatible; Yahoo! Slurp; http://help.yahoo.com/help/us/ysearch/slurp)"
162.158.75.150 - - [20/Jul/2017:11:24:44 +0000] "GET /jaufez/hermitish/14892-27018/locust-lutrine/gastrorrhagia.shtm HTTP/1.1" 200 15454 "-" "Mozilla/5.0 (compatible; Yahoo! Slurp; http://help.yahoo.com/help/us/ysearch/slurp)"
162.158.6.108 - - [20/Jul/2017:11:28:01 +0000] "GET / HTTP/1.1" 301 554 "-" "WHR"
108.162.246.61 - - [20/Jul/2017:11:27:59 +0000] "GET /jaufez/hermitish/14892-2873/chiropterygian-lutrine/gastrorrhagia.shtm HTTP/1.1" 200 15482 "-" "Mozilla/5.0 (compatible; Googlebot/2.1; +http://www.google.com/bot.html)"
64.183.187.114 - - [20/Jul/2017:11:31:31 +0000] "GET /mysql/admin/ HTTP/1.1" 301 539 "-" "Mozilla/5.0 Jorgee"
64.183.187.114 - - [20/Jul/2017:11:31:32 +0000] "GET /mysql/dbadmin/ HTTP/1.1" 301 543 "-" "Mozilla/5.0 Jorgee"
64.183.187.114 - - [20/Jul/2017:11:31:32 +0000] "GET /mysql/sqlmanager/ HTTP/1.1" 301 549 "-" "Mozilla/5.0 Jorgee"
64.183.187.114 - - [20/Jul/2017:11:31:33 +0000] "GET /mysql/mysqlmanager/ HTTP/1.1" 301 553 "-" "Mozilla/5.0 Jorgee"
64.183.187.114 - - [20/Jul/2017:11:31:33 +0000] "GET /phpmyadmin/ HTTP/1.1" 301 537 "-" "Mozilla/5.0 Jorgee"
64.183.187.114 - - [20/Jul/2017:11:31:33 +0000] "GET /phpMyadmin/ HTTP/1.1" 301 537 "-" "Mozilla/5.0 Jorgee"
64.183.187.114 - - [20/Jul/2017:11:31:33 +0000] "GET /phpMyAdmin/ HTTP/1.1" 301 537 "-" "Mozilla/5.0 Jorgee"
64.183.187.114 - - [20/Jul/2017:11:31:34 +0000] "GET /phpmyAdmin/ HTTP/1.1" 301 537 "-" "Mozilla/5.0 Jorgee"
64.183.187.114 - - [20/Jul/2017:11:31:34 +0000] "GET /phpmyadmin2/ HTTP/1.1" 301 539 "-" "Mozilla/5.0 Jorgee"
64.183.187.114 - - [20/Jul/2017:11:31:34 +0000] "GET /phpmyadmin3/ HTTP/1.1" 301 539 "-" "Mozilla/5.0 Jorgee"
64.183.187.114 - - [20/Jul/2017:11:31:35 +0000] "GET /phpmyadmin4/ HTTP/1.1" 301 539 "-" "Mozilla/5.0 Jorgee"
64.183.187.114 - - [20/Jul/2017:11:31:35 +0000] "GET /2phpmyadmin/ HTTP/1.1" 301 539 "-" "Mozilla/5.0 Jorgee"
64.183.187.114 - - [20/Jul/2017:11:31:35 +0000] "GET /phpmy/ HTTP/1.1" 301 527 "-" "Mozilla/5.0 Jorgee"
64.183.187.114 - - [20/Jul/2017:11:31:36 +0000] "GET /phppma/ HTTP/1.1" 301 529 "-" "Mozilla/5.0 Jorgee"
64.183.187.114 - - [20/Jul/2017:11:31:36 +0000] "GET /myadmin/ HTTP/1.1" 301 531 "-" "Mozilla/5.0 Jorgee"
64.183.187.114 - - [20/Jul/2017:11:31:36 +0000] "GET /shopdb/ HTTP/1.1" 301 529 "-" "Mozilla/5.0 Jorgee"
64.183.187.114 - - [20/Jul/2017:11:31:36 +0000] "GET /MyAdmin/ HTTP/1.1" 301 531 "-" "Mozilla/5.0 Jorgee"
64.183.187.114 - - [20/Jul/2017:11:31:37 +0000] "GET /program/ HTTP/1.1" 301 531 "-" "Mozilla/5.0 Jorgee"
64.183.187.114 - - [20/Jul/2017:11:31:38 +0000] "GET /PMA/ HTTP/1.1" 301 523 "-" "Mozilla/5.0 Jorgee"
64.183.187.114 - - [20/Jul/2017:11:31:38 +0000] "GET /dbadmin/ HTTP/1.1" 301 531 "-" "Mozilla/5.0 Jorgee"
64.183.187.114 - - [20/Jul/2017:11:31:40 +0000] "GET /pma/ HTTP/1.1" 301 523 "-" "Mozilla/5.0 Jorgee"
64.183.187.114 - - [20/Jul/2017:11:31:40 +0000] "GET /db/ HTTP/1.1" 301 521 "-" "Mozilla/5.0 Jorgee"
64.183.187.114 - - [20/Jul/2017:11:31:40 +0000] "GET /admin/ HTTP/1.1" 301 527 "-" "Mozilla/5.0 Jorgee"
64.183.187.114 - - [20/Jul/2017:11:31:41 +0000] "GET /mysql/ HTTP/1.1" 301 527 "-" "Mozilla/5.0 Jorgee"
64.183.187.114 - - [20/Jul/2017:11:31:41 +0000] "GET /database/ HTTP/1.1" 301 533 "-" "Mozilla/5.0 Jorgee"
64.183.187.114 - - [20/Jul/2017:11:31:41 +0000] "GET /db/phpmyadmin/ HTTP/1.1" 301 543 "-" "Mozilla/5.0 Jorgee"
64.183.187.114 - - [20/Jul/2017:11:31:42 +0000] "GET /db/phpMyAdmin/ HTTP/1.1" 301 543 "-" "Mozilla/5.0 Jorgee"
64.183.187.114 - - [20/Jul/2017:11:31:42 +0000] "GET /sqlmanager/ HTTP/1.1" 301 537 "-" "Mozilla/5.0 Jorgee"
64.183.187.114 - - [20/Jul/2017:11:31:42 +0000] "GET /mysqlmanager/ HTTP/1.1" 301 541 "-" "Mozilla/5.0 Jorgee"
64.183.187.114 - - [20/Jul/2017:11:31:42 +0000] "GET /php-myadmin/ HTTP/1.1" 301 539 "-" "Mozilla/5.0 Jorgee"
64.183.187.114 - - [20/Jul/2017:11:31:43 +0000] "GET /phpmy-admin/ HTTP/1.1" 301 539 "-" "Mozilla/5.0 Jorgee"
64.183.187.114 - - [20/Jul/2017:11:31:43 +0000] "GET /mysqladmin/ HTTP/1.1" 301 537 "-" "Mozilla/5.0 Jorgee"
64.183.187.114 - - [20/Jul/2017:11:31:43 +0000] "GET /mysql-admin/ HTTP/1.1" 301 539 "-" "Mozilla/5.0 Jorgee"
64.183.187.114 - - [20/Jul/2017:11:31:44 +0000] "GET /admin/phpmyadmin/ HTTP/1.1" 301 549 "-" "Mozilla/5.0 Jorgee"
64.183.187.114 - - [20/Jul/2017:11:31:44 +0000] "GET /admin/phpMyAdmin/ HTTP/1.1" 301 549 "-" "Mozilla/5.0 Jorgee"
64.183.187.114 - - [20/Jul/2017:11:31:44 +0000] "GET /admin/sysadmin/ HTTP/1.1" 301 545 "-" "Mozilla/5.0 Jorgee"
64.183.187.114 - - [20/Jul/2017:11:31:45 +0000] "GET /admin/sqladmin/ HTTP/1.1" 301 545 "-" "Mozilla/5.0 Jorgee"
64.183.187.114 - - [20/Jul/2017:11:31:45 +0000] "GET /admin/db/ HTTP/1.1" 301 533 "-" "Mozilla/5.0 Jorgee"
64.183.187.114 - - [20/Jul/2017:11:31:45 +0000] "GET /admin/web/ HTTP/1.1" 301 535 "-" "Mozilla/5.0 Jorgee"
64.183.187.114 - - [20/Jul/2017:11:31:45 +0000] "GET /admin/pMA/ HTTP/1.1" 301 535 "-" "Mozilla/5.0 Jorgee"
64.183.187.114 - - [20/Jul/2017:11:31:46 +0000] "GET /mysql/pma/ HTTP/1.1" 301 535 "-" "Mozilla/5.0 Jorgee"
64.183.187.114 - - [20/Jul/2017:11:31:46 +0000] "GET /mysql/db/ HTTP/1.1" 301 533 "-" "Mozilla/5.0 Jorgee"
64.183.187.114 - - [20/Jul/2017:11:31:47 +0000] "GET /mysql/web/ HTTP/1.1" 301 535 "-" "Mozilla/5.0 Jorgee"
64.183.187.114 - - [20/Jul/2017:11:31:47 +0000] "GET /mysql/pMA/ HTTP/1.1" 301 535 "-" "Mozilla/5.0 Jorgee"
64.183.187.114 - - [20/Jul/2017:11:31:47 +0000] "GET /sql/phpmanager/ HTTP/1.1" 301 545 "-" "Mozilla/5.0 Jorgee"
64.183.187.114 - - [20/Jul/2017:11:31:53 +0000] "GET /sql/phpmy-admin/ HTTP/1.1" 301 547 "-" "Mozilla/5.0 Jorgee"
64.183.187.114 - - [20/Jul/2017:11:31:55 +0000] "GET /sql/sql/ HTTP/1.1" 301 531 "-" "Mozilla/5.0 Jorgee"
64.183.187.114 - - [20/Jul/2017:11:31:55 +0000] "GET /sql/myadmin/ HTTP/1.1" 301 539 "-" "Mozilla/5.0 Jorgee"
64.183.187.114 - - [20/Jul/2017:11:31:56 +0000] "GET /sql/webadmin/ HTTP/1.1" 301 541 "-" "Mozilla/5.0 Jorgee"
64.183.187.114 - - [20/Jul/2017:11:31:56 +0000] "GET /sql/sqlweb/ HTTP/1.1" 301 537 "-" "Mozilla/5.0 Jorgee"
64.183.187.114 - - [20/Jul/2017:11:31:59 +0000] "GET /sql/websql/ HTTP/1.1" 301 537 "-" "Mozilla/5.0 Jorgee"
64.183.187.114 - - [20/Jul/2017:11:32:01 +0000] "GET /sql/webdb/ HTTP/1.1" 301 535 "-" "Mozilla/5.0 Jorgee"
64.183.187.114 - - [20/Jul/2017:11:32:01 +0000] "GET /sql/sqladmin/ HTTP/1.1" 301 541 "-" "Mozilla/5.0 Jorgee"
64.183.187.114 - - [20/Jul/2017:11:32:02 +0000] "GET /sql/sql-admin/ HTTP/1.1" 301 543 "-" "Mozilla/5.0 Jorgee"
64.183.187.114 - - [20/Jul/2017:11:32:02 +0000] "GET /sql/phpmyadmin2/ HTTP/1.1" 301 547 "-" "Mozilla/5.0 Jorgee"
64.183.187.114 - - [20/Jul/2017:11:32:04 +0000] "GET /sql/phpMyAdmin2/ HTTP/1.1" 301 547 "-" "Mozilla/5.0 Jorgee"
64.183.187.114 - - [20/Jul/2017:11:32:05 +0000] "GET /sql/phpMyAdmin/ HTTP/1.1" 301 545 "-" "Mozilla/5.0 Jorgee"
64.183.187.114 - - [20/Jul/2017:11:32:06 +0000] "GET /db/myadmin/ HTTP/1.1" 301 537 "-" "Mozilla/5.0 Jorgee"
64.183.187.114 - - [20/Jul/2017:11:32:08 +0000] "GET /db/webadmin/ HTTP/1.1" 301 539 "-" "Mozilla/5.0 Jorgee"
64.183.187.114 - - [20/Jul/2017:11:32:09 +0000] "GET /db/dbweb/ HTTP/1.1" 301 533 "-" "Mozilla/5.0 Jorgee"
64.183.187.114 - - [20/Jul/2017:11:32:10 +0000] "GET /db/websql/ HTTP/1.1" 301 535 "-" "Mozilla/5.0 Jorgee"
64.183.187.114 - - [20/Jul/2017:11:32:10 +0000] "GET /db/webdb/ HTTP/1.1" 301 533 "-" "Mozilla/5.0 Jorgee"
64.183.187.114 - - [20/Jul/2017:11:32:11 +0000] "GET /db/dbadmin/ HTTP/1.1" 301 537 "-" "Mozilla/5.0 Jorgee"
64.183.187.114 - - [20/Jul/2017:11:32:12 +0000] "GET /db/db-admin/ HTTP/1.1" 301 539 "-" "Mozilla/5.0 Jorgee"
64.183.187.114 - - [20/Jul/2017:11:32:12 +0000] "GET /db/phpmyadmin3/ HTTP/1.1" 301 545 "-" "Mozilla/5.0 Jorgee"
64.183.187.114 - - [20/Jul/2017:11:32:13 +0000] "GET /db/phpMyAdmin3/ HTTP/1.1" 301 545 "-" "Mozilla/5.0 Jorgee"
64.183.187.114 - - [20/Jul/2017:11:32:13 +0000] "GET /db/phpMyAdmin-3/ HTTP/1.1" 301 547 "-" "Mozilla/5.0 Jorgee"
64.183.187.114 - - [20/Jul/2017:11:32:14 +0000] "GET /administrator/phpmyadmin/ HTTP/1.1" 301 565 "-" "Mozilla/5.0 Jorgee"
64.183.187.114 - - [20/Jul/2017:11:32:15 +0000] "GET /administrator/phpMyAdmin/ HTTP/1.1" 301 565 "-" "Mozilla/5.0 Jorgee"
64.183.187.114 - - [20/Jul/2017:11:32:16 +0000] "GET /administrator/db/ HTTP/1.1" 301 549 "-" "Mozilla/5.0 Jorgee"
64.183.187.114 - - [20/Jul/2017:11:32:18 +0000] "GET /administrator/web/ HTTP/1.1" 301 551 "-" "Mozilla/5.0 Jorgee"
64.183.187.114 - - [20/Jul/2017:11:32:18 +0000] "GET /administrator/pma/ HTTP/1.1" 301 551 "-" "Mozilla/5.0 Jorgee"
64.183.187.114 - - [20/Jul/2017:11:32:19 +0000] "GET /administrator/PMA/ HTTP/1.1" 301 551 "-" "Mozilla/5.0 Jorgee"
64.183.187.114 - - [20/Jul/2017:11:32:19 +0000] "GET /administrator/admin/ HTTP/1.1" 301 555 "-" "Mozilla/5.0 Jorgee"
64.183.187.114 - - [20/Jul/2017:11:32:20 +0000] "GET /phpMyAdmin2/ HTTP/1.1" 301 539 "-" "Mozilla/5.0 Jorgee"
64.183.187.114 - - [20/Jul/2017:11:32:21 +0000] "GET /phpMyAdmin3/ HTTP/1.1" 301 539 "-" "Mozilla/5.0 Jorgee"
64.183.187.114 - - [20/Jul/2017:11:32:22 +0000] "GET /phpMyAdmin4/ HTTP/1.1" 301 539 "-" "Mozilla/5.0 Jorgee"
64.183.187.114 - - [20/Jul/2017:11:32:23 +0000] "GET /phpMyAdmin-3/ HTTP/1.1" 301 541 "-" "Mozilla/5.0 Jorgee"
64.183.187.114 - - [20/Jul/2017:11:32:23 +0000] "GET /php-my-admin/ HTTP/1.1" 301 541 "-" "Mozilla/5.0 Jorgee"
64.183.187.114 - - [20/Jul/2017:11:32:24 +0000] "GET /PMA2011/ HTTP/1.1" 301 531 "-" "Mozilla/5.0 Jorgee"
64.183.187.114 - - [20/Jul/2017:11:32:24 +0000] "GET /PMA2012/ HTTP/1.1" 301 531 "-" "Mozilla/5.0 Jorgee"
64.183.187.114 - - [20/Jul/2017:11:32:25 +0000] "GET /PMA2013/ HTTP/1.1" 301 531 "-" "Mozilla/5.0 Jorgee"
64.183.187.114 - - [20/Jul/2017:11:32:26 +0000] "GET /PMA2014/ HTTP/1.1" 301 531 "-" "Mozilla/5.0 Jorgee"
64.183.187.114 - - [20/Jul/2017:11:32:26 +0000] "GET /PMA2015/ HTTP/1.1" 301 531 "-" "Mozilla/5.0 Jorgee"
64.183.187.114 - - [20/Jul/2017:11:32:28 +0000] "GET /PMA2016/ HTTP/1.1" 301 531 "-" "Mozilla/5.0 Jorgee"
64.183.187.114 - - [20/Jul/2017:11:32:28 +0000] "GET /PMA2017/ HTTP/1.1" 301 531 "-" "Mozilla/5.0 Jorgee"
64.183.187.114 - - [20/Jul/2017:11:32:29 +0000] "GET /PMA2018/ HTTP/1.1" 301 531 "-" "Mozilla/5.0 Jorgee"
64.183.187.114 - - [20/Jul/2017:11:32:29 +0000] "GET /pma2011/ HTTP/1.1" 301 531 "-" "Mozilla/5.0 Jorgee"
64.183.187.114 - - [20/Jul/2017:11:32:30 +0000] "GET /pma2012/ HTTP/1.1" 301 531 "-" "Mozilla/5.0 Jorgee"
64.183.187.114 - - [20/Jul/2017:11:32:31 +0000] "GET /pma2013/ HTTP/1.1" 301 531 "-" "Mozilla/5.0 Jorgee"
64.183.187.114 - - [20/Jul/2017:11:32:31 +0000] "GET /pma2014/ HTTP/1.1" 301 531 "-" "Mozilla/5.0 Jorgee"
64.183.187.114 - - [20/Jul/2017:11:32:32 +0000] "GET /pma2015/ HTTP/1.1" 301 531 "-" "Mozilla/5.0 Jorgee"
64.183.187.114 - - [20/Jul/2017:11:32:32 +0000] "GET /pma2016/ HTTP/1.1" 301 531 "-" "Mozilla/5.0 Jorgee"
64.183.187.114 - - [20/Jul/2017:11:32:33 +0000] "GET /pma2017/ HTTP/1.1" 301 531 "-" "Mozilla/5.0 Jorgee"
64.183.187.114 - - [20/Jul/2017:11:32:35 +0000] "GET /pma2018/ HTTP/1.1" 301 531 "-" "Mozilla/5.0 Jorgee"
64.183.187.114 - - [20/Jul/2017:11:32:35 +0000] "GET /phpmyadmin2011/ HTTP/1.1" 301 545 "-" "Mozilla/5.0 Jorgee"
64.183.187.114 - - [20/Jul/2017:11:32:36 +0000] "GET /phpmyadmin2012/ HTTP/1.1" 301 545 "-" "Mozilla/5.0 Jorgee"
64.183.187.114 - - [20/Jul/2017:11:32:36 +0000] "GET /phpmyadmin2013/ HTTP/1.1" 301 545 "-" "Mozilla/5.0 Jorgee"
64.183.187.114 - - [20/Jul/2017:11:32:37 +0000] "GET /phpmyadmin2014/ HTTP/1.1" 301 545 "-" "Mozilla/5.0 Jorgee"
64.183.187.114 - - [20/Jul/2017:11:32:38 +0000] "GET /phpmyadmin2015/ HTTP/1.1" 301 545 "-" "Mozilla/5.0 Jorgee"
64.183.187.114 - - [20/Jul/2017:11:32:38 +0000] "GET /phpmyadmin2016/ HTTP/1.1" 301 545 "-" "Mozilla/5.0 Jorgee"
64.183.187.114 - - [20/Jul/2017:11:32:39 +0000] "GET /phpmyadmin2017/ HTTP/1.1" 301 545 "-" "Mozilla/5.0 Jorgee"
64.183.187.114 - - [20/Jul/2017:11:32:39 +0000] "GET /phpmyadmin2018/ HTTP/1.1" 301 545 "-" "Mozilla/5.0 Jorgee"
64.183.187.114 - - [20/Jul/2017:11:32:40 +0000] "GET /phpmanager/ HTTP/1.1" 301 537 "-" "Mozilla/5.0 Jorgee"
162.158.6.42 - - [20/Jul/2017:11:33:11 +0000] "GET / HTTP/1.1" 301 566 "-" "WHR"
108.162.246.109 - - [20/Jul/2017:11:33:10 +0000] "GET /cuprimer_detail/26 HTTP/1.1" 200 14410 "-" "Mozilla/5.0 (compatible; Googlebot/2.1; +http://www.google.com/bot.html)"
108.162.246.217 - - [20/Jul/2017:11:39:33 +0000] "GET /jaufez/hermitish/14892-6379/joist-lutrine/gastrorrhagia.shtm HTTP/1.1" 301 674 "-" "Mozilla/5.0 (compatible; Googlebot/2.1; +http://www.google.com/bot.html)"
162.158.6.108 - - [20/Jul/2017:11:39:37 +0000] "GET / HTTP/1.1" 301 554 "-" "WHR"
108.162.246.217 - - [20/Jul/2017:11:39:35 +0000] "GET /jaufez/hermitish/14892-6379/joist-lutrine/gastrorrhagia.shtm HTTP/1.0" 200 16142 "-" "Mozilla/5.0 (compatible; Googlebot/2.1; +http://www.google.com/bot.html)"
172.68.10.246 - - [20/Jul/2017:11:39:42 +0000] "GET /cuprimer_detail/32 HTTP/1.1" 200 7154 "-" "Mozilla/5.0 (compatible; YandexBot/3.0; +http://yandex.com/bots)"
162.158.92.36 - - [20/Jul/2017:11:39:45 +0000] "GET /cuprimer_detail/32 HTTP/1.0" 200 7223 "-" "Mozilla/5.0 (compatible; YandexBot/3.0; +http://yandex.com/bots)"
162.158.106.14 - - [20/Jul/2017:11:42:22 +0000] "GET /jaufez/hermitish/14892-8759/cottonee-lutrine/gastrorrhagia.shtm HTTP/1.1" 301 692 "-" "Mozilla/5.0 (compatible; Googlebot/2.1; +http://www.google.com/bot.html)"
162.158.6.42 - - [20/Jul/2017:11:42:26 +0000] "GET / HTTP/1.1" 301 566 "-" "WHR"
162.158.106.14 - - [20/Jul/2017:11:42:22 +0000] "GET /jaufez/hermitish/14892-8759/cottonee-lutrine/gastrorrhagia.shtm HTTP/1.0" 200 15506 "-" "Mozilla/5.0 (compatible; Googlebot/2.1; +http://www.google.com/bot.html)"
162.158.6.108 - - [20/Jul/2017:11:42:29 +0000] "GET / HTTP/1.1" 301 554 "-" "WHR"
108.162.246.163 - - [20/Jul/2017:11:42:27 +0000] "GET /jaufez/hermitish/14892-23400/mononeural-lutrine/gastrorrhagia.shtm HTTP/1.1" 200 16071 "-" "Mozilla/5.0 (compatible; Googlebot/2.1; +http://www.google.com/bot.html)"
108.162.245.60 - - [20/Jul/2017:11:47:25 +0000] "GET /pelayanan HTTP/1.1" 301 584 "-" "Mozilla/5.0 (compatible; Googlebot/2.1; +http://www.google.com/bot.html)"
162.158.6.42 - - [20/Jul/2017:11:47:28 +0000] "GET / HTTP/1.1" 301 566 "-" "WHR"
108.162.245.60 - - [20/Jul/2017:11:47:26 +0000] "GET /pelayanan HTTP/1.0" 200 16319 "-" "Mozilla/5.0 (compatible; Googlebot/2.1; +http://www.google.com/bot.html)"
108.162.245.114 - - [20/Jul/2017:11:47:46 +0000] "GET /buyinghistory HTTP/1.1" 200 15636 "-" "Mozilla/5.0 (Linux; Android 6.0.1; Nexus 5X Build/MMB29P) AppleWebKit/537.36 (KHTML, like Gecko) Chrome/41.0.2272.96 Mobile Safari/537.36 (compatible; Googlebot/2.1; +http://www.google.com/bot.html)"
108.162.245.240 - - [20/Jul/2017:11:52:31 +0000] "GET /jaufez/hermitish/14892-10170/locust-lutrine/gastrorrhagia.shtm HTTP/1.1" 301 678 "-" "Mozilla/5.0 (compatible; Googlebot/2.1; +http://www.google.com/bot.html)"
162.158.6.108 - - [20/Jul/2017:11:52:34 +0000] "GET / HTTP/1.1" 301 554 "-" "WHR"
108.162.245.240 - - [20/Jul/2017:11:52:32 +0000] "GET /jaufez/hermitish/14892-10170/locust-lutrine/gastrorrhagia.shtm HTTP/1.0" 200 16437 "-" "Mozilla/5.0 (compatible; Googlebot/2.1; +http://www.google.com/bot.html)"
162.158.106.20 - - [20/Jul/2017:11:52:35 +0000] "GET /jaufez/hermitish/14892-20831/cottonee-lutrine/gastrorrhagia.shtm HTTP/1.1" 301 682 "-" "Mozilla/5.0 (compatible; Googlebot/2.1; +http://www.google.com/bot.html)"
162.158.106.20 - - [20/Jul/2017:11:52:35 +0000] "GET /jaufez/hermitish/14892-20831/cottonee-lutrine/gastrorrhagia.shtm HTTP/1.0" 200 15298 "-" "Mozilla/5.0 (compatible; Googlebot/2.1; +http://www.google.com/bot.html)"
162.158.6.42 - - [20/Jul/2017:11:57:44 +0000] "GET / HTTP/1.1" 301 566 "-" "WHR"
108.162.246.25 - - [20/Jul/2017:11:57:43 +0000] "GET /artikel/7 HTTP/1.1" 200 15053 "-" "Mozilla/5.0 (compatible; Googlebot/2.1; +http://www.google.com/bot.html)"
162.158.63.6 - - [20/Jul/2017:12:02:08 +0000] "GET / HTTP/1.1" 301 554 "-" "Mozilla/5.0 (X11; Linux x86_64) AppleWebKit/537.36 (KHTML, like Gecko) Chrome/43.0.2357.134 Safari/537.36 http://notifyninja.com/monitoring"
162.158.63.6 - - [20/Jul/2017:12:02:09 +0000] "GET / HTTP/1.1" 200 14499 "-" "Mozilla/5.0 (X11; Linux x86_64) AppleWebKit/537.36 (KHTML, like Gecko) Chrome/43.0.2357.134 Safari/537.36 http://notifyninja.com/monitoring"
108.162.245.66 - - [20/Jul/2017:12:02:39 +0000] "GET / HTTP/1.1" 301 566 "-" "Mozilla/5.0 (compatible; Googlebot/2.1; +http://www.google.com/bot.html)"
108.162.245.66 - - [20/Jul/2017:12:02:40 +0000] "GET / HTTP/1.0" 200 14719 "-" "Mozilla/5.0 (compatible; Googlebot/2.1; +http://www.google.com/bot.html)"
162.158.91.121 - - [20/Jul/2017:12:05:55 +0000] "GET /cuprimer_detail/41 HTTP/1.1" 200 7346 "-" "Mozilla/5.0 (compatible; YandexBot/3.0; +http://yandex.com/bots)"
162.158.6.108 - - [20/Jul/2017:12:07:43 +0000] "GET / HTTP/1.1" 301 554 "-" "WHR"
108.162.245.186 - - [20/Jul/2017:12:07:40 +0000] "GET /jaufez/hermitish/14892-1777/ectogenic-lutrine/gastrorrhagia.shtm HTTP/1.1" 200 15348 "-" "Mozilla/5.0 (compatible; Googlebot/2.1; +http://www.google.com/bot.html)"
108.162.245.156 - - [20/Jul/2017:12:09:53 +0000] "GET /rss.xml HTTP/1.1" 301 580 "-" "FeedFetcher-Google; (+http://www.google.com/feedfetcher.html)"
162.158.6.42 - - [20/Jul/2017:12:09:57 +0000] "GET / HTTP/1.1" 301 566 "-" "WHR"
108.162.245.156 - - [20/Jul/2017:12:09:53 +0000] "GET /rss.xml HTTP/1.1" 200 15345 "-" "FeedFetcher-Google; (+http://www.google.com/feedfetcher.html)"
172.68.141.12 - - [20/Jul/2017:12:10:03 +0000] "GET / HTTP/1.0" 200 14605 "https://www.google.co.id/" "Mozilla/5.0 (Windows NT 6.1; Win64; x64) AppleWebKit/537.36 (KHTML, like Gecko) Chrome/59.0.3071.115 Safari/537.36"
