108.162.246.145 - - [20/Jul/2017:16:47:44 +0000] "GET /jaufez/hermitish/14892-8929/ectogenic-lutrine/gastrorrhagia.shtm HTTP/1.0" 200 16298 "-" "Mozilla/5.0 (Linux; Android 6.0.1; Nexus 5X Build/MMB29P) AppleWebKit/537.36 (KHTML, like Gecko) Chrome/41.0.2272.96 Mobile Safari/537.36 (compatible; Googlebot/2.1; +http://www.google.com/bot.html)"
172.68.150.12 - - [20/Jul/2017:16:51:15 +0000] "GET / HTTP/1.0" 301 585 "-" "Mozilla/5.0 (Windows NT 10.0; WOW64) AppleWebKit/537.36 (KHTML, like Gecko) Chrome/49.0.2623.75 Safari/537.36 OPR/36.0.2130.32"
172.68.150.12 - - [20/Jul/2017:16:51:15 +0000] "GET /xmlrpc.php?rsd HTTP/1.0" 301 613 "-" "Mozilla/5.0 (Windows NT 10.0; WOW64) AppleWebKit/537.36 (KHTML, like Gecko) Chrome/49.0.2623.75 Safari/537.36 OPR/36.0.2130.32"
172.68.150.12 - - [20/Jul/2017:16:51:15 +0000] "GET /blog/robots.txt HTTP/1.0" 301 615 "-" "Mozilla/5.0 (Windows NT 10.0; WOW64) AppleWebKit/537.36 (KHTML, like Gecko) Chrome/49.0.2623.75 Safari/537.36 OPR/36.0.2130.32"
172.68.150.12 - - [20/Jul/2017:16:51:16 +0000] "GET /blog/ HTTP/1.0" 301 595 "-" "Mozilla/5.0 (Windows NT 10.0; WOW64) AppleWebKit/537.36 (KHTML, like Gecko) Chrome/49.0.2623.75 Safari/537.36 OPR/36.0.2130.32"
172.68.150.12 - - [20/Jul/2017:16:51:16 +0000] "GET /wordpress/ HTTP/1.0" 301 605 "-" "Mozilla/5.0 (Windows NT 10.0; WOW64) AppleWebKit/537.36 (KHTML, like Gecko) Chrome/49.0.2623.75 Safari/537.36 OPR/36.0.2130.32"
172.68.150.12 - - [20/Jul/2017:16:51:16 +0000] "GET /wp/ HTTP/1.0" 301 591 "-" "Mozilla/5.0 (Windows NT 10.0; WOW64) AppleWebKit/537.36 (KHTML, like Gecko) Chrome/49.0.2623.75 Safari/537.36 OPR/36.0.2130.32"
172.68.150.12 - - [20/Jul/2017:16:51:17 +0000] "GET /administrator/index.php HTTP/1.0" 301 631 "-" "Mozilla/5.0 (Windows NT 10.0; WOW64) AppleWebKit/537.36 (KHTML, like Gecko) Chrome/49.0.2623.75 Safari/537.36 OPR/36.0.2130.32"
172.68.150.12 - - [20/Jul/2017:16:51:17 +0000] "GET /blog/robots.txt HTTP/1.0" 301 615 "-" "Mozilla/5.0 (Windows NT 10.0; WOW64) AppleWebKit/537.36 (KHTML, like Gecko) Chrome/49.0.2623.75 Safari/537.36 OPR/36.0.2130.32"
172.68.150.12 - - [20/Jul/2017:16:51:17 +0000] "GET /blog/administrator/index.php HTTP/1.0" 301 641 "-" "Mozilla/5.0 (Windows NT 10.0; WOW64) AppleWebKit/537.36 (KHTML, like Gecko) Chrome/49.0.2623.75 Safari/537.36 OPR/36.0.2130.32"
172.68.150.12 - - [20/Jul/2017:16:51:17 +0000] "GET /joomla/robots.txt HTTP/1.0" 301 619 "-" "Mozilla/5.0 (Windows NT 10.0; WOW64) AppleWebKit/537.36 (KHTML, like Gecko) Chrome/49.0.2623.75 Safari/537.36 OPR/36.0.2130.32"
172.68.150.12 - - [20/Jul/2017:16:51:17 +0000] "GET /joomla/administrator/index.php HTTP/1.0" 301 645 "-" "Mozilla/5.0 (Windows NT 10.0; WOW64) AppleWebKit/537.36 (KHTML, like Gecko) Chrome/49.0.2623.75 Safari/537.36 OPR/36.0.2130.32"
172.68.150.12 - - [20/Jul/2017:16:51:42 +0000] "GET /index.php?option=com_adsmanager&task=upload&tmpl=component HTTP/1.1" 301 690 "-" "Mozilla/5.0 (Windows NT 10.0; WOW64) AppleWebKit/537.36 (KHTML, like Gecko) Chrome/49.0.2623.75 Safari/537.36 OPR/36.0.2130.32"
108.162.246.109 - - [20/Jul/2017:16:52:41 +0000] "GET /jaufez/hermitish/14892-24376/misimagination-lutrine/gastrorrhagia.shtm HTTP/1.1" 301 694 "-" "Mozilla/5.0 (compatible; Googlebot/2.1; +http://www.google.com/bot.html)"
162.158.6.108 - - [20/Jul/2017:16:52:43 +0000] "GET / HTTP/1.1" 301 554 "-" "WHR"
108.162.246.109 - - [20/Jul/2017:16:52:42 +0000] "GET /jaufez/hermitish/14892-24376/misimagination-lutrine/gastrorrhagia.shtm HTTP/1.0" 200 15128 "-" "Mozilla/5.0 (compatible; Googlebot/2.1; +http://www.google.com/bot.html)"
141.101.76.234 - - [20/Jul/2017:16:59:54 +0000] "GET /artikel_detail/22 HTTP/1.1" 301 600 "-" "Mozilla/5.0 (compatible; AhrefsBot/5.2; +http://ahrefs.com/robot/)"
108.162.245.120 - - [20/Jul/2017:17:02:50 +0000] "GET /jaufez/hermitish/14892-7842/locust-lutrine/gastrorrhagia.shtm HTTP/1.1" 301 676 "-" "Mozilla/5.0 (Linux; Android 6.0.1; Nexus 5X Build/MMB29P) AppleWebKit/537.36 (KHTML, like Gecko) Chrome/41.0.2272.96 Mobile Safari/537.36 (compatible; Googlebot/2.1; +http://www.google.com/bot.html)"
162.158.6.108 - - [20/Jul/2017:17:02:53 +0000] "GET / HTTP/1.1" 301 554 "-" "WHR"
108.162.245.120 - - [20/Jul/2017:17:02:51 +0000] "GET /jaufez/hermitish/14892-7842/locust-lutrine/gastrorrhagia.shtm HTTP/1.0" 200 13876 "-" "Mozilla/5.0 (Linux; Android 6.0.1; Nexus 5X Build/MMB29P) AppleWebKit/537.36 (KHTML, like Gecko) Chrome/41.0.2272.96 Mobile Safari/537.36 (compatible; Googlebot/2.1; +http://www.google.com/bot.html)"
108.162.246.199 - - [20/Jul/2017:17:07:59 +0000] "GET /jaufez/hermitish/14892-2255/cottonee-lutrine/gastrorrhagia.shtm HTTP/1.1" 301 680 "-" "Mozilla/5.0 (compatible; Googlebot/2.1; +http://www.google.com/bot.html)"
162.158.6.108 - - [20/Jul/2017:17:08:02 +0000] "GET / HTTP/1.1" 301 554 "-" "WHR"
108.162.246.199 - - [20/Jul/2017:17:08:00 +0000] "GET /jaufez/hermitish/14892-2255/cottonee-lutrine/gastrorrhagia.shtm HTTP/1.0" 200 15069 "-" "Mozilla/5.0 (compatible; Googlebot/2.1; +http://www.google.com/bot.html)"
108.162.245.240 - - [20/Jul/2017:17:08:03 +0000] "GET / HTTP/1.1" 200 14705 "-" "Mozilla/5.0 (Linux; Android 6.0.1; Nexus 5X Build/MMB29P) AppleWebKit/537.36 (KHTML, like Gecko) Chrome/41.0.2272.96 Mobile Safari/537.36 (compatible; Googlebot/2.1; +http://www.google.com/bot.html)"
212.143.154.94 - - [20/Jul/2017:17:11:58 +0000] "GET /mysql/admin/ HTTP/1.1" 301 539 "-" "Mozilla/5.0 Jorgee"
212.143.154.94 - - [20/Jul/2017:17:11:58 +0000] "GET /mysql/dbadmin/ HTTP/1.1" 301 543 "-" "Mozilla/5.0 Jorgee"
212.143.154.94 - - [20/Jul/2017:17:11:58 +0000] "GET /mysql/sqlmanager/ HTTP/1.1" 301 549 "-" "Mozilla/5.0 Jorgee"
212.143.154.94 - - [20/Jul/2017:17:11:59 +0000] "GET /mysql/mysqlmanager/ HTTP/1.1" 301 553 "-" "Mozilla/5.0 Jorgee"
212.143.154.94 - - [20/Jul/2017:17:11:59 +0000] "GET /phpmyadmin/ HTTP/1.1" 301 537 "-" "Mozilla/5.0 Jorgee"
212.143.154.94 - - [20/Jul/2017:17:12:00 +0000] "GET /phpMyadmin/ HTTP/1.1" 301 537 "-" "Mozilla/5.0 Jorgee"
212.143.154.94 - - [20/Jul/2017:17:12:00 +0000] "GET /phpMyAdmin/ HTTP/1.1" 301 537 "-" "Mozilla/5.0 Jorgee"
212.143.154.94 - - [20/Jul/2017:17:12:00 +0000] "GET /phpmyAdmin/ HTTP/1.1" 301 537 "-" "Mozilla/5.0 Jorgee"
212.143.154.94 - - [20/Jul/2017:17:12:00 +0000] "GET /phpmyadmin2/ HTTP/1.1" 301 539 "-" "Mozilla/5.0 Jorgee"
212.143.154.94 - - [20/Jul/2017:17:12:01 +0000] "GET /phpmyadmin3/ HTTP/1.1" 301 539 "-" "Mozilla/5.0 Jorgee"
212.143.154.94 - - [20/Jul/2017:17:12:01 +0000] "GET /phpmyadmin4/ HTTP/1.1" 301 539 "-" "Mozilla/5.0 Jorgee"
212.143.154.94 - - [20/Jul/2017:17:12:01 +0000] "GET /2phpmyadmin/ HTTP/1.1" 301 539 "-" "Mozilla/5.0 Jorgee"
212.143.154.94 - - [20/Jul/2017:17:12:02 +0000] "GET /phpmy/ HTTP/1.1" 301 527 "-" "Mozilla/5.0 Jorgee"
212.143.154.94 - - [20/Jul/2017:17:12:02 +0000] "GET /phppma/ HTTP/1.1" 301 529 "-" "Mozilla/5.0 Jorgee"
212.143.154.94 - - [20/Jul/2017:17:12:02 +0000] "GET /myadmin/ HTTP/1.1" 301 531 "-" "Mozilla/5.0 Jorgee"
212.143.154.94 - - [20/Jul/2017:17:12:02 +0000] "GET /shopdb/ HTTP/1.1" 301 529 "-" "Mozilla/5.0 Jorgee"
212.143.154.94 - - [20/Jul/2017:17:12:03 +0000] "GET /MyAdmin/ HTTP/1.1" 301 531 "-" "Mozilla/5.0 Jorgee"
212.143.154.94 - - [20/Jul/2017:17:12:03 +0000] "GET /program/ HTTP/1.1" 301 531 "-" "Mozilla/5.0 Jorgee"
212.143.154.94 - - [20/Jul/2017:17:12:03 +0000] "GET /PMA/ HTTP/1.1" 301 523 "-" "Mozilla/5.0 Jorgee"
212.143.154.94 - - [20/Jul/2017:17:12:03 +0000] "GET /dbadmin/ HTTP/1.1" 301 531 "-" "Mozilla/5.0 Jorgee"
212.143.154.94 - - [20/Jul/2017:17:12:04 +0000] "GET /pma/ HTTP/1.1" 301 523 "-" "Mozilla/5.0 Jorgee"
212.143.154.94 - - [20/Jul/2017:17:12:04 +0000] "GET /db/ HTTP/1.1" 301 521 "-" "Mozilla/5.0 Jorgee"
212.143.154.94 - - [20/Jul/2017:17:12:04 +0000] "GET /admin/ HTTP/1.1" 301 527 "-" "Mozilla/5.0 Jorgee"
212.143.154.94 - - [20/Jul/2017:17:12:04 +0000] "GET /mysql/ HTTP/1.1" 301 527 "-" "Mozilla/5.0 Jorgee"
212.143.154.94 - - [20/Jul/2017:17:12:05 +0000] "GET /database/ HTTP/1.1" 301 533 "-" "Mozilla/5.0 Jorgee"
212.143.154.94 - - [20/Jul/2017:17:12:06 +0000] "GET /db/phpmyadmin/ HTTP/1.1" 301 543 "-" "Mozilla/5.0 Jorgee"
212.143.154.94 - - [20/Jul/2017:17:12:06 +0000] "GET /db/phpMyAdmin/ HTTP/1.1" 301 543 "-" "Mozilla/5.0 Jorgee"
212.143.154.94 - - [20/Jul/2017:17:12:07 +0000] "GET /sqlmanager/ HTTP/1.1" 301 537 "-" "Mozilla/5.0 Jorgee"
212.143.154.94 - - [20/Jul/2017:17:12:07 +0000] "GET /mysqlmanager/ HTTP/1.1" 301 541 "-" "Mozilla/5.0 Jorgee"
212.143.154.94 - - [20/Jul/2017:17:12:07 +0000] "GET /php-myadmin/ HTTP/1.1" 301 539 "-" "Mozilla/5.0 Jorgee"
212.143.154.94 - - [20/Jul/2017:17:12:08 +0000] "GET /phpmy-admin/ HTTP/1.1" 301 539 "-" "Mozilla/5.0 Jorgee"
212.143.154.94 - - [20/Jul/2017:17:12:08 +0000] "GET /mysqladmin/ HTTP/1.1" 301 537 "-" "Mozilla/5.0 Jorgee"
212.143.154.94 - - [20/Jul/2017:17:12:08 +0000] "GET /mysql-admin/ HTTP/1.1" 301 539 "-" "Mozilla/5.0 Jorgee"
212.143.154.94 - - [20/Jul/2017:17:12:08 +0000] "GET /admin/phpmyadmin/ HTTP/1.1" 301 549 "-" "Mozilla/5.0 Jorgee"
212.143.154.94 - - [20/Jul/2017:17:12:09 +0000] "GET /admin/phpMyAdmin/ HTTP/1.1" 301 549 "-" "Mozilla/5.0 Jorgee"
212.143.154.94 - - [20/Jul/2017:17:12:09 +0000] "GET /admin/sysadmin/ HTTP/1.1" 301 545 "-" "Mozilla/5.0 Jorgee"
212.143.154.94 - - [20/Jul/2017:17:12:09 +0000] "GET /admin/sqladmin/ HTTP/1.1" 301 545 "-" "Mozilla/5.0 Jorgee"
212.143.154.94 - - [20/Jul/2017:17:12:09 +0000] "GET /admin/db/ HTTP/1.1" 301 533 "-" "Mozilla/5.0 Jorgee"
212.143.154.94 - - [20/Jul/2017:17:12:10 +0000] "GET /admin/web/ HTTP/1.1" 301 535 "-" "Mozilla/5.0 Jorgee"
212.143.154.94 - - [20/Jul/2017:17:12:10 +0000] "GET /admin/pMA/ HTTP/1.1" 301 535 "-" "Mozilla/5.0 Jorgee"
212.143.154.94 - - [20/Jul/2017:17:12:10 +0000] "GET /mysql/pma/ HTTP/1.1" 301 535 "-" "Mozilla/5.0 Jorgee"
212.143.154.94 - - [20/Jul/2017:17:12:10 +0000] "GET /mysql/db/ HTTP/1.1" 301 533 "-" "Mozilla/5.0 Jorgee"
212.143.154.94 - - [20/Jul/2017:17:12:11 +0000] "GET /mysql/web/ HTTP/1.1" 301 535 "-" "Mozilla/5.0 Jorgee"
212.143.154.94 - - [20/Jul/2017:17:12:11 +0000] "GET /mysql/pMA/ HTTP/1.1" 301 535 "-" "Mozilla/5.0 Jorgee"
212.143.154.94 - - [20/Jul/2017:17:12:11 +0000] "GET /sql/phpmanager/ HTTP/1.1" 301 545 "-" "Mozilla/5.0 Jorgee"
212.143.154.94 - - [20/Jul/2017:17:12:11 +0000] "GET /sql/php-myadmin/ HTTP/1.1" 301 547 "-" "Mozilla/5.0 Jorgee"
212.143.154.94 - - [20/Jul/2017:17:12:12 +0000] "GET /sql/phpmy-admin/ HTTP/1.1" 301 547 "-" "Mozilla/5.0 Jorgee"
212.143.154.94 - - [20/Jul/2017:17:12:12 +0000] "GET /sql/sql/ HTTP/1.1" 301 531 "-" "Mozilla/5.0 Jorgee"
212.143.154.94 - - [20/Jul/2017:17:12:12 +0000] "GET /sql/myadmin/ HTTP/1.1" 301 539 "-" "Mozilla/5.0 Jorgee"
212.143.154.94 - - [20/Jul/2017:17:12:12 +0000] "GET /sql/webadmin/ HTTP/1.1" 301 541 "-" "Mozilla/5.0 Jorgee"
212.143.154.94 - - [20/Jul/2017:17:12:13 +0000] "GET /sql/sqlweb/ HTTP/1.1" 301 537 "-" "Mozilla/5.0 Jorgee"
212.143.154.94 - - [20/Jul/2017:17:12:13 +0000] "GET /sql/websql/ HTTP/1.1" 301 537 "-" "Mozilla/5.0 Jorgee"
212.143.154.94 - - [20/Jul/2017:17:12:13 +0000] "GET /sql/webdb/ HTTP/1.1" 301 535 "-" "Mozilla/5.0 Jorgee"
212.143.154.94 - - [20/Jul/2017:17:12:13 +0000] "GET /sql/sqladmin/ HTTP/1.1" 301 541 "-" "Mozilla/5.0 Jorgee"
212.143.154.94 - - [20/Jul/2017:17:12:14 +0000] "GET /sql/sql-admin/ HTTP/1.1" 301 543 "-" "Mozilla/5.0 Jorgee"
212.143.154.94 - - [20/Jul/2017:17:12:14 +0000] "GET /sql/phpmyadmin2/ HTTP/1.1" 301 547 "-" "Mozilla/5.0 Jorgee"
212.143.154.94 - - [20/Jul/2017:17:12:14 +0000] "GET /sql/phpMyAdmin2/ HTTP/1.1" 301 547 "-" "Mozilla/5.0 Jorgee"
212.143.154.94 - - [20/Jul/2017:17:12:14 +0000] "GET /sql/phpMyAdmin/ HTTP/1.1" 301 545 "-" "Mozilla/5.0 Jorgee"
212.143.154.94 - - [20/Jul/2017:17:12:15 +0000] "GET /db/myadmin/ HTTP/1.1" 301 537 "-" "Mozilla/5.0 Jorgee"
212.143.154.94 - - [20/Jul/2017:17:12:15 +0000] "GET /db/webadmin/ HTTP/1.1" 301 539 "-" "Mozilla/5.0 Jorgee"
212.143.154.94 - - [20/Jul/2017:17:12:16 +0000] "GET /db/dbweb/ HTTP/1.1" 301 533 "-" "Mozilla/5.0 Jorgee"
212.143.154.94 - - [20/Jul/2017:17:12:16 +0000] "GET /db/websql/ HTTP/1.1" 301 535 "-" "Mozilla/5.0 Jorgee"
212.143.154.94 - - [20/Jul/2017:17:12:16 +0000] "GET /db/webdb/ HTTP/1.1" 301 533 "-" "Mozilla/5.0 Jorgee"
212.143.154.94 - - [20/Jul/2017:17:12:17 +0000] "GET /db/dbadmin/ HTTP/1.1" 301 537 "-" "Mozilla/5.0 Jorgee"
212.143.154.94 - - [20/Jul/2017:17:12:17 +0000] "GET /db/db-admin/ HTTP/1.1" 301 539 "-" "Mozilla/5.0 Jorgee"
212.143.154.94 - - [20/Jul/2017:17:12:17 +0000] "GET /db/phpmyadmin3/ HTTP/1.1" 301 545 "-" "Mozilla/5.0 Jorgee"
212.143.154.94 - - [20/Jul/2017:17:12:17 +0000] "GET /db/phpMyAdmin3/ HTTP/1.1" 301 545 "-" "Mozilla/5.0 Jorgee"
212.143.154.94 - - [20/Jul/2017:17:12:18 +0000] "GET /db/phpMyAdmin-3/ HTTP/1.1" 301 547 "-" "Mozilla/5.0 Jorgee"
212.143.154.94 - - [20/Jul/2017:17:12:18 +0000] "GET /administrator/phpmyadmin/ HTTP/1.1" 301 565 "-" "Mozilla/5.0 Jorgee"
212.143.154.94 - - [20/Jul/2017:17:12:18 +0000] "GET /administrator/phpMyAdmin/ HTTP/1.1" 301 565 "-" "Mozilla/5.0 Jorgee"
212.143.154.94 - - [20/Jul/2017:17:12:18 +0000] "GET /administrator/db/ HTTP/1.1" 301 549 "-" "Mozilla/5.0 Jorgee"
212.143.154.94 - - [20/Jul/2017:17:12:19 +0000] "GET /administrator/web/ HTTP/1.1" 301 551 "-" "Mozilla/5.0 Jorgee"
212.143.154.94 - - [20/Jul/2017:17:12:19 +0000] "GET /administrator/pma/ HTTP/1.1" 301 551 "-" "Mozilla/5.0 Jorgee"
212.143.154.94 - - [20/Jul/2017:17:12:19 +0000] "GET /administrator/PMA/ HTTP/1.1" 301 551 "-" "Mozilla/5.0 Jorgee"
212.143.154.94 - - [20/Jul/2017:17:12:19 +0000] "GET /administrator/admin/ HTTP/1.1" 301 555 "-" "Mozilla/5.0 Jorgee"
212.143.154.94 - - [20/Jul/2017:17:12:20 +0000] "GET /phpMyAdmin2/ HTTP/1.1" 301 539 "-" "Mozilla/5.0 Jorgee"
212.143.154.94 - - [20/Jul/2017:17:12:20 +0000] "GET /phpMyAdmin3/ HTTP/1.1" 301 539 "-" "Mozilla/5.0 Jorgee"
212.143.154.94 - - [20/Jul/2017:17:12:20 +0000] "GET /phpMyAdmin4/ HTTP/1.1" 301 539 "-" "Mozilla/5.0 Jorgee"
212.143.154.94 - - [20/Jul/2017:17:12:20 +0000] "GET /phpMyAdmin-3/ HTTP/1.1" 301 541 "-" "Mozilla/5.0 Jorgee"
212.143.154.94 - - [20/Jul/2017:17:12:21 +0000] "GET /php-my-admin/ HTTP/1.1" 301 541 "-" "Mozilla/5.0 Jorgee"
212.143.154.94 - - [20/Jul/2017:17:12:21 +0000] "GET /PMA2011/ HTTP/1.1" 301 531 "-" "Mozilla/5.0 Jorgee"
212.143.154.94 - - [20/Jul/2017:17:12:21 +0000] "GET /PMA2012/ HTTP/1.1" 301 531 "-" "Mozilla/5.0 Jorgee"
212.143.154.94 - - [20/Jul/2017:17:12:21 +0000] "GET /PMA2013/ HTTP/1.1" 301 531 "-" "Mozilla/5.0 Jorgee"
212.143.154.94 - - [20/Jul/2017:17:12:22 +0000] "GET /PMA2014/ HTTP/1.1" 301 531 "-" "Mozilla/5.0 Jorgee"
212.143.154.94 - - [20/Jul/2017:17:12:22 +0000] "GET /PMA2015/ HTTP/1.1" 301 531 "-" "Mozilla/5.0 Jorgee"
212.143.154.94 - - [20/Jul/2017:17:12:22 +0000] "GET /PMA2016/ HTTP/1.1" 301 531 "-" "Mozilla/5.0 Jorgee"
212.143.154.94 - - [20/Jul/2017:17:12:22 +0000] "GET /PMA2017/ HTTP/1.1" 301 531 "-" "Mozilla/5.0 Jorgee"
212.143.154.94 - - [20/Jul/2017:17:12:23 +0000] "GET /PMA2018/ HTTP/1.1" 301 531 "-" "Mozilla/5.0 Jorgee"
212.143.154.94 - - [20/Jul/2017:17:12:23 +0000] "GET /pma2011/ HTTP/1.1" 301 531 "-" "Mozilla/5.0 Jorgee"
212.143.154.94 - - [20/Jul/2017:17:12:23 +0000] "GET /pma2012/ HTTP/1.1" 301 531 "-" "Mozilla/5.0 Jorgee"
212.143.154.94 - - [20/Jul/2017:17:12:23 +0000] "GET /pma2013/ HTTP/1.1" 301 531 "-" "Mozilla/5.0 Jorgee"
212.143.154.94 - - [20/Jul/2017:17:12:24 +0000] "GET /pma2014/ HTTP/1.1" 301 531 "-" "Mozilla/5.0 Jorgee"
212.143.154.94 - - [20/Jul/2017:17:12:24 +0000] "GET /pma2015/ HTTP/1.1" 301 531 "-" "Mozilla/5.0 Jorgee"
212.143.154.94 - - [20/Jul/2017:17:12:24 +0000] "GET /pma2016/ HTTP/1.1" 301 531 "-" "Mozilla/5.0 Jorgee"
212.143.154.94 - - [20/Jul/2017:17:12:25 +0000] "GET /pma2017/ HTTP/1.1" 301 531 "-" "Mozilla/5.0 Jorgee"
212.143.154.94 - - [20/Jul/2017:17:12:25 +0000] "GET /pma2018/ HTTP/1.1" 301 531 "-" "Mozilla/5.0 Jorgee"
212.143.154.94 - - [20/Jul/2017:17:12:25 +0000] "GET /phpmyadmin2011/ HTTP/1.1" 301 545 "-" "Mozilla/5.0 Jorgee"
212.143.154.94 - - [20/Jul/2017:17:12:25 +0000] "GET /phpmyadmin2012/ HTTP/1.1" 301 545 "-" "Mozilla/5.0 Jorgee"
212.143.154.94 - - [20/Jul/2017:17:12:26 +0000] "GET /phpmyadmin2013/ HTTP/1.1" 301 545 "-" "Mozilla/5.0 Jorgee"
212.143.154.94 - - [20/Jul/2017:17:12:26 +0000] "GET /phpmyadmin2014/ HTTP/1.1" 301 545 "-" "Mozilla/5.0 Jorgee"
212.143.154.94 - - [20/Jul/2017:17:12:27 +0000] "GET /phpmyadmin2016/ HTTP/1.1" 301 564 "-" "Mozilla/5.0 Jorgee"
212.143.154.94 - - [20/Jul/2017:17:12:28 +0000] "GET /phpmyadmin2017/ HTTP/1.1" 301 545 "-" "Mozilla/5.0 Jorgee"
212.143.154.94 - - [20/Jul/2017:17:12:29 +0000] "GET /phpmyadmin2018/ HTTP/1.1" 301 545 "-" "Mozilla/5.0 Jorgee"
212.143.154.94 - - [20/Jul/2017:17:12:30 +0000] "GET /phpmanager/ HTTP/1.1" 301 537 "-" "Mozilla/5.0 Jorgee"
162.158.6.108 - - [20/Jul/2017:17:13:10 +0000] "GET / HTTP/1.1" 301 554 "-" "WHR"
108.162.246.37 - - [20/Jul/2017:17:13:08 +0000] "GET /jaufez/hermitish/14892-18042/locust-lutrine/gastrorrhagia.shtm HTTP/1.1" 200 15732 "-" "Mozilla/5.0 (compatible; Googlebot/2.1; +http://www.google.com/bot.html)"
108.162.246.199 - - [20/Jul/2017:17:13:11 +0000] "GET /jaufez/hermitish/14892-3062/bummler-lutrine/gastrorrhagia.shtm HTTP/1.1" 301 690 "-" "Mozilla/5.0 (compatible; Googlebot/2.1; +http://www.google.com/bot.html)"
162.158.6.42 - - [20/Jul/2017:17:13:15 +0000] "GET / HTTP/1.1" 301 566 "-" "WHR"
108.162.246.199 - - [20/Jul/2017:17:13:13 +0000] "GET /jaufez/hermitish/14892-3062/bummler-lutrine/gastrorrhagia.shtm HTTP/1.0" 200 15305 "-" "Mozilla/5.0 (compatible; Googlebot/2.1; +http://www.google.com/bot.html)"
162.158.6.42 - - [20/Jul/2017:17:17:12 +0000] "GET / HTTP/1.1" 301 566 "-" "WHR"
108.162.245.174 - - [20/Jul/2017:17:17:10 +0000] "GET /topics/ls HTTP/1.1" 200 15073 "-" "Mozilla/5.0 (compatible; Googlebot/2.1; +http://www.google.com/bot.html)"
108.162.245.66 - - [20/Jul/2017:17:18:21 +0000] "GET / HTTP/1.0" 200 14761 "-" "Mozilla/5.0 (Linux; Android 6.0.1; Nexus 5X Build/MMB29P) AppleWebKit/537.36 (KHTML, like Gecko) Chrome/41.0.2272.96 Mobile Safari/537.36 (compatible; Googlebot/2.1; +http://www.google.com/bot.html)"
108.162.246.13 - - [20/Jul/2017:17:23:19 +0000] "GET /itemlist?cv=1&selsex=02&cateid=10 HTTP/1.1" 301 628 "-" "Mozilla/5.0 (compatible; Googlebot/2.1; +http://www.google.com/bot.html)"
162.158.6.108 - - [20/Jul/2017:17:23:22 +0000] "GET /itemlist HTTP/1.1" 301 570 "-" "WHR"
108.162.246.13 - - [20/Jul/2017:17:23:20 +0000] "GET /itemlist?cv=1&selsex=02&cateid=10 HTTP/1.0" 200 15628 "-" "Mozilla/5.0 (compatible; Googlebot/2.1; +http://www.google.com/bot.html)"
108.162.245.60 - - [20/Jul/2017:17:28:29 +0000] "GET /pelayanan HTTP/1.1" 301 584 "-" "Mozilla/5.0 (compatible; Googlebot/2.1; +http://www.google.com/bot.html)"
162.158.6.42 - - [20/Jul/2017:17:28:33 +0000] "GET / HTTP/1.1" 301 566 "-" "WHR"
108.162.245.60 - - [20/Jul/2017:17:28:31 +0000] "GET /pelayanan HTTP/1.0" 200 16210 "-" "Mozilla/5.0 (compatible; Googlebot/2.1; +http://www.google.com/bot.html)"
162.158.6.108 - - [20/Jul/2017:17:28:35 +0000] "GET / HTTP/1.1" 301 554 "-" "WHR"
108.162.246.139 - - [20/Jul/2017:17:28:33 +0000] "GET /jaufez/hermitish/14892-26794/acetylcholine-lutrine/gastrorrhagia.shtm HTTP/1.1" 200 15306 "-" "Mozilla/5.0 (compatible; Googlebot/2.1; +http://www.google.com/bot.html)"
108.162.245.60 - - [20/Jul/2017:17:28:36 +0000] "GET /pelayanan HTTP/1.0" 200 15955 "-" "Mozilla/5.0 (compatible; Googlebot/2.1; +http://www.google.com/bot.html)"
108.162.246.193 - - [20/Jul/2017:17:28:54 +0000] "GET /information/importantnotices HTTP/1.1" 200 15436 "-" "Mozilla/5.0 (compatible; Googlebot/2.1; +http://www.google.com/bot.html)"
162.158.6.42 - - [20/Jul/2017:17:33:42 +0000] "GET / HTTP/1.1" 301 566 "-" "WHR"
108.162.245.60 - - [20/Jul/2017:17:33:40 +0000] "GET /jaufez/hermitish/14892-16900/megalohepatia-lutrine/gastrorrhagia.shtm HTTP/1.1" 200 15509 "-" "Mozilla/5.0 (Linux; Android 6.0.1; Nexus 5X Build/MMB29P) AppleWebKit/537.36 (KHTML, like Gecko) Chrome/41.0.2272.96 Mobile Safari/537.36 (compatible; Googlebot/2.1; +http://www.google.com/bot.html)"
162.158.6.42 - - [20/Jul/2017:17:38:52 +0000] "GET / HTTP/1.1" 301 566 "-" "WHR"
162.158.106.62 - - [20/Jul/2017:17:38:50 +0000] "GET /cuprimer_detail/20 HTTP/1.1" 200 14300 "-" "Mozilla/5.0 (compatible; Googlebot/2.1; +http://www.google.com/bot.html)"
162.158.6.108 - - [20/Jul/2017:17:39:06 +0000] "GET /customlist HTTP/1.1" 301 574 "-" "WHR"
108.162.246.139 - - [20/Jul/2017:17:39:04 +0000] "GET /customlist?id=13 HTTP/1.1" 200 14694 "-" "Mozilla/5.0 (compatible; Googlebot/2.1; +http://www.google.com/bot.html)"
108.162.246.187 - - [20/Jul/2017:17:43:59 +0000] "GET /history/ HTTP/1.1" 301 566 "-" "Mozilla/5.0 (compatible; Googlebot/2.1; +http://www.google.com/bot.html)"
108.162.245.228 - - [20/Jul/2017:17:44:00 +0000] "GET /history HTTP/1.0" 301 587 "-" "Mozilla/5.0 (compatible; Googlebot/2.1; +http://www.google.com/bot.html)"
162.158.6.108 - - [20/Jul/2017:17:44:02 +0000] "GET / HTTP/1.1" 301 554 "-" "WHR"
108.162.245.228 - - [20/Jul/2017:17:44:01 +0000] "GET /history HTTP/1.0" 200 14212 "-" "Mozilla/5.0 (compatible; Googlebot/2.1; +http://www.google.com/bot.html)"
108.162.245.228 - - [20/Jul/2017:17:44:03 +0000] "GET /history HTTP/1.0" 200 14463 "-" "Mozilla/5.0 (compatible; Googlebot/2.1; +http://www.google.com/bot.html)"
172.68.11.73 - - [20/Jul/2017:17:46:04 +0000] "GET /artikel/9 HTTP/1.1" 200 9883 "-" "Mozilla/5.0 (compatible; YandexBot/3.0; +http://yandex.com/bots)"
162.158.6.42 - - [20/Jul/2017:17:47:17 +0000] "GET /itemdetail HTTP/1.1" 301 586 "-" "WHR"
162.158.106.44 - - [20/Jul/2017:17:47:15 +0000] "GET /itemdetail?ItemID=01173-1088 HTTP/1.1" 200 15873 "-" "Mozilla/5.0 (compatible; Googlebot/2.1; +http://www.google.com/bot.html)"
162.158.6.42 - - [20/Jul/2017:17:49:12 +0000] "GET / HTTP/1.1" 301 566 "-" "WHR"
162.158.106.50 - - [20/Jul/2017:17:49:10 +0000] "GET /jaufez/hermitish/14892-17176/misimagination-lutrine/gastrorrhagia.shtm HTTP/1.1" 200 15900 "-" "Mozilla/5.0 (Linux; Android 6.0.1; Nexus 5X Build/MMB29P) AppleWebKit/537.36 (KHTML, like Gecko) Chrome/41.0.2272.96 Mobile Safari/537.36 (compatible; Googlebot/2.1; +http://www.google.com/bot.html)"
108.162.246.175 - - [20/Jul/2017:17:58:50 +0000] "GET /jaufez/hermitish/14892-6115/joist-lutrine/gastrorrhagia.shtm HTTP/1.1" 301 674 "-" "Mozilla/5.0 (compatible; Googlebot/2.1; +http://www.google.com/bot.html)"
162.158.6.108 - - [20/Jul/2017:17:58:53 +0000] "GET / HTTP/1.1" 301 554 "-" "WHR"
108.162.246.175 - - [20/Jul/2017:17:58:51 +0000] "GET /jaufez/hermitish/14892-6115/joist-lutrine/gastrorrhagia.shtm HTTP/1.0" 200 16514 "-" "Mozilla/5.0 (compatible; Googlebot/2.1; +http://www.google.com/bot.html)"
108.162.246.97 - - [20/Jul/2017:17:59:30 +0000] "GET /jaufez/hermitish/14892-24979/joist-lutrine/gastrorrhagia.shtm HTTP/1.1" 301 688 "-" "Mozilla/5.0 (compatible; Googlebot/2.1; +http://www.google.com/bot.html)"
162.158.6.42 - - [20/Jul/2017:17:59:32 +0000] "GET / HTTP/1.1" 301 566 "-" "WHR"
108.162.246.97 - - [20/Jul/2017:17:59:30 +0000] "GET /jaufez/hermitish/14892-24979/joist-lutrine/gastrorrhagia.shtm HTTP/1.0" 200 15171 "-" "Mozilla/5.0 (compatible; Googlebot/2.1; +http://www.google.com/bot.html)"
108.162.245.156 - - [20/Jul/2017:18:03:07 +0000] "GET /rss.xml HTTP/1.1" 301 580 "-" "FeedFetcher-Google; (+http://www.google.com/feedfetcher.html)"
162.158.6.42 - - [20/Jul/2017:18:03:10 +0000] "GET / HTTP/1.1" 301 566 "-" "WHR"
108.162.245.156 - - [20/Jul/2017:18:03:08 +0000] "GET /rss.xml HTTP/1.1" 200 15157 "-" "FeedFetcher-Google; (+http://www.google.com/feedfetcher.html)"
162.158.106.32 - - [20/Jul/2017:18:04:31 +0000] "GET /jaufez/hermitish/14892-18813/christina-lutrine/gastrorrhagia.shtm HTTP/1.1" 301 684 "-" "Mozilla/5.0 (Linux; Android 6.0.1; Nexus 5X Build/MMB29P) AppleWebKit/537.36 (KHTML, like Gecko) Chrome/41.0.2272.96 Mobile Safari/537.36 (compatible; Googlebot/2.1; +http://www.google.com/bot.html)"
162.158.6.108 - - [20/Jul/2017:18:04:33 +0000] "GET / HTTP/1.1" 301 554 "-" "WHR"
162.158.106.32 - - [20/Jul/2017:18:04:31 +0000] "GET /jaufez/hermitish/14892-18813/christina-lutrine/gastrorrhagia.shtm HTTP/1.0" 200 14946 "-" "Mozilla/5.0 (Linux; Android 6.0.1; Nexus 5X Build/MMB29P) AppleWebKit/537.36 (KHTML, like Gecko) Chrome/41.0.2272.96 Mobile Safari/537.36 (compatible; Googlebot/2.1; +http://www.google.com/bot.html)"
162.158.106.68 - - [20/Jul/2017:18:04:35 +0000] "GET /jaufez/hermitish/14892-8727/alkaligen-lutrine/gastrorrhagia.shtm HTTP/1.1" 301 682 "-" "Mozilla/5.0 (compatible; Googlebot/2.1; +http://www.google.com/bot.html)"
162.158.106.68 - - [20/Jul/2017:18:04:36 +0000] "GET /jaufez/hermitish/14892-8727/alkaligen-lutrine/gastrorrhagia.shtm HTTP/1.0" 200 15899 "-" "Mozilla/5.0 (compatible; Googlebot/2.1; +http://www.google.com/bot.html)"
162.158.167.80 - - [20/Jul/2017:18:05:02 +0000] "GET / HTTP/1.1" 200 14554 "-" "-"
162.158.6.108 - - [20/Jul/2017:18:09:43 +0000] "GET /itemdetail HTTP/1.1" 301 574 "-" "WHR"
108.162.246.229 - - [20/Jul/2017:18:09:41 +0000] "GET /itemdetail?ItemID=01151-1200_01134-2030 HTTP/1.1" 200 15224 "-" "Mozilla/5.0 (Linux; Android 6.0.1; Nexus 5X Build/MMB29P) AppleWebKit/537.36 (KHTML, like Gecko) Chrome/41.0.2272.96 Mobile Safari/537.36 (compatible; Googlebot/2.1; +http://www.google.com/bot.html)"
162.158.6.108 - - [20/Jul/2017:18:13:50 +0000] "GET / HTTP/1.1" 301 554 "-" "WHR"
162.158.106.50 - - [20/Jul/2017:18:13:48 +0000] "GET /privacy HTTP/1.1" 200 15498 "-" "Mozilla/5.0 (compatible; Googlebot/2.1; +http://www.google.com/bot.html)"
108.162.245.42 - - [20/Jul/2017:18:14:40 +0000] "GET /artikel_detail/43 HTTP/1.1" 200 15271 "-" "Mozilla/5.0 (compatible; Googlebot/2.1; +http://www.google.com/bot.html)"
108.162.245.240 - - [20/Jul/2017:18:16:39 +0000] "GET /jaufez/hermitish/14892-5327/cottonee-lutrine/gastrorrhagia.shtm HTTP/1.1" 301 680 "-" "Mozilla/5.0 (compatible; Googlebot/2.1; +http://www.google.com/bot.html)"
162.158.6.108 - - [20/Jul/2017:18:16:43 +0000] "GET / HTTP/1.1" 301 554 "-" "WHR"
108.162.245.240 - - [20/Jul/2017:18:16:41 +0000] "GET /jaufez/hermitish/14892-5327/cottonee-lutrine/gastrorrhagia.shtm HTTP/1.0" 200 16566 "-" "Mozilla/5.0 (compatible; Googlebot/2.1; +http://www.google.com/bot.html)"
141.101.77.16 - - [20/Jul/2017:18:19:20 +0000] "GET /artikel_detail/40 HTTP/1.1" 200 9328 "-" "Mozilla/5.0 (compatible; AhrefsBot/5.2; +http://ahrefs.com/robot/)"
108.162.246.37 - - [20/Jul/2017:18:19:39 +0000] "GET /index.php/artikel_detail/43 HTTP/1.1" 301 608 "-" "Mozilla/5.0 (compatible; Googlebot/2.1; +http://www.google.com/bot.html)"
162.158.6.108 - - [20/Jul/2017:18:19:42 +0000] "GET / HTTP/1.1" 301 554 "-" "WHR"
108.162.246.37 - - [20/Jul/2017:18:19:40 +0000] "GET /index.php/artikel_detail/43 HTTP/1.0" 200 15534 "-" "Mozilla/5.0 (compatible; Googlebot/2.1; +http://www.google.com/bot.html)"
108.162.245.96 - - [20/Jul/2017:18:24:50 +0000] "GET /jaufez/hermitish/14892-1556/graphitization-lutrine/gastrorrhagia.shtm HTTP/1.1" 301 704 "-" "Mozilla/5.0 (compatible; Googlebot/2.1; +http://www.google.com/bot.html)"
162.158.6.42 - - [20/Jul/2017:18:24:53 +0000] "GET / HTTP/1.1" 301 566 "-" "WHR"
108.162.245.96 - - [20/Jul/2017:18:24:51 +0000] "GET /jaufez/hermitish/14892-1556/graphitization-lutrine/gastrorrhagia.shtm HTTP/1.0" 200 15300 "-" "Mozilla/5.0 (compatible; Googlebot/2.1; +http://www.google.com/bot.html)"
172.68.10.78 - - [20/Jul/2017:18:27:06 +0000] "GET /cuprimer_detail/40 HTTP/1.1" 200 7330 "-" "Mozilla/5.0 (compatible; YandexBot/3.0; +http://yandex.com/bots)"
217.79.115.71 - - [20/Jul/2017:18:31:44 +0000] "GET /mysql/admin/ HTTP/1.1" 301 539 "-" "Mozilla/5.0 Jorgee"
217.79.115.71 - - [20/Jul/2017:18:31:44 +0000] "GET /mysql/dbadmin/ HTTP/1.1" 301 543 "-" "Mozilla/5.0 Jorgee"
217.79.115.71 - - [20/Jul/2017:18:31:45 +0000] "GET /mysql/sqlmanager/ HTTP/1.1" 301 549 "-" "Mozilla/5.0 Jorgee"
217.79.115.71 - - [20/Jul/2017:18:31:45 +0000] "GET /mysql/mysqlmanager/ HTTP/1.1" 301 553 "-" "Mozilla/5.0 Jorgee"
217.79.115.71 - - [20/Jul/2017:18:31:45 +0000] "GET /phpmyadmin/ HTTP/1.1" 301 537 "-" "Mozilla/5.0 Jorgee"
217.79.115.71 - - [20/Jul/2017:18:31:45 +0000] "GET /phpMyadmin/ HTTP/1.1" 301 537 "-" "Mozilla/5.0 Jorgee"
217.79.115.71 - - [20/Jul/2017:18:31:46 +0000] "GET /phpMyAdmin/ HTTP/1.1" 301 537 "-" "Mozilla/5.0 Jorgee"
217.79.115.71 - - [20/Jul/2017:18:31:46 +0000] "GET /phpmyAdmin/ HTTP/1.1" 301 537 "-" "Mozilla/5.0 Jorgee"
217.79.115.71 - - [20/Jul/2017:18:31:46 +0000] "GET /phpmyadmin2/ HTTP/1.1" 301 539 "-" "Mozilla/5.0 Jorgee"
217.79.115.71 - - [20/Jul/2017:18:31:46 +0000] "GET /phpmyadmin3/ HTTP/1.1" 301 539 "-" "Mozilla/5.0 Jorgee"
217.79.115.71 - - [20/Jul/2017:18:31:47 +0000] "GET /phpmyadmin4/ HTTP/1.1" 301 539 "-" "Mozilla/5.0 Jorgee"
217.79.115.71 - - [20/Jul/2017:18:31:47 +0000] "GET /2phpmyadmin/ HTTP/1.1" 301 539 "-" "Mozilla/5.0 Jorgee"
217.79.115.71 - - [20/Jul/2017:18:31:47 +0000] "GET /phpmy/ HTTP/1.1" 301 527 "-" "Mozilla/5.0 Jorgee"
217.79.115.71 - - [20/Jul/2017:18:31:47 +0000] "GET /phppma/ HTTP/1.1" 301 529 "-" "Mozilla/5.0 Jorgee"
217.79.115.71 - - [20/Jul/2017:18:31:48 +0000] "GET /myadmin/ HTTP/1.1" 301 531 "-" "Mozilla/5.0 Jorgee"
217.79.115.71 - - [20/Jul/2017:18:31:48 +0000] "GET /shopdb/ HTTP/1.1" 301 529 "-" "Mozilla/5.0 Jorgee"
217.79.115.71 - - [20/Jul/2017:18:31:48 +0000] "GET /MyAdmin/ HTTP/1.1" 301 531 "-" "Mozilla/5.0 Jorgee"
217.79.115.71 - - [20/Jul/2017:18:31:48 +0000] "GET /program/ HTTP/1.1" 301 531 "-" "Mozilla/5.0 Jorgee"
217.79.115.71 - - [20/Jul/2017:18:31:49 +0000] "GET /PMA/ HTTP/1.1" 301 523 "-" "Mozilla/5.0 Jorgee"
217.79.115.71 - - [20/Jul/2017:18:31:49 +0000] "GET /dbadmin/ HTTP/1.1" 301 531 "-" "Mozilla/5.0 Jorgee"
217.79.115.71 - - [20/Jul/2017:18:31:49 +0000] "GET /pma/ HTTP/1.1" 301 523 "-" "Mozilla/5.0 Jorgee"
217.79.115.71 - - [20/Jul/2017:18:31:49 +0000] "GET /db/ HTTP/1.1" 301 521 "-" "Mozilla/5.0 Jorgee"
217.79.115.71 - - [20/Jul/2017:18:31:50 +0000] "GET /admin/ HTTP/1.1" 301 527 "-" "Mozilla/5.0 Jorgee"
217.79.115.71 - - [20/Jul/2017:18:31:50 +0000] "GET /mysql/ HTTP/1.1" 301 527 "-" "Mozilla/5.0 Jorgee"
217.79.115.71 - - [20/Jul/2017:18:31:50 +0000] "GET /database/ HTTP/1.1" 301 533 "-" "Mozilla/5.0 Jorgee"
217.79.115.71 - - [20/Jul/2017:18:31:50 +0000] "GET /db/phpmyadmin/ HTTP/1.1" 301 543 "-" "Mozilla/5.0 Jorgee"
217.79.115.71 - - [20/Jul/2017:18:31:51 +0000] "GET /db/phpMyAdmin/ HTTP/1.1" 301 543 "-" "Mozilla/5.0 Jorgee"
217.79.115.71 - - [20/Jul/2017:18:31:51 +0000] "GET /sqlmanager/ HTTP/1.1" 301 537 "-" "Mozilla/5.0 Jorgee"
217.79.115.71 - - [20/Jul/2017:18:31:51 +0000] "GET /mysqlmanager/ HTTP/1.1" 301 541 "-" "Mozilla/5.0 Jorgee"
217.79.115.71 - - [20/Jul/2017:18:31:52 +0000] "GET /php-myadmin/ HTTP/1.1" 301 539 "-" "Mozilla/5.0 Jorgee"
217.79.115.71 - - [20/Jul/2017:18:31:52 +0000] "GET /phpmy-admin/ HTTP/1.1" 301 539 "-" "Mozilla/5.0 Jorgee"
217.79.115.71 - - [20/Jul/2017:18:31:52 +0000] "GET /mysqladmin/ HTTP/1.1" 301 537 "-" "Mozilla/5.0 Jorgee"
217.79.115.71 - - [20/Jul/2017:18:31:52 +0000] "GET /mysql-admin/ HTTP/1.1" 301 539 "-" "Mozilla/5.0 Jorgee"
217.79.115.71 - - [20/Jul/2017:18:31:53 +0000] "GET /admin/phpmyadmin/ HTTP/1.1" 301 549 "-" "Mozilla/5.0 Jorgee"
217.79.115.71 - - [20/Jul/2017:18:31:53 +0000] "GET /admin/phpMyAdmin/ HTTP/1.1" 301 549 "-" "Mozilla/5.0 Jorgee"
217.79.115.71 - - [20/Jul/2017:18:31:53 +0000] "GET /admin/sysadmin/ HTTP/1.1" 301 545 "-" "Mozilla/5.0 Jorgee"
217.79.115.71 - - [20/Jul/2017:18:31:53 +0000] "GET /admin/sqladmin/ HTTP/1.1" 301 545 "-" "Mozilla/5.0 Jorgee"
217.79.115.71 - - [20/Jul/2017:18:31:54 +0000] "GET /admin/db/ HTTP/1.1" 301 533 "-" "Mozilla/5.0 Jorgee"
217.79.115.71 - - [20/Jul/2017:18:31:54 +0000] "GET /admin/web/ HTTP/1.1" 301 535 "-" "Mozilla/5.0 Jorgee"
217.79.115.71 - - [20/Jul/2017:18:31:54 +0000] "GET /admin/pMA/ HTTP/1.1" 301 535 "-" "Mozilla/5.0 Jorgee"
217.79.115.71 - - [20/Jul/2017:18:31:54 +0000] "GET /mysql/pma/ HTTP/1.1" 301 535 "-" "Mozilla/5.0 Jorgee"
217.79.115.71 - - [20/Jul/2017:18:31:55 +0000] "GET /mysql/db/ HTTP/1.1" 301 533 "-" "Mozilla/5.0 Jorgee"
217.79.115.71 - - [20/Jul/2017:18:31:55 +0000] "GET /mysql/web/ HTTP/1.1" 301 535 "-" "Mozilla/5.0 Jorgee"
217.79.115.71 - - [20/Jul/2017:18:31:55 +0000] "GET /mysql/pMA/ HTTP/1.1" 301 535 "-" "Mozilla/5.0 Jorgee"
217.79.115.71 - - [20/Jul/2017:18:31:55 +0000] "GET /sql/phpmanager/ HTTP/1.1" 301 545 "-" "Mozilla/5.0 Jorgee"
217.79.115.71 - - [20/Jul/2017:18:31:56 +0000] "GET /sql/php-myadmin/ HTTP/1.1" 301 547 "-" "Mozilla/5.0 Jorgee"
217.79.115.71 - - [20/Jul/2017:18:31:56 +0000] "GET /sql/phpmy-admin/ HTTP/1.1" 301 547 "-" "Mozilla/5.0 Jorgee"
217.79.115.71 - - [20/Jul/2017:18:31:56 +0000] "GET /sql/sql/ HTTP/1.1" 301 531 "-" "Mozilla/5.0 Jorgee"
217.79.115.71 - - [20/Jul/2017:18:31:56 +0000] "GET /sql/myadmin/ HTTP/1.1" 301 539 "-" "Mozilla/5.0 Jorgee"
217.79.115.71 - - [20/Jul/2017:18:31:57 +0000] "GET /sql/webadmin/ HTTP/1.1" 301 541 "-" "Mozilla/5.0 Jorgee"
217.79.115.71 - - [20/Jul/2017:18:31:57 +0000] "GET /sql/sqlweb/ HTTP/1.1" 301 537 "-" "Mozilla/5.0 Jorgee"
217.79.115.71 - - [20/Jul/2017:18:31:57 +0000] "GET /sql/websql/ HTTP/1.1" 301 537 "-" "Mozilla/5.0 Jorgee"
217.79.115.71 - - [20/Jul/2017:18:31:57 +0000] "GET /sql/webdb/ HTTP/1.1" 301 535 "-" "Mozilla/5.0 Jorgee"
217.79.115.71 - - [20/Jul/2017:18:31:58 +0000] "GET /sql/sqladmin/ HTTP/1.1" 301 541 "-" "Mozilla/5.0 Jorgee"
217.79.115.71 - - [20/Jul/2017:18:31:58 +0000] "GET /sql/sql-admin/ HTTP/1.1" 301 543 "-" "Mozilla/5.0 Jorgee"
217.79.115.71 - - [20/Jul/2017:18:31:58 +0000] "GET /sql/phpmyadmin2/ HTTP/1.1" 301 547 "-" "Mozilla/5.0 Jorgee"
217.79.115.71 - - [20/Jul/2017:18:31:58 +0000] "GET /sql/phpMyAdmin2/ HTTP/1.1" 301 547 "-" "Mozilla/5.0 Jorgee"
217.79.115.71 - - [20/Jul/2017:18:31:59 +0000] "GET /sql/phpMyAdmin/ HTTP/1.1" 301 545 "-" "Mozilla/5.0 Jorgee"
217.79.115.71 - - [20/Jul/2017:18:31:59 +0000] "GET /db/myadmin/ HTTP/1.1" 301 537 "-" "Mozilla/5.0 Jorgee"
217.79.115.71 - - [20/Jul/2017:18:31:59 +0000] "GET /db/webadmin/ HTTP/1.1" 301 539 "-" "Mozilla/5.0 Jorgee"
217.79.115.71 - - [20/Jul/2017:18:31:59 +0000] "GET /db/dbweb/ HTTP/1.1" 301 533 "-" "Mozilla/5.0 Jorgee"
217.79.115.71 - - [20/Jul/2017:18:32:00 +0000] "GET /db/websql/ HTTP/1.1" 301 535 "-" "Mozilla/5.0 Jorgee"
217.79.115.71 - - [20/Jul/2017:18:32:00 +0000] "GET /db/webdb/ HTTP/1.1" 301 533 "-" "Mozilla/5.0 Jorgee"
217.79.115.71 - - [20/Jul/2017:18:32:00 +0000] "GET /db/dbadmin/ HTTP/1.1" 301 537 "-" "Mozilla/5.0 Jorgee"
217.79.115.71 - - [20/Jul/2017:18:32:00 +0000] "GET /db/db-admin/ HTTP/1.1" 301 539 "-" "Mozilla/5.0 Jorgee"
217.79.115.71 - - [20/Jul/2017:18:32:01 +0000] "GET /db/phpmyadmin3/ HTTP/1.1" 301 545 "-" "Mozilla/5.0 Jorgee"
217.79.115.71 - - [20/Jul/2017:18:32:01 +0000] "GET /db/phpMyAdmin3/ HTTP/1.1" 301 545 "-" "Mozilla/5.0 Jorgee"
217.79.115.71 - - [20/Jul/2017:18:32:01 +0000] "GET /db/phpMyAdmin-3/ HTTP/1.1" 301 547 "-" "Mozilla/5.0 Jorgee"
217.79.115.71 - - [20/Jul/2017:18:32:01 +0000] "GET /administrator/phpmyadmin/ HTTP/1.1" 301 565 "-" "Mozilla/5.0 Jorgee"
217.79.115.71 - - [20/Jul/2017:18:32:02 +0000] "GET /administrator/phpMyAdmin/ HTTP/1.1" 301 565 "-" "Mozilla/5.0 Jorgee"
217.79.115.71 - - [20/Jul/2017:18:32:02 +0000] "GET /administrator/db/ HTTP/1.1" 301 549 "-" "Mozilla/5.0 Jorgee"
217.79.115.71 - - [20/Jul/2017:18:32:02 +0000] "GET /administrator/web/ HTTP/1.1" 301 551 "-" "Mozilla/5.0 Jorgee"
217.79.115.71 - - [20/Jul/2017:18:32:03 +0000] "GET /administrator/pma/ HTTP/1.1" 301 551 "-" "Mozilla/5.0 Jorgee"
217.79.115.71 - - [20/Jul/2017:18:32:03 +0000] "GET /administrator/PMA/ HTTP/1.1" 301 551 "-" "Mozilla/5.0 Jorgee"
217.79.115.71 - - [20/Jul/2017:18:32:03 +0000] "GET /administrator/admin/ HTTP/1.1" 301 555 "-" "Mozilla/5.0 Jorgee"
217.79.115.71 - - [20/Jul/2017:18:32:03 +0000] "GET /phpMyAdmin2/ HTTP/1.1" 301 539 "-" "Mozilla/5.0 Jorgee"
217.79.115.71 - - [20/Jul/2017:18:32:04 +0000] "GET /phpMyAdmin3/ HTTP/1.1" 301 539 "-" "Mozilla/5.0 Jorgee"
217.79.115.71 - - [20/Jul/2017:18:32:04 +0000] "GET /phpMyAdmin4/ HTTP/1.1" 301 539 "-" "Mozilla/5.0 Jorgee"
217.79.115.71 - - [20/Jul/2017:18:32:04 +0000] "GET /phpMyAdmin-3/ HTTP/1.1" 301 541 "-" "Mozilla/5.0 Jorgee"
217.79.115.71 - - [20/Jul/2017:18:32:04 +0000] "GET /php-my-admin/ HTTP/1.1" 301 541 "-" "Mozilla/5.0 Jorgee"
217.79.115.71 - - [20/Jul/2017:18:32:05 +0000] "GET /PMA2011/ HTTP/1.1" 301 531 "-" "Mozilla/5.0 Jorgee"
217.79.115.71 - - [20/Jul/2017:18:32:05 +0000] "GET /PMA2012/ HTTP/1.1" 301 531 "-" "Mozilla/5.0 Jorgee"
217.79.115.71 - - [20/Jul/2017:18:32:05 +0000] "GET /PMA2013/ HTTP/1.1" 301 531 "-" "Mozilla/5.0 Jorgee"
217.79.115.71 - - [20/Jul/2017:18:32:05 +0000] "GET /PMA2014/ HTTP/1.1" 301 531 "-" "Mozilla/5.0 Jorgee"
217.79.115.71 - - [20/Jul/2017:18:32:06 +0000] "GET /PMA2015/ HTTP/1.1" 301 531 "-" "Mozilla/5.0 Jorgee"
217.79.115.71 - - [20/Jul/2017:18:32:06 +0000] "GET /PMA2016/ HTTP/1.1" 301 531 "-" "Mozilla/5.0 Jorgee"
217.79.115.71 - - [20/Jul/2017:18:32:06 +0000] "GET /PMA2017/ HTTP/1.1" 301 531 "-" "Mozilla/5.0 Jorgee"
217.79.115.71 - - [20/Jul/2017:18:32:06 +0000] "GET /PMA2018/ HTTP/1.1" 301 531 "-" "Mozilla/5.0 Jorgee"
217.79.115.71 - - [20/Jul/2017:18:32:07 +0000] "GET /pma2011/ HTTP/1.1" 301 531 "-" "Mozilla/5.0 Jorgee"
217.79.115.71 - - [20/Jul/2017:18:32:07 +0000] "GET /pma2012/ HTTP/1.1" 301 531 "-" "Mozilla/5.0 Jorgee"
217.79.115.71 - - [20/Jul/2017:18:32:07 +0000] "GET /pma2013/ HTTP/1.1" 301 531 "-" "Mozilla/5.0 Jorgee"
217.79.115.71 - - [20/Jul/2017:18:32:07 +0000] "GET /pma2014/ HTTP/1.1" 301 531 "-" "Mozilla/5.0 Jorgee"
217.79.115.71 - - [20/Jul/2017:18:32:08 +0000] "GET /pma2015/ HTTP/1.1" 301 531 "-" "Mozilla/5.0 Jorgee"
217.79.115.71 - - [20/Jul/2017:18:32:08 +0000] "GET /pma2016/ HTTP/1.1" 301 531 "-" "Mozilla/5.0 Jorgee"
217.79.115.71 - - [20/Jul/2017:18:32:08 +0000] "GET /pma2017/ HTTP/1.1" 301 531 "-" "Mozilla/5.0 Jorgee"
217.79.115.71 - - [20/Jul/2017:18:32:08 +0000] "GET /pma2018/ HTTP/1.1" 301 531 "-" "Mozilla/5.0 Jorgee"
217.79.115.71 - - [20/Jul/2017:18:32:09 +0000] "GET /phpmyadmin2011/ HTTP/1.1" 301 545 "-" "Mozilla/5.0 Jorgee"
217.79.115.71 - - [20/Jul/2017:18:32:09 +0000] "GET /phpmyadmin2012/ HTTP/1.1" 301 545 "-" "Mozilla/5.0 Jorgee"
217.79.115.71 - - [20/Jul/2017:18:32:09 +0000] "GET /phpmyadmin2013/ HTTP/1.1" 301 545 "-" "Mozilla/5.0 Jorgee"
217.79.115.71 - - [20/Jul/2017:18:32:09 +0000] "GET /phpmyadmin2014/ HTTP/1.1" 301 545 "-" "Mozilla/5.0 Jorgee"
217.79.115.71 - - [20/Jul/2017:18:32:10 +0000] "GET /phpmyadmin2016/ HTTP/1.1" 301 564 "-" "Mozilla/5.0 Jorgee"
217.79.115.71 - - [20/Jul/2017:18:32:10 +0000] "GET /phpmyadmin2017/ HTTP/1.1" 301 545 "-" "Mozilla/5.0 Jorgee"
217.79.115.71 - - [20/Jul/2017:18:32:11 +0000] "GET /phpmyadmin2018/ HTTP/1.1" 301 545 "-" "Mozilla/5.0 Jorgee"
217.79.115.71 - - [20/Jul/2017:18:32:12 +0000] "GET /phpmanager/ HTTP/1.1" 301 537 "-" "Mozilla/5.0 Jorgee"
108.162.245.240 - - [20/Jul/2017:18:35:00 +0000] "GET / HTTP/1.1" 301 554 "-" "Mozilla/5.0 (Linux; Android 6.0.1; Nexus 5X Build/MMB29P) AppleWebKit/537.36 (KHTML, like Gecko) Chrome/41.0.2272.96 Mobile Safari/537.36 (compatible; Googlebot/2.1; +http://www.google.com/bot.html)"
108.162.245.240 - - [20/Jul/2017:18:35:01 +0000] "GET / HTTP/1.0" 200 14806 "-" "Mozilla/5.0 (Linux; Android 6.0.1; Nexus 5X Build/MMB29P) AppleWebKit/537.36 (KHTML, like Gecko) Chrome/41.0.2272.96 Mobile Safari/537.36 (compatible; Googlebot/2.1; +http://www.google.com/bot.html)"
108.162.246.151 - - [20/Jul/2017:18:40:12 +0000] "GET /jaufez/hermitish/14892-24794/dyscrystalline-lutrine/gastrorrhagia.shtm HTTP/1.1" 301 706 "-" "Mozilla/5.0 (compatible; Googlebot/2.1; +http://www.google.com/bot.html)"
162.158.6.42 - - [20/Jul/2017:18:40:14 +0000] "GET / HTTP/1.1" 301 566 "-" "WHR"
108.162.246.151 - - [20/Jul/2017:18:40:13 +0000] "GET /jaufez/hermitish/14892-24794/dyscrystalline-lutrine/gastrorrhagia.shtm HTTP/1.0" 200 15201 "-" "Mozilla/5.0 (compatible; Googlebot/2.1; +http://www.google.com/bot.html)"
172.68.10.96 - - [20/Jul/2017:18:40:45 +0000] "GET / HTTP/1.1" 200 14517 "-" "Mozilla/5.0 (compatible; YandexBot/3.0; +http://yandex.com/bots)"
108.162.245.42 - - [20/Jul/2017:18:41:35 +0000] "GET /feature/ls HTTP/1.1" 200 14342 "-" "Mozilla/5.0 (compatible; Googlebot/2.1; +http://www.google.com/bot.html)"
172.68.10.156 - - [20/Jul/2017:18:43:02 +0000] "GET /hymnecu HTTP/1.1" 200 6904 "-" "Mozilla/5.0 (compatible; YandexBot/3.0; +http://yandex.com/bots)"
162.158.6.108 - - [20/Jul/2017:18:45:21 +0000] "GET / HTTP/1.1" 301 554 "-" "WHR"
108.162.246.175 - - [20/Jul/2017:18:45:19 +0000] "GET /jaufez/hermitish/14892-24505/ectogenic-lutrine/gastrorrhagia.shtm HTTP/1.1" 200 15084 "-" "Mozilla/5.0 (compatible; Googlebot/2.1; +http://www.google.com/bot.html)"
108.162.246.73 - - [20/Jul/2017:18:45:22 +0000] "GET /jaufez/hermitish/14892-4941/christina-lutrine/gastrorrhagia.shtm HTTP/1.1" 301 694 "-" "Mozilla/5.0 (compatible; Googlebot/2.1; +http://www.google.com/bot.html)"
162.158.6.42 - - [20/Jul/2017:18:45:26 +0000] "GET / HTTP/1.1" 301 566 "-" "WHR"
108.162.246.73 - - [20/Jul/2017:18:45:24 +0000] "GET /jaufez/hermitish/14892-4941/christina-lutrine/gastrorrhagia.shtm HTTP/1.0" 200 15461 "-" "Mozilla/5.0 (compatible; Googlebot/2.1; +http://www.google.com/bot.html)"
108.162.246.145 - - [20/Jul/2017:18:50:20 +0000] "GET /jaufez/hermitish/14892-5492/graphitization-lutrine/gastrorrhagia.shtm HTTP/1.1" 301 692 "-" "Mozilla/5.0 (compatible; Googlebot/2.1; +http://www.google.com/bot.html)"
139.162.113.204 - - [20/Jul/2017:18:50:20 +0000] "GET / HTTP/1.1" 200 14491 "-" "Mozilla/5.0 (Windows NT 10.0; WOW64) AppleWebKit/537.36 (KHTML, like Gecko) Chrome/50.0.2661.102 Safari/537.36"
162.158.6.108 - - [20/Jul/2017:18:50:23 +0000] "GET / HTTP/1.1" 301 554 "-" "WHR"
108.162.246.145 - - [20/Jul/2017:18:50:21 +0000] "GET /jaufez/hermitish/14892-5492/graphitization-lutrine/gastrorrhagia.shtm HTTP/1.0" 200 16394 "-" "Mozilla/5.0 (compatible; Googlebot/2.1; +http://www.google.com/bot.html)"
162.158.6.108 - - [20/Jul/2017:18:55:21 +0000] "GET / HTTP/1.1" 301 554 "-" "WHR"
108.162.246.199 - - [20/Jul/2017:18:55:19 +0000] "GET /jaufez/hermitish/14892-2255/cottonee-lutrine/gastrorrhagia.shtm HTTP/1.1" 200 15257 "-" "Mozilla/5.0 (compatible; Googlebot/2.1; +http://www.google.com/bot.html)"
108.162.245.42 - - [20/Jul/2017:19:00:19 +0000] "GET /artikel_detail/43 HTTP/1.1" 301 588 "-" "Mozilla/5.0 (compatible; Googlebot/2.1; +http://www.google.com/bot.html)"
162.158.6.108 - - [20/Jul/2017:19:00:22 +0000] "GET / HTTP/1.1" 301 554 "-" "WHR"
108.162.245.42 - - [20/Jul/2017:19:00:20 +0000] "GET /artikel_detail/43 HTTP/1.0" 200 15341 "-" "Mozilla/5.0 (compatible; Googlebot/2.1; +http://www.google.com/bot.html)"
141.101.107.104 - - [20/Jul/2017:19:02:32 +0000] "GET /wp-includes/css/modules.php HTTP/1.1" 301 608 "-" "Mozilla/4.0 (compatible; Win32; WinHttp.WinHttpRequest.5)"
141.101.107.104 - - [20/Jul/2017:19:02:32 +0000] "GET /wp-includes/css/modules.php HTTP/1.0" 404 9170 "-" "Mozilla/4.0 (compatible; Win32; WinHttp.WinHttpRequest.5)"
162.158.6.108 - - [20/Jul/2017:19:05:24 +0000] "GET / HTTP/1.1" 301 554 "-" "WHR"
108.162.246.49 - - [20/Jul/2017:19:05:23 +0000] "GET /jaufez/hermitish/14892-78/cremorne-lutrine/gastrorrhagia.shtm HTTP/1.1" 200 14669 "-" "Mozilla/5.0 (compatible; Googlebot/2.1; +http://www.google.com/bot.html)"
162.158.6.108 - - [20/Jul/2017:19:10:34 +0000] "GET / HTTP/1.1" 301 554 "-" "WHR"
108.162.245.60 - - [20/Jul/2017:19:10:32 +0000] "GET /artikel_detail/31 HTTP/1.1" 200 14370 "-" "Mozilla/5.0 (compatible; Googlebot/2.1; +http://www.google.com/bot.html)"
108.162.245.240 - - [20/Jul/2017:19:10:36 +0000] "GET /jaufez/hermitish/14892-10170/locust-lutrine/gastrorrhagia.shtm HTTP/1.1" 301 678 "-" "Mozilla/5.0 (compatible; Googlebot/2.1; +http://www.google.com/bot.html)"
108.162.245.240 - - [20/Jul/2017:19:10:38 +0000] "GET /jaufez/hermitish/14892-10170/locust-lutrine/gastrorrhagia.shtm HTTP/1.0" 200 16478 "-" "Mozilla/5.0 (compatible; Googlebot/2.1; +http://www.google.com/bot.html)"
108.162.246.7 - - [20/Jul/2017:19:14:16 +0000] "GET /jaufez/hermitish/14892-6907/joist-lutrine/gastrorrhagia.shtm HTTP/1.1" 301 674 "-" "Mozilla/5.0 (compatible; Googlebot/2.1; +http://www.google.com/bot.html)"
162.158.6.108 - - [20/Jul/2017:19:14:18 +0000] "GET / HTTP/1.1" 301 554 "-" "WHR"
108.162.246.7 - - [20/Jul/2017:19:14:17 +0000] "GET /jaufez/hermitish/14892-6907/joist-lutrine/gastrorrhagia.shtm HTTP/1.0" 200 15342 "-" "Mozilla/5.0 (compatible; Googlebot/2.1; +http://www.google.com/bot.html)"
162.158.6.42 - - [20/Jul/2017:19:15:32 +0000] "GET / HTTP/1.1" 301 566 "-" "WHR"
108.162.245.108 - - [20/Jul/2017:19:15:30 +0000] "GET /jaufez/hermitish/14892-511/depilate-lutrine/gastrorrhagia.shtm HTTP/1.1" 200 16197 "-" "Mozilla/5.0 (Linux; Android 6.0.1; Nexus 5X Build/MMB29P) AppleWebKit/537.36 (KHTML, like Gecko) Chrome/41.0.2272.96 Mobile Safari/537.36 (compatible; Googlebot/2.1; +http://www.google.com/bot.html)"
108.162.246.199 - - [20/Jul/2017:19:20:43 +0000] "GET /jaufez/hermitish/14892-2255/cottonee-lutrine/gastrorrhagia.shtm HTTP/1.1" 301 680 "-" "Mozilla/5.0 (Linux; Android 6.0.1; Nexus 5X Build/MMB29P) AppleWebKit/537.36 (KHTML, like Gecko) Chrome/41.0.2272.96 Mobile Safari/537.36 (compatible; Googlebot/2.1; +http://www.google.com/bot.html)"
162.158.6.108 - - [20/Jul/2017:19:20:46 +0000] "GET / HTTP/1.1" 301 554 "-" "WHR"
108.162.246.199 - - [20/Jul/2017:19:20:44 +0000] "GET /jaufez/hermitish/14892-2255/cottonee-lutrine/gastrorrhagia.shtm HTTP/1.0" 200 15233 "-" "Mozilla/5.0 (Linux; Android 6.0.1; Nexus 5X Build/MMB29P) AppleWebKit/537.36 (KHTML, like Gecko) Chrome/41.0.2272.96 Mobile Safari/537.36 (compatible; Googlebot/2.1; +http://www.google.com/bot.html)"
108.162.245.240 - - [20/Jul/2017:19:20:47 +0000] "GET / HTTP/1.1" 200 14554 "-" "Mozilla/5.0 (compatible; Googlebot/2.1; +http://www.google.com/bot.html)"
162.158.6.108 - - [20/Jul/2017:19:25:52 +0000] "GET / HTTP/1.1" 301 554 "-" "WHR"
108.162.245.60 - - [20/Jul/2017:19:25:50 +0000] "GET /jaufez/hermitish/14892-23371/joist-lutrine/gastrorrhagia.shtm HTTP/1.1" 200 15440 "-" "Mozilla/5.0 (compatible; Googlebot/2.1; +http://www.google.com/bot.html)"
108.162.245.72 - - [20/Jul/2017:19:26:46 +0000] "GET /artikel/0?page=1 HTTP/1.1" 301 586 "-" "Mozilla/5.0 (compatible; DotBot/1.1; http://www.opensiteexplorer.org/dotbot, help@moz.com)"
108.162.245.72 - - [20/Jul/2017:19:26:49 +0000] "GET /artikel_detail/41 HTTP/1.1" 301 588 "-" "Mozilla/5.0 (compatible; DotBot/1.1; http://www.opensiteexplorer.org/dotbot, help@moz.com)"
162.158.6.108 - - [20/Jul/2017:19:35:50 +0000] "GET / HTTP/1.1" 301 554 "-" "WHR"
162.158.106.62 - - [20/Jul/2017:19:35:48 +0000] "GET /jaufez/hermitish/14892-25430/bummler-lutrine/gastrorrhagia.shtm HTTP/1.1" 200 14774 "-" "Mozilla/5.0 (compatible; Googlebot/2.1; +http://www.google.com/bot.html)"
162.158.6.42 - - [20/Jul/2017:19:41:03 +0000] "GET / HTTP/1.1" 301 566 "-" "WHR"
108.162.245.66 - - [20/Jul/2017:19:41:00 +0000] "GET / HTTP/1.1" 200 14743 "-" "Mozilla/5.0 (compatible; Googlebot/2.1; +http://www.google.com/bot.html)"
162.158.111.39 - - [20/Jul/2017:19:41:18 +0000] "GET /artikel_detail/28 HTTP/1.1" 200 8219 "-" "Mozilla/5.0 (compatible; AhrefsBot/5.2; +http://ahrefs.com/robot/)"
108.162.245.66 - - [20/Jul/2017:19:41:20 +0000] "GET /jaufez/hermitish/14892-9733/detestably-lutrine/gastrorrhagia.shtm HTTP/1.1" 200 14660 "-" "Mozilla/5.0 (compatible; Googlebot/2.1; +http://www.google.com/bot.html)"
172.68.10.60 - - [20/Jul/2017:19:42:56 +0000] "GET /cuprimer_detail/35 HTTP/1.1" 200 7298 "-" "Mozilla/5.0 (compatible; YandexBot/3.0; +http://yandex.com/bots)"
108.162.245.156 - - [20/Jul/2017:19:46:00 +0000] "GET /jaufez/hermitish/14892-21652/megalohepatia-lutrine/gastrorrhagia.shtm HTTP/1.1" 301 692 "-" "Mozilla/5.0 (compatible; Googlebot/2.1; +http://www.google.com/bot.html)"
162.158.6.108 - - [20/Jul/2017:19:46:03 +0000] "GET / HTTP/1.1" 301 554 "-" "WHR"
108.162.245.156 - - [20/Jul/2017:19:46:01 +0000] "GET /jaufez/hermitish/14892-21652/megalohepatia-lutrine/gastrorrhagia.shtm HTTP/1.0" 200 15039 "-" "Mozilla/5.0 (compatible; Googlebot/2.1; +http://www.google.com/bot.html)"
141.101.88.120 - - [20/Jul/2017:19:51:07 +0000] "GET /artikel_detail/14 HTTP/1.1" 301 588 "-" "Mozilla/5.0 (compatible; AhrefsBot/5.2; +http://ahrefs.com/robot/)"
108.162.245.60 - - [20/Jul/2017:19:51:10 +0000] "GET /pelayanan HTTP/1.1" 301 584 "-" "Mozilla/5.0 (compatible; Googlebot/2.1; +http://www.google.com/bot.html)"
162.158.6.42 - - [20/Jul/2017:19:51:13 +0000] "GET / HTTP/1.1" 301 566 "-" "WHR"
108.162.245.60 - - [20/Jul/2017:19:51:11 +0000] "GET /pelayanan HTTP/1.0" 200 16084 "-" "Mozilla/5.0 (compatible; Googlebot/2.1; +http://www.google.com/bot.html)"
162.158.6.108 - - [20/Jul/2017:19:51:16 +0000] "GET / HTTP/1.1" 301 554 "-" "WHR"
108.162.245.42 - - [20/Jul/2017:19:51:14 +0000] "GET /jaufez/hermitish/14892-16567/depilate-lutrine/gastrorrhagia.shtm HTTP/1.1" 200 16287 "-" "Mozilla/5.0 (compatible; Googlebot/2.1; +http://www.google.com/bot.html)"
162.158.6.108 - - [20/Jul/2017:19:56:22 +0000] "GET / HTTP/1.1" 301 554 "-" "WHR"
108.162.246.13 - - [20/Jul/2017:19:56:20 +0000] "GET /jaufez/hermitish/14892-15205/detestably-lutrine/gastrorrhagia.shtm HTTP/1.1" 200 15217 "-" "Mozilla/5.0 (compatible; Googlebot/2.1; +http://www.google.com/bot.html)"
108.162.246.73 - - [20/Jul/2017:19:56:23 +0000] "GET /jaufez/hermitish/14892-24866/dyscrystalline-lutrine/gastrorrhagia.shtm HTTP/1.1" 200 14839 "-" "Mozilla/5.0 (compatible; Googlebot/2.1; +http://www.google.com/bot.html)"
108.162.246.13 - - [20/Jul/2017:20:01:29 +0000] "GET /cuprimer_detail/8 HTTP/1.1" 301 600 "-" "Mozilla/5.0 (compatible; Googlebot/2.1; +http://www.google.com/bot.html)"
162.158.6.42 - - [20/Jul/2017:20:01:32 +0000] "GET / HTTP/1.1" 301 566 "-" "WHR"
108.162.246.13 - - [20/Jul/2017:20:01:30 +0000] "GET /cuprimer_detail/8 HTTP/1.0" 200 15902 "-" "Mozilla/5.0 (compatible; Googlebot/2.1; +http://www.google.com/bot.html)"
162.158.63.6 - - [20/Jul/2017:20:04:48 +0000] "GET / HTTP/1.1" 301 554 "-" "Mozilla/5.0 (X11; Linux x86_64) AppleWebKit/537.36 (KHTML, like Gecko) Chrome/43.0.2357.134 Safari/537.36 http://notifyninja.com/monitoring"
